192.168.0.26 - - [19/Jul/2023:10:34:07 +0000] "POST /admission/petition/loadFromVIS HTTP/1.1" 303 338 "https://arm.vatholm.ru/admission/petition/loadFromVIS" "Mozilla/5.0 (Windows NT 10.0; WOW64) AppleWebKit/537.36 (KHTML, like Gecko) Chrome/108.0.0.0 YaBrowser/23.1.2.939 (corp) Yowser/2.5 Safari/537.36"
192.168.0.26 - - [19/Jul/2023:10:34:07 +0000] "GET /.well-known/mercure?topic=popup-notify HTTP/1.1" 200 84 "https://arm.vatholm.ru/admission/petition/" "Mozilla/5.0 (Windows NT 10.0; WOW64) AppleWebKit/537.36 (KHTML, like Gecko) Chrome/108.0.0.0 YaBrowser/23.1.2.939 (corp) Yowser/2.5 Safari/537.36"
192.168.0.26 - - [19/Jul/2023:10:34:07 +0000] "GET /admission/petition/ HTTP/1.1" 200 1514368 "https://arm.vatholm.ru/admission/petition/loadFromVIS" "Mozilla/5.0 (Windows NT 10.0; WOW64) AppleWebKit/537.36 (KHTML, like Gecko) Chrome/108.0.0.0 YaBrowser/23.1.2.939 (corp) Yowser/2.5 Safari/537.36"
192.168.0.26 - - [19/Jul/2023:10:34:08 +0000] "GET /_wdt/cd432f HTTP/1.1" 200 26827 "https://arm.vatholm.ru/admission/petition/" "Mozilla/5.0 (Windows NT 10.0; WOW64) AppleWebKit/537.36 (KHTML, like Gecko) Chrome/108.0.0.0 YaBrowser/23.1.2.939 (corp) Yowser/2.5 Safari/537.36"
192.168.0.26 - - [19/Jul/2023:10:34:16 +0000] "GET /.well-known/mercure?topic=popup-notify HTTP/1.1" 200 7 "https://arm.vatholm.ru/admission/petition/" "Mozilla/5.0 (Windows NT 10.0; WOW64) AppleWebKit/537.36 (KHTML, like Gecko) Chrome/108.0.0.0 YaBrowser/23.1.2.939 (corp) Yowser/2.5 Safari/537.36"
192.168.0.26 - - [19/Jul/2023:10:34:16 +0000] "GET /admission/petition/ HTTP/1.1" 200 1517280 "https://arm.vatholm.ru/admission/petition/loadFromVIS" "Mozilla/5.0 (Windows NT 10.0; WOW64) AppleWebKit/537.36 (KHTML, like Gecko) Chrome/108.0.0.0 YaBrowser/23.1.2.939 (corp) Yowser/2.5 Safari/537.36"
192.168.0.26 - - [19/Jul/2023:10:34:17 +0000] "GET /_wdt/08d020 HTTP/1.1" 200 25600 "https://arm.vatholm.ru/admission/petition/" "Mozilla/5.0 (Windows NT 10.0; WOW64) AppleWebKit/537.36 (KHTML, like Gecko) Chrome/108.0.0.0 YaBrowser/23.1.2.939 (corp) Yowser/2.5 Safari/537.36"
192.168.0.26 - - [19/Jul/2023:10:34:20 +0000] "GET /admission/petition/3107/edit HTTP/1.1" 200 645096 "https://arm.vatholm.ru/admission/petition/" "Mozilla/5.0 (Windows NT 10.0; WOW64) AppleWebKit/537.36 (KHTML, like Gecko) Chrome/108.0.0.0 YaBrowser/23.1.2.939 (corp) Yowser/2.5 Safari/537.36"
192.168.0.26 - - [19/Jul/2023:10:34:20 +0000] "GET /.well-known/mercure?topic=popup-notify HTTP/1.1" 200 255 "https://arm.vatholm.ru/admission/petition/loadFromVIS" "Mozilla/5.0 (Windows NT 10.0; WOW64) AppleWebKit/537.36 (KHTML, like Gecko) Chrome/108.0.0.0 YaBrowser/23.1.2.939 (corp) Yowser/2.5 Safari/537.36"
192.168.0.26 - - [19/Jul/2023:10:34:20 +0000] "GET /_wdt/c693a7 HTTP/1.1" 200 155700 "https://arm.vatholm.ru/admission/petition/3107/edit" "Mozilla/5.0 (Windows NT 10.0; WOW64) AppleWebKit/537.36 (KHTML, like Gecko) Chrome/108.0.0.0 YaBrowser/23.1.2.939 (corp) Yowser/2.5 Safari/537.36"
10.1.88.254 - - [19/Jul/2023:10:34:27 +0000] "GET /.well-known/mercure?topic=popup-notify HTTP/1.1" 200 358 "https://arm.vatholm.ru/admission/dashboard/" "Mozilla/5.0 (Windows NT 10.0; Win64; x64) AppleWebKit/537.36 (KHTML, like Gecko) Chrome/112.0.0.0 YaBrowser/23.5.2.625 Yowser/2.5 Safari/537.36"
192.168.0.26 - - [19/Jul/2023:10:34:46 +0000] "POST /admission/petition/3107/edit HTTP/1.1" 303 338 "https://arm.vatholm.ru/admission/petition/3107/edit" "Mozilla/5.0 (Windows NT 10.0; WOW64) AppleWebKit/537.36 (KHTML, like Gecko) Chrome/108.0.0.0 YaBrowser/23.1.2.939 (corp) Yowser/2.5 Safari/537.36"
192.168.0.26 - - [19/Jul/2023:10:34:46 +0000] "GET /.well-known/mercure?topic=popup-notify HTTP/1.1" 200 7 "https://arm.vatholm.ru/admission/petition/" "Mozilla/5.0 (Windows NT 10.0; WOW64) AppleWebKit/537.36 (KHTML, like Gecko) Chrome/108.0.0.0 YaBrowser/23.1.2.939 (corp) Yowser/2.5 Safari/537.36"
192.168.0.26 - - [19/Jul/2023:10:34:46 +0000] "GET /admission/petition/ HTTP/1.1" 200 1517297 "https://arm.vatholm.ru/admission/petition/3107/edit" "Mozilla/5.0 (Windows NT 10.0; WOW64) AppleWebKit/537.36 (KHTML, like Gecko) Chrome/108.0.0.0 YaBrowser/23.1.2.939 (corp) Yowser/2.5 Safari/537.36"
192.168.0.26 - - [19/Jul/2023:10:34:47 +0000] "GET /_wdt/16737e HTTP/1.1" 200 26819 "https://arm.vatholm.ru/admission/petition/" "Mozilla/5.0 (Windows NT 10.0; WOW64) AppleWebKit/537.36 (KHTML, like Gecko) Chrome/108.0.0.0 YaBrowser/23.1.2.939 (corp) Yowser/2.5 Safari/537.36"
192.168.0.26 - - [19/Jul/2023:10:34:50 +0000] "GET /.well-known/mercure?topic=popup-notify HTTP/1.1" 200 7 "https://arm.vatholm.ru/admission/petition/" "Mozilla/5.0 (Windows NT 10.0; WOW64) AppleWebKit/537.36 (KHTML, like Gecko) Chrome/108.0.0.0 YaBrowser/23.1.2.939 (corp) Yowser/2.5 Safari/537.36"
192.168.0.26 - - [19/Jul/2023:10:34:50 +0000] "GET /admission/petition/ HTTP/1.1" 200 1517306 "https://arm.vatholm.ru/admission/petition/3107/edit" "Mozilla/5.0 (Windows NT 10.0; WOW64) AppleWebKit/537.36 (KHTML, like Gecko) Chrome/108.0.0.0 YaBrowser/23.1.2.939 (corp) Yowser/2.5 Safari/537.36"
192.168.0.26 - - [19/Jul/2023:10:34:51 +0000] "GET /_wdt/ce04c1 HTTP/1.1" 200 25599 "https://arm.vatholm.ru/admission/petition/" "Mozilla/5.0 (Windows NT 10.0; WOW64) AppleWebKit/537.36 (KHTML, like Gecko) Chrome/108.0.0.0 YaBrowser/23.1.2.939 (corp) Yowser/2.5 Safari/537.36"
192.168.0.26 - - [19/Jul/2023:10:34:55 +0000] "GET /.well-known/mercure?topic=popup-notify HTTP/1.1" 200 7 "https://arm.vatholm.ru/admission/petition/" "Mozilla/5.0 (Windows NT 10.0; WOW64) AppleWebKit/537.36 (KHTML, like Gecko) Chrome/108.0.0.0 YaBrowser/23.1.2.939 (corp) Yowser/2.5 Safari/537.36"
192.168.0.26 - - [19/Jul/2023:10:34:55 +0000] "GET /.well-known/mercure?topic=popup-notify HTTP/1.1" 200 7 "https://arm.vatholm.ru/admission/petition/3107/edit" "Mozilla/5.0 (Windows NT 10.0; WOW64) AppleWebKit/537.36 (KHTML, like Gecko) Chrome/108.0.0.0 YaBrowser/23.1.2.939 (corp) Yowser/2.5 Safari/537.36"
192.168.0.188 - - [19/Jul/2023:10:36:01 +0000] "GET /.well-known/mercure?topic=popup-notify HTTP/1.1" 200 358 "https://arm.vatholm.ru/admission/petition/" "Mozilla/5.0 (Windows NT 10.0; Win64; x64) AppleWebKit/537.36 (KHTML, like Gecko) Chrome/108.0.0.0 YaBrowser/23.1.2.931 (corp) Yowser/2.5 Safari/537.36"
10.1.88.254 - - [19/Jul/2023:10:38:28 +0000] "GET /.well-known/mercure?topic=popup-notify HTTP/1.1" 200 358 "https://arm.vatholm.ru/contingent/document/" "Mozilla/5.0 (Windows NT 10.0; Win64; x64) AppleWebKit/537.36 (KHTML, like Gecko) Chrome/112.0.0.0 YaBrowser/23.5.2.625 Yowser/2.5 Safari/537.36"
10.1.88.254 - - [19/Jul/2023:10:39:21 +0000] "GET /.well-known/mercure?topic=popup-notify HTTP/1.1" 200 358 "https://arm.vatholm.ru/admission/petition/" "Mozilla/5.0 (Windows NT 10.0; Win64; x64) AppleWebKit/537.36 (KHTML, like Gecko) Chrome/112.0.0.0 YaBrowser/23.5.2.625 Yowser/2.5 Safari/537.36"
10.1.88.254 - - [19/Jul/2023:10:43:41 +0000] "GET /.well-known/mercure?topic=popup-notify HTTP/1.1" 200 358 "https://arm.vatholm.ru/education/subjects/" "Mozilla/5.0 (Windows NT 10.0; Win64; x64) AppleWebKit/537.36 (KHTML, like Gecko) Chrome/112.0.0.0 YaBrowser/23.5.2.625 Yowser/2.5 Safari/537.36"
192.168.0.188 - - [19/Jul/2023:10:44:03 +0000] "GET /.well-known/mercure?topic=popup-notify HTTP/1.1" 200 358 "https://arm.vatholm.ru/admission/petition/3092/edit" "Mozilla/5.0 (Windows NT 10.0; Win64; x64) AppleWebKit/537.36 (KHTML, like Gecko) Chrome/108.0.0.0 YaBrowser/23.1.2.931 (corp) Yowser/2.5 Safari/537.36"
10.1.88.254 - - [19/Jul/2023:10:44:25 +0000] "GET /.well-known/mercure?topic=popup-notify HTTP/1.1" 200 110 "https://arm.vatholm.ru/admission/dashboard/" "Mozilla/5.0 (Windows NT 10.0; Win64; x64) AppleWebKit/537.36 (KHTML, like Gecko) Chrome/112.0.0.0 YaBrowser/23.5.2.625 Yowser/2.5 Safari/537.36"
192.168.0.188 - - [19/Jul/2023:10:46:00 +0000] "GET /.well-known/mercure?topic=popup-notify HTTP/1.1" 200 110 "https://arm.vatholm.ru/admission/petition/" "Mozilla/5.0 (Windows NT 10.0; Win64; x64) AppleWebKit/537.36 (KHTML, like Gecko) Chrome/108.0.0.0 YaBrowser/23.1.2.931 (corp) Yowser/2.5 Safari/537.36"
10.1.88.254 - - [19/Jul/2023:10:48:26 +0000] "GET /.well-known/mercure?topic=popup-notify HTTP/1.1" 200 110 "https://arm.vatholm.ru/contingent/document/" "Mozilla/5.0 (Windows NT 10.0; Win64; x64) AppleWebKit/537.36 (KHTML, like Gecko) Chrome/112.0.0.0 YaBrowser/23.5.2.625 Yowser/2.5 Safari/537.36"
10.1.88.254 - - [19/Jul/2023:10:49:19 +0000] "GET /.well-known/mercure?topic=popup-notify HTTP/1.1" 200 110 "https://arm.vatholm.ru/admission/petition/" "Mozilla/5.0 (Windows NT 10.0; Win64; x64) AppleWebKit/537.36 (KHTML, like Gecko) Chrome/112.0.0.0 YaBrowser/23.5.2.625 Yowser/2.5 Safari/537.36"
10.1.88.254 - - [19/Jul/2023:10:53:39 +0000] "GET /.well-known/mercure?topic=popup-notify HTTP/1.1" 200 110 "https://arm.vatholm.ru/education/subjects/" "Mozilla/5.0 (Windows NT 10.0; Win64; x64) AppleWebKit/537.36 (KHTML, like Gecko) Chrome/112.0.0.0 YaBrowser/23.5.2.625 Yowser/2.5 Safari/537.36"
192.168.0.188 - - [19/Jul/2023:10:54:02 +0000] "GET /.well-known/mercure?topic=popup-notify HTTP/1.1" 200 110 "https://arm.vatholm.ru/admission/petition/3092/edit" "Mozilla/5.0 (Windows NT 10.0; Win64; x64) AppleWebKit/537.36 (KHTML, like Gecko) Chrome/108.0.0.0 YaBrowser/23.1.2.931 (corp) Yowser/2.5 Safari/537.36"
10.1.88.254 - - [19/Jul/2023:10:54:23 +0000] "GET /.well-known/mercure?topic=popup-notify HTTP/1.1" 200 110 "https://arm.vatholm.ru/admission/dashboard/" "Mozilla/5.0 (Windows NT 10.0; Win64; x64) AppleWebKit/537.36 (KHTML, like Gecko) Chrome/112.0.0.0 YaBrowser/23.5.2.625 Yowser/2.5 Safari/537.36"
192.168.0.188 - - [19/Jul/2023:10:55:58 +0000] "GET /.well-known/mercure?topic=popup-notify HTTP/1.1" 200 110 "https://arm.vatholm.ru/admission/petition/" "Mozilla/5.0 (Windows NT 10.0; Win64; x64) AppleWebKit/537.36 (KHTML, like Gecko) Chrome/108.0.0.0 YaBrowser/23.1.2.931 (corp) Yowser/2.5 Safari/537.36"
10.1.88.254 - - [19/Jul/2023:10:58:24 +0000] "GET /.well-known/mercure?topic=popup-notify HTTP/1.1" 200 110 "https://arm.vatholm.ru/contingent/document/" "Mozilla/5.0 (Windows NT 10.0; Win64; x64) AppleWebKit/537.36 (KHTML, like Gecko) Chrome/112.0.0.0 YaBrowser/23.5.2.625 Yowser/2.5 Safari/537.36"
10.1.88.254 - - [19/Jul/2023:10:59:17 +0000] "GET /.well-known/mercure?topic=popup-notify HTTP/1.1" 200 110 "https://arm.vatholm.ru/admission/petition/" "Mozilla/5.0 (Windows NT 10.0; Win64; x64) AppleWebKit/537.36 (KHTML, like Gecko) Chrome/112.0.0.0 YaBrowser/23.5.2.625 Yowser/2.5 Safari/537.36"
10.1.88.254 - - [19/Jul/2023:11:03:37 +0000] "GET /.well-known/mercure?topic=popup-notify HTTP/1.1" 200 110 "https://arm.vatholm.ru/education/subjects/" "Mozilla/5.0 (Windows NT 10.0; Win64; x64) AppleWebKit/537.36 (KHTML, like Gecko) Chrome/112.0.0.0 YaBrowser/23.5.2.625 Yowser/2.5 Safari/537.36"
192.168.0.188 - - [19/Jul/2023:11:04:00 +0000] "GET /.well-known/mercure?topic=popup-notify HTTP/1.1" 200 110 "https://arm.vatholm.ru/admission/petition/3092/edit" "Mozilla/5.0 (Windows NT 10.0; Win64; x64) AppleWebKit/537.36 (KHTML, like Gecko) Chrome/108.0.0.0 YaBrowser/23.1.2.931 (corp) Yowser/2.5 Safari/537.36"
10.1.88.254 - - [19/Jul/2023:11:04:21 +0000] "GET /.well-known/mercure?topic=popup-notify HTTP/1.1" 200 110 "https://arm.vatholm.ru/admission/dashboard/" "Mozilla/5.0 (Windows NT 10.0; Win64; x64) AppleWebKit/537.36 (KHTML, like Gecko) Chrome/112.0.0.0 YaBrowser/23.5.2.625 Yowser/2.5 Safari/537.36"
192.168.0.188 - - [19/Jul/2023:11:05:56 +0000] "GET /.well-known/mercure?topic=popup-notify HTTP/1.1" 200 110 "https://arm.vatholm.ru/admission/petition/" "Mozilla/5.0 (Windows NT 10.0; Win64; x64) AppleWebKit/537.36 (KHTML, like Gecko) Chrome/108.0.0.0 YaBrowser/23.1.2.931 (corp) Yowser/2.5 Safari/537.36"
10.1.88.254 - - [19/Jul/2023:11:08:22 +0000] "GET /.well-known/mercure?topic=popup-notify HTTP/1.1" 200 110 "https://arm.vatholm.ru/contingent/document/" "Mozilla/5.0 (Windows NT 10.0; Win64; x64) AppleWebKit/537.36 (KHTML, like Gecko) Chrome/112.0.0.0 YaBrowser/23.5.2.625 Yowser/2.5 Safari/537.36"
10.1.88.254 - - [19/Jul/2023:11:09:15 +0000] "GET /.well-known/mercure?topic=popup-notify HTTP/1.1" 200 110 "https://arm.vatholm.ru/admission/petition/" "Mozilla/5.0 (Windows NT 10.0; Win64; x64) AppleWebKit/537.36 (KHTML, like Gecko) Chrome/112.0.0.0 YaBrowser/23.5.2.625 Yowser/2.5 Safari/537.36"
10.1.88.254 - - [19/Jul/2023:11:13:35 +0000] "GET /.well-known/mercure?topic=popup-notify HTTP/1.1" 200 110 "https://arm.vatholm.ru/education/subjects/" "Mozilla/5.0 (Windows NT 10.0; Win64; x64) AppleWebKit/537.36 (KHTML, like Gecko) Chrome/112.0.0.0 YaBrowser/23.5.2.625 Yowser/2.5 Safari/537.36"
192.168.0.188 - - [19/Jul/2023:11:13:58 +0000] "GET /.well-known/mercure?topic=popup-notify HTTP/1.1" 200 110 "https://arm.vatholm.ru/admission/petition/3092/edit" "Mozilla/5.0 (Windows NT 10.0; Win64; x64) AppleWebKit/537.36 (KHTML, like Gecko) Chrome/108.0.0.0 YaBrowser/23.1.2.931 (corp) Yowser/2.5 Safari/537.36"
10.1.88.254 - - [19/Jul/2023:11:14:19 +0000] "GET /.well-known/mercure?topic=popup-notify HTTP/1.1" 200 110 "https://arm.vatholm.ru/admission/dashboard/" "Mozilla/5.0 (Windows NT 10.0; Win64; x64) AppleWebKit/537.36 (KHTML, like Gecko) Chrome/112.0.0.0 YaBrowser/23.5.2.625 Yowser/2.5 Safari/537.36"
192.168.0.188 - - [19/Jul/2023:11:15:55 +0000] "GET /.well-known/mercure?topic=popup-notify HTTP/1.1" 200 110 "https://arm.vatholm.ru/admission/petition/" "Mozilla/5.0 (Windows NT 10.0; Win64; x64) AppleWebKit/537.36 (KHTML, like Gecko) Chrome/108.0.0.0 YaBrowser/23.1.2.931 (corp) Yowser/2.5 Safari/537.36"
10.1.88.254 - - [19/Jul/2023:11:18:20 +0000] "GET /.well-known/mercure?topic=popup-notify HTTP/1.1" 200 110 "https://arm.vatholm.ru/contingent/document/" "Mozilla/5.0 (Windows NT 10.0; Win64; x64) AppleWebKit/537.36 (KHTML, like Gecko) Chrome/112.0.0.0 YaBrowser/23.5.2.625 Yowser/2.5 Safari/537.36"
10.1.88.254 - - [19/Jul/2023:11:19:13 +0000] "GET /.well-known/mercure?topic=popup-notify HTTP/1.1" 200 110 "https://arm.vatholm.ru/admission/petition/" "Mozilla/5.0 (Windows NT 10.0; Win64; x64) AppleWebKit/537.36 (KHTML, like Gecko) Chrome/112.0.0.0 YaBrowser/23.5.2.625 Yowser/2.5 Safari/537.36"
10.1.88.254 - - [19/Jul/2023:11:23:33 +0000] "GET /.well-known/mercure?topic=popup-notify HTTP/1.1" 200 110 "https://arm.vatholm.ru/education/subjects/" "Mozilla/5.0 (Windows NT 10.0; Win64; x64) AppleWebKit/537.36 (KHTML, like Gecko) Chrome/112.0.0.0 YaBrowser/23.5.2.625 Yowser/2.5 Safari/537.36"
192.168.0.188 - - [19/Jul/2023:11:23:56 +0000] "GET /.well-known/mercure?topic=popup-notify HTTP/1.1" 200 110 "https://arm.vatholm.ru/admission/petition/3092/edit" "Mozilla/5.0 (Windows NT 10.0; Win64; x64) AppleWebKit/537.36 (KHTML, like Gecko) Chrome/108.0.0.0 YaBrowser/23.1.2.931 (corp) Yowser/2.5 Safari/537.36"
10.1.88.254 - - [19/Jul/2023:11:24:17 +0000] "GET /.well-known/mercure?topic=popup-notify HTTP/1.1" 200 110 "https://arm.vatholm.ru/admission/dashboard/" "Mozilla/5.0 (Windows NT 10.0; Win64; x64) AppleWebKit/537.36 (KHTML, like Gecko) Chrome/112.0.0.0 YaBrowser/23.5.2.625 Yowser/2.5 Safari/537.36"
192.168.0.188 - - [19/Jul/2023:11:25:53 +0000] "GET /.well-known/mercure?topic=popup-notify HTTP/1.1" 200 110 "https://arm.vatholm.ru/admission/petition/" "Mozilla/5.0 (Windows NT 10.0; Win64; x64) AppleWebKit/537.36 (KHTML, like Gecko) Chrome/108.0.0.0 YaBrowser/23.1.2.931 (corp) Yowser/2.5 Safari/537.36"
10.1.88.254 - - [19/Jul/2023:11:28:19 +0000] "GET /.well-known/mercure?topic=popup-notify HTTP/1.1" 200 110 "https://arm.vatholm.ru/contingent/document/" "Mozilla/5.0 (Windows NT 10.0; Win64; x64) AppleWebKit/537.36 (KHTML, like Gecko) Chrome/112.0.0.0 YaBrowser/23.5.2.625 Yowser/2.5 Safari/537.36"
10.1.88.254 - - [19/Jul/2023:11:29:11 +0000] "GET /.well-known/mercure?topic=popup-notify HTTP/1.1" 200 110 "https://arm.vatholm.ru/admission/petition/" "Mozilla/5.0 (Windows NT 10.0; Win64; x64) AppleWebKit/537.36 (KHTML, like Gecko) Chrome/112.0.0.0 YaBrowser/23.5.2.625 Yowser/2.5 Safari/537.36"
10.1.88.254 - - [19/Jul/2023:11:33:31 +0000] "GET /.well-known/mercure?topic=popup-notify HTTP/1.1" 200 110 "https://arm.vatholm.ru/education/subjects/" "Mozilla/5.0 (Windows NT 10.0; Win64; x64) AppleWebKit/537.36 (KHTML, like Gecko) Chrome/112.0.0.0 YaBrowser/23.5.2.625 Yowser/2.5 Safari/537.36"
192.168.0.188 - - [19/Jul/2023:11:33:54 +0000] "GET /.well-known/mercure?topic=popup-notify HTTP/1.1" 200 110 "https://arm.vatholm.ru/admission/petition/3092/edit" "Mozilla/5.0 (Windows NT 10.0; Win64; x64) AppleWebKit/537.36 (KHTML, like Gecko) Chrome/108.0.0.0 YaBrowser/23.1.2.931 (corp) Yowser/2.5 Safari/537.36"
10.1.88.254 - - [19/Jul/2023:11:34:15 +0000] "GET /.well-known/mercure?topic=popup-notify HTTP/1.1" 200 110 "https://arm.vatholm.ru/admission/dashboard/" "Mozilla/5.0 (Windows NT 10.0; Win64; x64) AppleWebKit/537.36 (KHTML, like Gecko) Chrome/112.0.0.0 YaBrowser/23.5.2.625 Yowser/2.5 Safari/537.36"
192.168.0.188 - - [19/Jul/2023:11:35:51 +0000] "GET /.well-known/mercure?topic=popup-notify HTTP/1.1" 200 110 "https://arm.vatholm.ru/admission/petition/" "Mozilla/5.0 (Windows NT 10.0; Win64; x64) AppleWebKit/537.36 (KHTML, like Gecko) Chrome/108.0.0.0 YaBrowser/23.1.2.931 (corp) Yowser/2.5 Safari/537.36"
10.1.88.254 - - [19/Jul/2023:11:38:17 +0000] "GET /.well-known/mercure?topic=popup-notify HTTP/1.1" 200 110 "https://arm.vatholm.ru/contingent/document/" "Mozilla/5.0 (Windows NT 10.0; Win64; x64) AppleWebKit/537.36 (KHTML, like Gecko) Chrome/112.0.0.0 YaBrowser/23.5.2.625 Yowser/2.5 Safari/537.36"
10.1.88.254 - - [19/Jul/2023:11:39:09 +0000] "GET /.well-known/mercure?topic=popup-notify HTTP/1.1" 200 110 "https://arm.vatholm.ru/admission/petition/" "Mozilla/5.0 (Windows NT 10.0; Win64; x64) AppleWebKit/537.36 (KHTML, like Gecko) Chrome/112.0.0.0 YaBrowser/23.5.2.625 Yowser/2.5 Safari/537.36"
10.1.88.254 - - [19/Jul/2023:11:43:29 +0000] "GET /.well-known/mercure?topic=popup-notify HTTP/1.1" 200 110 "https://arm.vatholm.ru/education/subjects/" "Mozilla/5.0 (Windows NT 10.0; Win64; x64) AppleWebKit/537.36 (KHTML, like Gecko) Chrome/112.0.0.0 YaBrowser/23.5.2.625 Yowser/2.5 Safari/537.36"
192.168.0.188 - - [19/Jul/2023:11:43:52 +0000] "GET /.well-known/mercure?topic=popup-notify HTTP/1.1" 200 110 "https://arm.vatholm.ru/admission/petition/3092/edit" "Mozilla/5.0 (Windows NT 10.0; Win64; x64) AppleWebKit/537.36 (KHTML, like Gecko) Chrome/108.0.0.0 YaBrowser/23.1.2.931 (corp) Yowser/2.5 Safari/537.36"
10.1.88.254 - - [19/Jul/2023:11:44:13 +0000] "GET /.well-known/mercure?topic=popup-notify HTTP/1.1" 200 110 "https://arm.vatholm.ru/admission/dashboard/" "Mozilla/5.0 (Windows NT 10.0; Win64; x64) AppleWebKit/537.36 (KHTML, like Gecko) Chrome/112.0.0.0 YaBrowser/23.5.2.625 Yowser/2.5 Safari/537.36"
192.168.0.188 - - [19/Jul/2023:11:45:49 +0000] "GET /.well-known/mercure?topic=popup-notify HTTP/1.1" 200 110 "https://arm.vatholm.ru/admission/petition/" "Mozilla/5.0 (Windows NT 10.0; Win64; x64) AppleWebKit/537.36 (KHTML, like Gecko) Chrome/108.0.0.0 YaBrowser/23.1.2.931 (corp) Yowser/2.5 Safari/537.36"
10.1.88.254 - - [19/Jul/2023:11:48:15 +0000] "GET /.well-known/mercure?topic=popup-notify HTTP/1.1" 200 110 "https://arm.vatholm.ru/contingent/document/" "Mozilla/5.0 (Windows NT 10.0; Win64; x64) AppleWebKit/537.36 (KHTML, like Gecko) Chrome/112.0.0.0 YaBrowser/23.5.2.625 Yowser/2.5 Safari/537.36"
10.1.88.254 - - [19/Jul/2023:11:49:07 +0000] "GET /.well-known/mercure?topic=popup-notify HTTP/1.1" 200 110 "https://arm.vatholm.ru/admission/petition/" "Mozilla/5.0 (Windows NT 10.0; Win64; x64) AppleWebKit/537.36 (KHTML, like Gecko) Chrome/112.0.0.0 YaBrowser/23.5.2.625 Yowser/2.5 Safari/537.36"
192.168.0.26 - - [19/Jul/2023:11:49:24 +0000] "GET / HTTP/1.1" 302 286 "-" "Mozilla/5.0 (Windows NT 10.0; WOW64) AppleWebKit/537.36 (KHTML, like Gecko) Chrome/108.0.0.0 YaBrowser/23.1.2.939 (corp) Yowser/2.5 Safari/537.36"
192.168.0.26 - - [19/Jul/2023:11:49:24 +0000] "GET /secure HTTP/1.1" 302 302 "-" "Mozilla/5.0 (Windows NT 10.0; WOW64) AppleWebKit/537.36 (KHTML, like Gecko) Chrome/108.0.0.0 YaBrowser/23.1.2.939 (corp) Yowser/2.5 Safari/537.36"
192.168.0.26 - - [19/Jul/2023:11:49:25 +0000] "GET /dashboard/ HTTP/1.1" 200 286436 "-" "Mozilla/5.0 (Windows NT 10.0; WOW64) AppleWebKit/537.36 (KHTML, like Gecko) Chrome/108.0.0.0 YaBrowser/23.1.2.939 (corp) Yowser/2.5 Safari/537.36"
192.168.0.26 - - [19/Jul/2023:11:49:25 +0000] "GET /_wdt/d9f907 HTTP/1.1" 200 26604 "https://arm.vatholm.ru/dashboard/" "Mozilla/5.0 (Windows NT 10.0; WOW64) AppleWebKit/537.36 (KHTML, like Gecko) Chrome/108.0.0.0 YaBrowser/23.1.2.939 (corp) Yowser/2.5 Safari/537.36"
192.168.0.26 - - [19/Jul/2023:11:49:27 +0000] "GET /admission/petition/ HTTP/1.1" 200 1517357 "https://arm.vatholm.ru/dashboard/" "Mozilla/5.0 (Windows NT 10.0; WOW64) AppleWebKit/537.36 (KHTML, like Gecko) Chrome/108.0.0.0 YaBrowser/23.1.2.939 (corp) Yowser/2.5 Safari/537.36"
192.168.0.26 - - [19/Jul/2023:11:49:28 +0000] "GET /_wdt/147b8d HTTP/1.1" 200 25599 "https://arm.vatholm.ru/admission/petition/" "Mozilla/5.0 (Windows NT 10.0; WOW64) AppleWebKit/537.36 (KHTML, like Gecko) Chrome/108.0.0.0 YaBrowser/23.1.2.939 (corp) Yowser/2.5 Safari/537.36"
192.168.0.26 - - [19/Jul/2023:11:49:31 +0000] "GET /admission/petition/2780/edit HTTP/1.1" 200 645945 "https://arm.vatholm.ru/admission/petition/" "Mozilla/5.0 (Windows NT 10.0; WOW64) AppleWebKit/537.36 (KHTML, like Gecko) Chrome/108.0.0.0 YaBrowser/23.1.2.939 (corp) Yowser/2.5 Safari/537.36"
192.168.0.26 - - [19/Jul/2023:11:49:31 +0000] "GET /.well-known/mercure?topic=popup-notify HTTP/1.1" 200 7 "https://arm.vatholm.ru/dashboard/" "Mozilla/5.0 (Windows NT 10.0; WOW64) AppleWebKit/537.36 (KHTML, like Gecko) Chrome/108.0.0.0 YaBrowser/23.1.2.939 (corp) Yowser/2.5 Safari/537.36"
192.168.0.26 - - [19/Jul/2023:11:49:31 +0000] "GET /_wdt/bfb9f2 HTTP/1.1" 200 173910 "https://arm.vatholm.ru/admission/petition/2780/edit" "Mozilla/5.0 (Windows NT 10.0; WOW64) AppleWebKit/537.36 (KHTML, like Gecko) Chrome/108.0.0.0 YaBrowser/23.1.2.939 (corp) Yowser/2.5 Safari/537.36"
192.168.0.26 - - [19/Jul/2023:11:49:34 +0000] "POST /admission/petition/2780/edit HTTP/1.1" 303 338 "https://arm.vatholm.ru/admission/petition/2780/edit" "Mozilla/5.0 (Windows NT 10.0; WOW64) AppleWebKit/537.36 (KHTML, like Gecko) Chrome/108.0.0.0 YaBrowser/23.1.2.939 (corp) Yowser/2.5 Safari/537.36"
192.168.0.26 - - [19/Jul/2023:11:49:35 +0000] "GET /.well-known/mercure?topic=popup-notify HTTP/1.1" 200 7 "https://arm.vatholm.ru/admission/petition/" "Mozilla/5.0 (Windows NT 10.0; WOW64) AppleWebKit/537.36 (KHTML, like Gecko) Chrome/108.0.0.0 YaBrowser/23.1.2.939 (corp) Yowser/2.5 Safari/537.36"
192.168.0.26 - - [19/Jul/2023:11:49:35 +0000] "GET /admission/petition/ HTTP/1.1" 200 1517451 "https://arm.vatholm.ru/admission/petition/2780/edit" "Mozilla/5.0 (Windows NT 10.0; WOW64) AppleWebKit/537.36 (KHTML, like Gecko) Chrome/108.0.0.0 YaBrowser/23.1.2.939 (corp) Yowser/2.5 Safari/537.36"
192.168.0.26 - - [19/Jul/2023:11:49:36 +0000] "GET /_wdt/2ebbd4 HTTP/1.1" 200 26819 "https://arm.vatholm.ru/admission/petition/" "Mozilla/5.0 (Windows NT 10.0; WOW64) AppleWebKit/537.36 (KHTML, like Gecko) Chrome/108.0.0.0 YaBrowser/23.1.2.939 (corp) Yowser/2.5 Safari/537.36"
192.168.0.26 - - [19/Jul/2023:11:50:35 +0000] "GET /.well-known/mercure?topic=popup-notify HTTP/1.1" 200 14 "https://arm.vatholm.ru/admission/petition/2780/edit" "Mozilla/5.0 (Windows NT 10.0; WOW64) AppleWebKit/537.36 (KHTML, like Gecko) Chrome/108.0.0.0 YaBrowser/23.1.2.939 (corp) Yowser/2.5 Safari/537.36"
192.168.0.26 - - [19/Jul/2023:11:52:52 +0000] "GET /.well-known/mercure?topic=popup-notify HTTP/1.1" 200 35 "https://arm.vatholm.ru/admission/petition/" "Mozilla/5.0 (Windows NT 10.0; WOW64) AppleWebKit/537.36 (KHTML, like Gecko) Chrome/108.0.0.0 YaBrowser/23.1.2.939 (corp) Yowser/2.5 Safari/537.36"
192.168.0.26 - - [19/Jul/2023:11:52:59 +0000] "GET /favicon.ico HTTP/1.1" 404 306434 "-" "Mozilla/5.0 (Windows NT 10.0; WOW64) AppleWebKit/537.36 (KHTML, like Gecko) Chrome/108.0.0.0 YaBrowser/23.1.2.939 (corp) Yowser/2.5 Safari/537.36"
192.168.0.26 - - [19/Jul/2023:11:53:01 +0000] "GET / HTTP/1.1" 301 169 "-" "Mozilla/5.0 (Windows NT 10.0; WOW64) AppleWebKit/537.36 (KHTML, like Gecko) Chrome/108.0.0.0 YaBrowser/23.1.2.939 (corp) Yowser/2.5 Safari/537.36"
192.168.0.26 - - [19/Jul/2023:11:53:01 +0000] "GET / HTTP/1.1" 200 75713 "-" "Mozilla/5.0 (Windows NT 10.0; WOW64) AppleWebKit/537.36 (KHTML, like Gecko) Chrome/108.0.0.0 YaBrowser/23.1.2.939 (corp) Yowser/2.5 Safari/537.36"
192.168.0.26 - - [19/Jul/2023:11:53:01 +0000] "GET /assets/js/plugins/bootstrap-datepicker/css/bootstrap-datepicker3.min.css HTTP/1.1" 200 21100 "https://arm.vatholm.ru/" "Mozilla/5.0 (Windows NT 10.0; WOW64) AppleWebKit/537.36 (KHTML, like Gecko) Chrome/108.0.0.0 YaBrowser/23.1.2.939 (corp) Yowser/2.5 Safari/537.36"
192.168.0.26 - - [19/Jul/2023:11:53:01 +0000] "GET /assets/js/plugins/bootstrap-colorpicker/css/bootstrap-colorpicker.min.css HTTP/1.1" 200 9495 "https://arm.vatholm.ru/" "Mozilla/5.0 (Windows NT 10.0; WOW64) AppleWebKit/537.36 (KHTML, like Gecko) Chrome/108.0.0.0 YaBrowser/23.1.2.939 (corp) Yowser/2.5 Safari/537.36"
192.168.0.26 - - [19/Jul/2023:11:53:01 +0000] "GET /assets/js/plugins/ion-rangeslider/css/ion.rangeSlider.css HTTP/1.1" 200 13296 "https://arm.vatholm.ru/" "Mozilla/5.0 (Windows NT 10.0; WOW64) AppleWebKit/537.36 (KHTML, like Gecko) Chrome/108.0.0.0 YaBrowser/23.1.2.939 (corp) Yowser/2.5 Safari/537.36"
192.168.0.26 - - [19/Jul/2023:11:53:01 +0000] "GET /assets/js/plugins/dropzone/min/dropzone.min.css HTTP/1.1" 200 9830 "https://arm.vatholm.ru/" "Mozilla/5.0 (Windows NT 10.0; WOW64) AppleWebKit/537.36 (KHTML, like Gecko) Chrome/108.0.0.0 YaBrowser/23.1.2.939 (corp) Yowser/2.5 Safari/537.36"
192.168.0.26 - - [19/Jul/2023:11:53:01 +0000] "GET /assets/js/plugins/flatpickr/flatpickr.min.css HTTP/1.1" 200 16081 "https://arm.vatholm.ru/" "Mozilla/5.0 (Windows NT 10.0; WOW64) AppleWebKit/537.36 (KHTML, like Gecko) Chrome/108.0.0.0 YaBrowser/23.1.2.939 (corp) Yowser/2.5 Safari/537.36"
192.168.0.26 - - [19/Jul/2023:11:53:01 +0000] "GET /assets/js/plugins/easy-pie-chart/jquery.easypiechart.min.js HTTP/1.1" 200 3990 "https://arm.vatholm.ru/" "Mozilla/5.0 (Windows NT 10.0; WOW64) AppleWebKit/537.36 (KHTML, like Gecko) Chrome/108.0.0.0 YaBrowser/23.1.2.939 (corp) Yowser/2.5 Safari/537.36"
192.168.0.26 - - [19/Jul/2023:11:53:01 +0000] "GET /assets/js/oneui.app.min.js HTTP/1.1" 200 183643 "https://arm.vatholm.ru/" "Mozilla/5.0 (Windows NT 10.0; WOW64) AppleWebKit/537.36 (KHTML, like Gecko) Chrome/108.0.0.0 YaBrowser/23.1.2.939 (corp) Yowser/2.5 Safari/537.36"
192.168.0.26 - - [19/Jul/2023:11:53:01 +0000] "GET /assets/js/lib/jquery.min.js HTTP/1.1" 200 89501 "https://arm.vatholm.ru/" "Mozilla/5.0 (Windows NT 10.0; WOW64) AppleWebKit/537.36 (KHTML, like Gecko) Chrome/108.0.0.0 YaBrowser/23.1.2.939 (corp) Yowser/2.5 Safari/537.36"
192.168.0.26 - - [19/Jul/2023:11:53:01 +0000] "GET /assets/js/plugins/jquery-sparkline/jquery.sparkline.min.js HTTP/1.1" 200 62673 "https://arm.vatholm.ru/" "Mozilla/5.0 (Windows NT 10.0; WOW64) AppleWebKit/537.36 (KHTML, like Gecko) Chrome/108.0.0.0 YaBrowser/23.1.2.939 (corp) Yowser/2.5 Safari/537.36"
192.168.0.26 - - [19/Jul/2023:11:53:01 +0000] "GET /assets/js/plugins/select2/css/select2.min.css HTTP/1.1" 200 14966 "https://arm.vatholm.ru/" "Mozilla/5.0 (Windows NT 10.0; WOW64) AppleWebKit/537.36 (KHTML, like Gecko) Chrome/108.0.0.0 YaBrowser/23.1.2.939 (corp) Yowser/2.5 Safari/537.36"
192.168.0.26 - - [19/Jul/2023:11:53:01 +0000] "GET /assets/js/pages/be_comp_charts.min.js HTTP/1.1" 200 2410 "https://arm.vatholm.ru/" "Mozilla/5.0 (Windows NT 10.0; WOW64) AppleWebKit/537.36 (KHTML, like Gecko) Chrome/108.0.0.0 YaBrowser/23.1.2.939 (corp) Yowser/2.5 Safari/537.36"
192.168.0.26 - - [19/Jul/2023:11:53:01 +0000] "GET /assets/js/plugins/chart.js/chart.min.js HTTP/1.1" 200 194890 "https://arm.vatholm.ru/" "Mozilla/5.0 (Windows NT 10.0; WOW64) AppleWebKit/537.36 (KHTML, like Gecko) Chrome/108.0.0.0 YaBrowser/23.1.2.939 (corp) Yowser/2.5 Safari/537.36"
192.168.0.26 - - [19/Jul/2023:11:53:01 +0000] "GET /assets/css/oneui.css HTTP/1.1" 200 1170808 "https://arm.vatholm.ru/" "Mozilla/5.0 (Windows NT 10.0; WOW64) AppleWebKit/537.36 (KHTML, like Gecko) Chrome/108.0.0.0 YaBrowser/23.1.2.939 (corp) Yowser/2.5 Safari/537.36"
192.168.0.26 - - [19/Jul/2023:11:53:01 +0000] "GET /assets/fonts/fontawesome/fa-solid-900.woff2 HTTP/1.1" 200 328480 "https://arm.vatholm.ru/assets/css/oneui.css" "Mozilla/5.0 (Windows NT 10.0; WOW64) AppleWebKit/537.36 (KHTML, like Gecko) Chrome/108.0.0.0 YaBrowser/23.1.2.939 (corp) Yowser/2.5 Safari/537.36"
192.168.0.26 - - [19/Jul/2023:11:53:01 +0000] "GET /_wdt/ee167c HTTP/1.1" 200 19315 "https://arm.vatholm.ru/" "Mozilla/5.0 (Windows NT 10.0; WOW64) AppleWebKit/537.36 (KHTML, like Gecko) Chrome/108.0.0.0 YaBrowser/23.1.2.939 (corp) Yowser/2.5 Safari/537.36"
192.168.0.26 - - [19/Jul/2023:11:53:02 +0000] "GET /assets/media/favicons/favicon.png HTTP/1.1" 200 428 "https://arm.vatholm.ru/" "Mozilla/5.0 (Windows NT 10.0; WOW64) AppleWebKit/537.36 (KHTML, like Gecko) Chrome/108.0.0.0 YaBrowser/23.1.2.939 (corp) Yowser/2.5 Safari/537.36"
192.168.0.26 - - [19/Jul/2023:11:53:04 +0000] "POST / HTTP/1.1" 302 374 "https://arm.vatholm.ru/" "Mozilla/5.0 (Windows NT 10.0; WOW64) AppleWebKit/537.36 (KHTML, like Gecko) Chrome/108.0.0.0 YaBrowser/23.1.2.939 (corp) Yowser/2.5 Safari/537.36"
192.168.0.26 - - [19/Jul/2023:11:53:04 +0000] "GET /secure HTTP/1.1" 302 302 "https://arm.vatholm.ru/" "Mozilla/5.0 (Windows NT 10.0; WOW64) AppleWebKit/537.36 (KHTML, like Gecko) Chrome/108.0.0.0 YaBrowser/23.1.2.939 (corp) Yowser/2.5 Safari/537.36"
192.168.0.26 - - [19/Jul/2023:11:53:04 +0000] "GET /dashboard/ HTTP/1.1" 200 281342 "https://arm.vatholm.ru/" "Mozilla/5.0 (Windows NT 10.0; WOW64) AppleWebKit/537.36 (KHTML, like Gecko) Chrome/108.0.0.0 YaBrowser/23.1.2.939 (corp) Yowser/2.5 Safari/537.36"
192.168.0.26 - - [19/Jul/2023:11:53:04 +0000] "GET /assets/js/plugins/datatables-bs5/css/dataTables.bootstrap5.min.css HTTP/1.1" 200 8144 "https://arm.vatholm.ru/dashboard/" "Mozilla/5.0 (Windows NT 10.0; WOW64) AppleWebKit/537.36 (KHTML, like Gecko) Chrome/108.0.0.0 YaBrowser/23.1.2.939 (corp) Yowser/2.5 Safari/537.36"
192.168.0.26 - - [19/Jul/2023:11:53:04 +0000] "GET /assets/js/plugins/datatables-buttons-bs5/css/buttons.bootstrap5.min.css HTTP/1.1" 200 9102 "https://arm.vatholm.ru/dashboard/" "Mozilla/5.0 (Windows NT 10.0; WOW64) AppleWebKit/537.36 (KHTML, like Gecko) Chrome/108.0.0.0 YaBrowser/23.1.2.939 (corp) Yowser/2.5 Safari/537.36"
192.168.0.26 - - [19/Jul/2023:11:53:04 +0000] "GET /assets/js/plugins/datatables-responsive-bs5/css/responsive.bootstrap5.min.css HTTP/1.1" 200 4301 "https://arm.vatholm.ru/dashboard/" "Mozilla/5.0 (Windows NT 10.0; WOW64) AppleWebKit/537.36 (KHTML, like Gecko) Chrome/108.0.0.0 YaBrowser/23.1.2.939 (corp) Yowser/2.5 Safari/537.36"
192.168.0.26 - - [19/Jul/2023:11:53:04 +0000] "GET /assets/media/avatars/avatar10.jpg HTTP/1.1" 200 946 "https://arm.vatholm.ru/dashboard/" "Mozilla/5.0 (Windows NT 10.0; WOW64) AppleWebKit/537.36 (KHTML, like Gecko) Chrome/108.0.0.0 YaBrowser/23.1.2.939 (corp) Yowser/2.5 Safari/537.36"
192.168.0.26 - - [19/Jul/2023:11:53:04 +0000] "GET /assets/media/avatars/avatar6.jpg HTTP/1.1" 200 946 "https://arm.vatholm.ru/dashboard/" "Mozilla/5.0 (Windows NT 10.0; WOW64) AppleWebKit/537.36 (KHTML, like Gecko) Chrome/108.0.0.0 YaBrowser/23.1.2.939 (corp) Yowser/2.5 Safari/537.36"
192.168.0.26 - - [19/Jul/2023:11:53:04 +0000] "GET /assets/media/avatars/avatar8.jpg HTTP/1.1" 200 946 "https://arm.vatholm.ru/dashboard/" "Mozilla/5.0 (Windows NT 10.0; WOW64) AppleWebKit/537.36 (KHTML, like Gecko) Chrome/108.0.0.0 YaBrowser/23.1.2.939 (corp) Yowser/2.5 Safari/537.36"
192.168.0.26 - - [19/Jul/2023:11:53:04 +0000] "GET /assets/media/avatars/avatar13.jpg HTTP/1.1" 200 946 "https://arm.vatholm.ru/dashboard/" "Mozilla/5.0 (Windows NT 10.0; WOW64) AppleWebKit/537.36 (KHTML, like Gecko) Chrome/108.0.0.0 YaBrowser/23.1.2.939 (corp) Yowser/2.5 Safari/537.36"
192.168.0.26 - - [19/Jul/2023:11:53:04 +0000] "GET /assets/fonts/simple-line-icons/Simple-Line-Icons.woff2?v=2.4.0 HTTP/1.1" 200 30064 "https://arm.vatholm.ru/assets/css/oneui.css" "Mozilla/5.0 (Windows NT 10.0; WOW64) AppleWebKit/537.36 (KHTML, like Gecko) Chrome/108.0.0.0 YaBrowser/23.1.2.939 (corp) Yowser/2.5 Safari/537.36"
192.168.0.26 - - [19/Jul/2023:11:53:04 +0000] "GET /assets/fonts/fontawesome/fa-regular-400.woff2 HTTP/1.1" 200 388876 "https://arm.vatholm.ru/assets/css/oneui.css" "Mozilla/5.0 (Windows NT 10.0; WOW64) AppleWebKit/537.36 (KHTML, like Gecko) Chrome/108.0.0.0 YaBrowser/23.1.2.939 (corp) Yowser/2.5 Safari/537.36"
192.168.0.26 - - [19/Jul/2023:11:53:04 +0000] "GET /assets/js/plugins/flatpickr/flatpickr.min.js HTTP/1.1" 200 49670 "https://arm.vatholm.ru/dashboard/" "Mozilla/5.0 (Windows NT 10.0; WOW64) AppleWebKit/537.36 (KHTML, like Gecko) Chrome/108.0.0.0 YaBrowser/23.1.2.939 (corp) Yowser/2.5 Safari/537.36"
192.168.0.26 - - [19/Jul/2023:11:53:04 +0000] "GET /assets/js/plugins/bootstrap-datepicker/js/bootstrap-datepicker.min.js HTTP/1.1" 200 33693 "https://arm.vatholm.ru/dashboard/" "Mozilla/5.0 (Windows NT 10.0; WOW64) AppleWebKit/537.36 (KHTML, like Gecko) Chrome/108.0.0.0 YaBrowser/23.1.2.939 (corp) Yowser/2.5 Safari/537.36"
192.168.0.26 - - [19/Jul/2023:11:53:04 +0000] "GET /assets/js/plugins/bootstrap-notify/bootstrap-notify.min.js HTTP/1.1" 200 7934 "https://arm.vatholm.ru/dashboard/" "Mozilla/5.0 (Windows NT 10.0; WOW64) AppleWebKit/537.36 (KHTML, like Gecko) Chrome/108.0.0.0 YaBrowser/23.1.2.939 (corp) Yowser/2.5 Safari/537.36"
192.168.0.26 - - [19/Jul/2023:11:53:04 +0000] "GET /assets/js/plugins/bootstrap-maxlength/bootstrap-maxlength.min.js HTTP/1.1" 200 8622 "https://arm.vatholm.ru/dashboard/" "Mozilla/5.0 (Windows NT 10.0; WOW64) AppleWebKit/537.36 (KHTML, like Gecko) Chrome/108.0.0.0 YaBrowser/23.1.2.939 (corp) Yowser/2.5 Safari/537.36"
192.168.0.26 - - [19/Jul/2023:11:53:04 +0000] "GET /assets/js/plugins/bootstrap-colorpicker/js/bootstrap-colorpicker.min.js HTTP/1.1" 200 98019 "https://arm.vatholm.ru/dashboard/" "Mozilla/5.0 (Windows NT 10.0; WOW64) AppleWebKit/537.36 (KHTML, like Gecko) Chrome/108.0.0.0 YaBrowser/23.1.2.939 (corp) Yowser/2.5 Safari/537.36"
192.168.0.26 - - [19/Jul/2023:11:53:04 +0000] "GET /assets/js/plugins/datatables/jquery.dataTables.min.js HTTP/1.1" 200 84027 "https://arm.vatholm.ru/dashboard/" "Mozilla/5.0 (Windows NT 10.0; WOW64) AppleWebKit/537.36 (KHTML, like Gecko) Chrome/108.0.0.0 YaBrowser/23.1.2.939 (corp) Yowser/2.5 Safari/537.36"
192.168.0.26 - - [19/Jul/2023:11:53:04 +0000] "GET /assets/js/plugins/datatables-bs5/js/dataTables.bootstrap5.min.js HTTP/1.1" 200 4480 "https://arm.vatholm.ru/dashboard/" "Mozilla/5.0 (Windows NT 10.0; WOW64) AppleWebKit/537.36 (KHTML, like Gecko) Chrome/108.0.0.0 YaBrowser/23.1.2.939 (corp) Yowser/2.5 Safari/537.36"
192.168.0.26 - - [19/Jul/2023:11:53:04 +0000] "GET /assets/js/plugins/datatables-responsive/js/dataTables.responsive.min.js HTTP/1.1" 200 16849 "https://arm.vatholm.ru/dashboard/" "Mozilla/5.0 (Windows NT 10.0; WOW64) AppleWebKit/537.36 (KHTML, like Gecko) Chrome/108.0.0.0 YaBrowser/23.1.2.939 (corp) Yowser/2.5 Safari/537.36"
192.168.0.26 - - [19/Jul/2023:11:53:04 +0000] "GET /assets/js/plugins/datatables-responsive-bs5/js/responsive.bootstrap5.min.js HTTP/1.1" 200 3683 "https://arm.vatholm.ru/dashboard/" "Mozilla/5.0 (Windows NT 10.0; WOW64) AppleWebKit/537.36 (KHTML, like Gecko) Chrome/108.0.0.0 YaBrowser/23.1.2.939 (corp) Yowser/2.5 Safari/537.36"
192.168.0.26 - - [19/Jul/2023:11:53:04 +0000] "GET /assets/js/plugins/datatables-buttons/dataTables.buttons.min.js HTTP/1.1" 200 25183 "https://arm.vatholm.ru/dashboard/" "Mozilla/5.0 (Windows NT 10.0; WOW64) AppleWebKit/537.36 (KHTML, like Gecko) Chrome/108.0.0.0 YaBrowser/23.1.2.939 (corp) Yowser/2.5 Safari/537.36"
192.168.0.26 - - [19/Jul/2023:11:53:04 +0000] "GET /assets/js/plugins/datatables-buttons-bs5/js/buttons.bootstrap5.min.js HTTP/1.1" 200 1443 "https://arm.vatholm.ru/dashboard/" "Mozilla/5.0 (Windows NT 10.0; WOW64) AppleWebKit/537.36 (KHTML, like Gecko) Chrome/108.0.0.0 YaBrowser/23.1.2.939 (corp) Yowser/2.5 Safari/537.36"
192.168.0.26 - - [19/Jul/2023:11:53:04 +0000] "GET /assets/js/plugins/datatables-buttons-jszip/jszip.min.js HTTP/1.1" 200 95778 "https://arm.vatholm.ru/dashboard/" "Mozilla/5.0 (Windows NT 10.0; WOW64) AppleWebKit/537.36 (KHTML, like Gecko) Chrome/108.0.0.0 YaBrowser/23.1.2.939 (corp) Yowser/2.5 Safari/537.36"
192.168.0.26 - - [19/Jul/2023:11:53:04 +0000] "GET /assets/js/plugins/datatables-buttons/buttons.print.min.js HTTP/1.1" 200 2514 "https://arm.vatholm.ru/dashboard/" "Mozilla/5.0 (Windows NT 10.0; WOW64) AppleWebKit/537.36 (KHTML, like Gecko) Chrome/108.0.0.0 YaBrowser/23.1.2.939 (corp) Yowser/2.5 Safari/537.36"
192.168.0.26 - - [19/Jul/2023:11:53:04 +0000] "GET /assets/js/pages/be_tables_datatables.min.js HTTP/1.1" 200 1767 "https://arm.vatholm.ru/dashboard/" "Mozilla/5.0 (Windows NT 10.0; WOW64) AppleWebKit/537.36 (KHTML, like Gecko) Chrome/108.0.0.0 YaBrowser/23.1.2.939 (corp) Yowser/2.5 Safari/537.36"
192.168.0.26 - - [19/Jul/2023:11:53:04 +0000] "GET /assets/js/plugins/datatables-buttons/buttons.html5.min.js HTTP/1.1" 200 25103 "https://arm.vatholm.ru/dashboard/" "Mozilla/5.0 (Windows NT 10.0; WOW64) AppleWebKit/537.36 (KHTML, like Gecko) Chrome/108.0.0.0 YaBrowser/23.1.2.939 (corp) Yowser/2.5 Safari/537.36"
192.168.0.26 - - [19/Jul/2023:11:53:05 +0000] "GET /assets/js/plugins/datatables-buttons-pdfmake/vfs_fonts.js HTTP/1.1" 200 812001 "https://arm.vatholm.ru/dashboard/" "Mozilla/5.0 (Windows NT 10.0; WOW64) AppleWebKit/537.36 (KHTML, like Gecko) Chrome/108.0.0.0 YaBrowser/23.1.2.939 (corp) Yowser/2.5 Safari/537.36"
192.168.0.26 - - [19/Jul/2023:11:53:05 +0000] "GET /assets/js/plugins/datatables-buttons-pdfmake/pdfmake.min.js HTTP/1.1" 200 1348857 "https://arm.vatholm.ru/dashboard/" "Mozilla/5.0 (Windows NT 10.0; WOW64) AppleWebKit/537.36 (KHTML, like Gecko) Chrome/108.0.0.0 YaBrowser/23.1.2.939 (corp) Yowser/2.5 Safari/537.36"
192.168.0.26 - - [19/Jul/2023:11:53:05 +0000] "GET /_wdt/7ce73b HTTP/1.1" 200 26602 "https://arm.vatholm.ru/dashboard/" "Mozilla/5.0 (Windows NT 10.0; WOW64) AppleWebKit/537.36 (KHTML, like Gecko) Chrome/108.0.0.0 YaBrowser/23.1.2.939 (corp) Yowser/2.5 Safari/537.36"
192.168.0.26 - - [19/Jul/2023:11:53:07 +0000] "GET /admission/petition/ HTTP/1.1" 200 1517433 "https://arm.vatholm.ru/dashboard/" "Mozilla/5.0 (Windows NT 10.0; WOW64) AppleWebKit/537.36 (KHTML, like Gecko) Chrome/108.0.0.0 YaBrowser/23.1.2.939 (corp) Yowser/2.5 Safari/537.36"
192.168.0.26 - - [19/Jul/2023:11:53:08 +0000] "GET /_wdt/105698 HTTP/1.1" 200 25600 "https://arm.vatholm.ru/admission/petition/" "Mozilla/5.0 (Windows NT 10.0; WOW64) AppleWebKit/537.36 (KHTML, like Gecko) Chrome/108.0.0.0 YaBrowser/23.1.2.939 (corp) Yowser/2.5 Safari/537.36"
10.1.88.254 - - [19/Jul/2023:11:53:27 +0000] "GET /.well-known/mercure?topic=popup-notify HTTP/1.1" 200 110 "https://arm.vatholm.ru/education/subjects/" "Mozilla/5.0 (Windows NT 10.0; Win64; x64) AppleWebKit/537.36 (KHTML, like Gecko) Chrome/112.0.0.0 YaBrowser/23.5.2.625 Yowser/2.5 Safari/537.36"
192.168.0.188 - - [19/Jul/2023:11:53:50 +0000] "GET /.well-known/mercure?topic=popup-notify HTTP/1.1" 200 110 "https://arm.vatholm.ru/admission/petition/3092/edit" "Mozilla/5.0 (Windows NT 10.0; Win64; x64) AppleWebKit/537.36 (KHTML, like Gecko) Chrome/108.0.0.0 YaBrowser/23.1.2.931 (corp) Yowser/2.5 Safari/537.36"
192.168.0.26 - - [19/Jul/2023:11:54:07 +0000] "GET /.well-known/mercure?topic=popup-notify HTTP/1.1" 200 14 "https://arm.vatholm.ru/dashboard/" "Mozilla/5.0 (Windows NT 10.0; WOW64) AppleWebKit/537.36 (KHTML, like Gecko) Chrome/108.0.0.0 YaBrowser/23.1.2.939 (corp) Yowser/2.5 Safari/537.36"
10.1.88.254 - - [19/Jul/2023:11:54:11 +0000] "GET /.well-known/mercure?topic=popup-notify HTTP/1.1" 200 110 "https://arm.vatholm.ru/admission/dashboard/" "Mozilla/5.0 (Windows NT 10.0; Win64; x64) AppleWebKit/537.36 (KHTML, like Gecko) Chrome/112.0.0.0 YaBrowser/23.5.2.625 Yowser/2.5 Safari/537.36"
10.1.88.254 - - [19/Jul/2023:11:54:19 +0000] "GET /admission/dashboard/ HTTP/1.1" 504 569 "https://arm.vatholm.ru/admission/petition/2760/edit" "Mozilla/5.0 (Windows NT 10.0; Win64; x64) AppleWebKit/537.36 (KHTML, like Gecko) Chrome/112.0.0.0 YaBrowser/23.5.2.625 Yowser/2.5 Safari/537.36"
10.1.88.254 - - [19/Jul/2023:11:54:19 +0000] "GET /.well-known/mercure?topic=popup-notify HTTP/1.1" 200 7 "https://arm.vatholm.ru/admission/dashboard/" "Mozilla/5.0 (Windows NT 10.0; Win64; x64) AppleWebKit/537.36 (KHTML, like Gecko) Chrome/112.0.0.0 YaBrowser/23.5.2.625 Yowser/2.5 Safari/537.36"
10.1.88.254 - - [19/Jul/2023:11:54:20 +0000] "GET /favicon.ico HTTP/1.1" 404 306812 "https://arm.vatholm.ru/admission/dashboard/" "Mozilla/5.0 (Windows NT 10.0; Win64; x64) AppleWebKit/537.36 (KHTML, like Gecko) Chrome/112.0.0.0 YaBrowser/23.5.2.625 Yowser/2.5 Safari/537.36"
10.1.88.254 - - [19/Jul/2023:11:54:46 +0000] "GET /admission/dashboard/ HTTP/1.1" 502 559 "https://arm.vatholm.ru/admission/petition/2760/edit" "Mozilla/5.0 (Windows NT 10.0; Win64; x64) AppleWebKit/537.36 (KHTML, like Gecko) Chrome/112.0.0.0 YaBrowser/23.5.2.625 Yowser/2.5 Safari/537.36"
10.1.88.254 - - [19/Jul/2023:11:54:54 +0000] "GET /admission/dashboard/ HTTP/1.1" 499 0 "https://arm.vatholm.ru/admission/petition/2760/edit" "Mozilla/5.0 (Windows NT 10.0; Win64; x64) AppleWebKit/537.36 (KHTML, like Gecko) Chrome/112.0.0.0 YaBrowser/23.5.2.625 Yowser/2.5 Safari/537.36"
10.1.88.254 - - [19/Jul/2023:11:55:02 +0000] "GET /admission/dashboard/ HTTP/1.1" 499 0 "https://arm.vatholm.ru/admission/petition/2760/edit" "Mozilla/5.0 (Windows NT 10.0; Win64; x64) AppleWebKit/537.36 (KHTML, like Gecko) Chrome/112.0.0.0 YaBrowser/23.5.2.625 Yowser/2.5 Safari/537.36"
10.1.88.254 - - [19/Jul/2023:11:56:03 +0000] "GET /admission/dashboard/ HTTP/1.1" 302 350 "https://arm.vatholm.ru/admission/petition/2760/edit" "Mozilla/5.0 (Windows NT 10.0; Win64; x64) AppleWebKit/537.36 (KHTML, like Gecko) Chrome/112.0.0.0 YaBrowser/23.5.2.625 Yowser/2.5 Safari/537.36"
10.1.88.254 - - [19/Jul/2023:11:56:03 +0000] "GET / HTTP/1.1" 200 75720 "https://arm.vatholm.ru/admission/petition/2760/edit" "Mozilla/5.0 (Windows NT 10.0; Win64; x64) AppleWebKit/537.36 (KHTML, like Gecko) Chrome/112.0.0.0 YaBrowser/23.5.2.625 Yowser/2.5 Safari/537.36"
10.1.88.254 - - [19/Jul/2023:11:56:03 +0000] "GET /_wdt/0cc733 HTTP/1.1" 200 20442 "https://arm.vatholm.ru/" "Mozilla/5.0 (Windows NT 10.0; Win64; x64) AppleWebKit/537.36 (KHTML, like Gecko) Chrome/112.0.0.0 YaBrowser/23.5.2.625 Yowser/2.5 Safari/537.36"
10.1.88.254 - - [19/Jul/2023:11:56:06 +0000] "POST / HTTP/1.1" 302 430 "https://arm.vatholm.ru/" "Mozilla/5.0 (Windows NT 10.0; Win64; x64) AppleWebKit/537.36 (KHTML, like Gecko) Chrome/112.0.0.0 YaBrowser/23.5.2.625 Yowser/2.5 Safari/537.36"
10.1.88.254 - - [19/Jul/2023:11:57:06 +0000] "GET /admission/dashboard/ HTTP/1.1" 504 569 "https://arm.vatholm.ru/" "Mozilla/5.0 (Windows NT 10.0; Win64; x64) AppleWebKit/537.36 (KHTML, like Gecko) Chrome/112.0.0.0 YaBrowser/23.5.2.625 Yowser/2.5 Safari/537.36"
10.1.88.254 - - [19/Jul/2023:11:57:14 +0000] "GET /admission/dashboard/ HTTP/1.1" 499 0 "https://arm.vatholm.ru/" "Mozilla/5.0 (Windows NT 10.0; Win64; x64) AppleWebKit/537.36 (KHTML, like Gecko) Chrome/112.0.0.0 YaBrowser/23.5.2.625 Yowser/2.5 Safari/537.36"
10.1.88.254 - - [19/Jul/2023:11:57:28 +0000] "GET / HTTP/1.1" 499 0 "-" "Mozilla/5.0 (Windows NT 10.0; Win64; x64) AppleWebKit/537.36 (KHTML, like Gecko) Chrome/112.0.0.0 YaBrowser/23.5.2.625 Yowser/2.5 Safari/537.36"
10.1.88.254 - - [19/Jul/2023:11:57:36 +0000] "GET / HTTP/1.1" 502 559 "-" "Mozilla/5.0 (Windows NT 10.0; Win64; x64) AppleWebKit/537.36 (KHTML, like Gecko) Chrome/112.0.0.0 YaBrowser/23.5.2.625 Yowser/2.5 Safari/537.36"
10.1.88.254 - - [19/Jul/2023:11:57:44 +0000] "GET / HTTP/1.1" 302 286 "-" "Mozilla/5.0 (Windows NT 10.0; Win64; x64) AppleWebKit/537.36 (KHTML, like Gecko) Chrome/112.0.0.0 YaBrowser/23.5.2.625 Yowser/2.5 Safari/537.36"
10.1.88.254 - - [19/Jul/2023:11:57:44 +0000] "GET /secure HTTP/1.1" 302 302 "-" "Mozilla/5.0 (Windows NT 10.0; Win64; x64) AppleWebKit/537.36 (KHTML, like Gecko) Chrome/112.0.0.0 YaBrowser/23.5.2.625 Yowser/2.5 Safari/537.36"
10.1.88.254 - - [19/Jul/2023:11:57:44 +0000] "GET /dashboard/ HTTP/1.1" 200 290433 "-" "Mozilla/5.0 (Windows NT 10.0; Win64; x64) AppleWebKit/537.36 (KHTML, like Gecko) Chrome/112.0.0.0 YaBrowser/23.5.2.625 Yowser/2.5 Safari/537.36"
10.1.88.254 - - [19/Jul/2023:11:57:45 +0000] "GET /_wdt/7e4142 HTTP/1.1" 200 80242 "https://arm.vatholm.ru/dashboard/" "Mozilla/5.0 (Windows NT 10.0; Win64; x64) AppleWebKit/537.36 (KHTML, like Gecko) Chrome/112.0.0.0 YaBrowser/23.5.2.625 Yowser/2.5 Safari/537.36"
10.1.88.254 - - [19/Jul/2023:11:58:05 +0000] "GET /admission/petition/ HTTP/1.1" 200 1525218 "https://arm.vatholm.ru/dashboard/" "Mozilla/5.0 (Windows NT 10.0; Win64; x64) AppleWebKit/537.36 (KHTML, like Gecko) Chrome/112.0.0.0 YaBrowser/23.5.2.625 Yowser/2.5 Safari/537.36"
10.1.88.254 - - [19/Jul/2023:11:58:07 +0000] "GET /_wdt/9b5c7e HTTP/1.1" 200 25765 "https://arm.vatholm.ru/admission/petition/" "Mozilla/5.0 (Windows NT 10.0; Win64; x64) AppleWebKit/537.36 (KHTML, like Gecko) Chrome/112.0.0.0 YaBrowser/23.5.2.625 Yowser/2.5 Safari/537.36"
10.1.88.254 - - [19/Jul/2023:11:59:05 +0000] "GET /.well-known/mercure?topic=popup-notify HTTP/1.1" 200 14 "https://arm.vatholm.ru/dashboard/" "Mozilla/5.0 (Windows NT 10.0; Win64; x64) AppleWebKit/537.36 (KHTML, like Gecko) Chrome/112.0.0.0 YaBrowser/23.5.2.625 Yowser/2.5 Safari/537.36"
10.1.88.254 - - [19/Jul/2023:11:59:05 +0000] "GET /admission/dashboard/ HTTP/1.1" 499 0 "https://arm.vatholm.ru/admission/petition/" "Mozilla/5.0 (Windows NT 10.0; Win64; x64) AppleWebKit/537.36 (KHTML, like Gecko) Chrome/112.0.0.0 YaBrowser/23.5.2.625 Yowser/2.5 Safari/537.36"
10.1.88.254 - - [19/Jul/2023:11:59:06 +0000] "GET /admission/plan/ HTTP/1.1" 499 0 "https://arm.vatholm.ru/admission/petition/" "Mozilla/5.0 (Windows NT 10.0; Win64; x64) AppleWebKit/537.36 (KHTML, like Gecko) Chrome/112.0.0.0 YaBrowser/23.5.2.625 Yowser/2.5 Safari/537.36"
10.1.88.254 - - [19/Jul/2023:11:59:08 +0000] "GET /admission/admissions/ HTTP/1.1" 200 134344 "https://arm.vatholm.ru/admission/petition/" "Mozilla/5.0 (Windows NT 10.0; Win64; x64) AppleWebKit/537.36 (KHTML, like Gecko) Chrome/112.0.0.0 YaBrowser/23.5.2.625 Yowser/2.5 Safari/537.36"
10.1.88.254 - - [19/Jul/2023:11:59:08 +0000] "GET /.well-known/mercure?topic=popup-notify HTTP/1.1" 200 14 "https://arm.vatholm.ru/admission/petition/" "Mozilla/5.0 (Windows NT 10.0; Win64; x64) AppleWebKit/537.36 (KHTML, like Gecko) Chrome/112.0.0.0 YaBrowser/23.5.2.625 Yowser/2.5 Safari/537.36"
10.1.88.254 - - [19/Jul/2023:11:59:08 +0000] "GET /_wdt/242172 HTTP/1.1" 200 25683 "https://arm.vatholm.ru/admission/admissions/" "Mozilla/5.0 (Windows NT 10.0; Win64; x64) AppleWebKit/537.36 (KHTML, like Gecko) Chrome/112.0.0.0 YaBrowser/23.5.2.625 Yowser/2.5 Safari/537.36"
10.1.88.254 - - [19/Jul/2023:11:59:50 +0000] "GET /admission/dashboard/ HTTP/1.1" 499 0 "https://arm.vatholm.ru/admission/admissions/" "Mozilla/5.0 (Windows NT 10.0; Win64; x64) AppleWebKit/537.36 (KHTML, like Gecko) Chrome/112.0.0.0 YaBrowser/23.5.2.625 Yowser/2.5 Safari/537.36"
10.1.88.254 - - [19/Jul/2023:12:00:18 +0000] "GET /.well-known/mercure?topic=popup-notify HTTP/1.1" 200 14 "https://arm.vatholm.ru/admission/admissions/" "Mozilla/5.0 (Windows NT 10.0; Win64; x64) AppleWebKit/537.36 (KHTML, like Gecko) Chrome/112.0.0.0 YaBrowser/23.5.2.625 Yowser/2.5 Safari/537.36"
10.1.88.254 - - [19/Jul/2023:12:00:18 +0000] "GET /admission/petition/ HTTP/1.1" 499 0 "https://arm.vatholm.ru/admission/admissions/" "Mozilla/5.0 (Windows NT 10.0; Win64; x64) AppleWebKit/537.36 (KHTML, like Gecko) Chrome/112.0.0.0 YaBrowser/23.5.2.625 Yowser/2.5 Safari/537.36"
10.1.88.254 - - [19/Jul/2023:12:00:29 +0000] "GET /admission/admissions/ HTTP/1.1" 499 0 "https://arm.vatholm.ru/admission/petition/" "Mozilla/5.0 (Windows NT 10.0; Win64; x64) AppleWebKit/537.36 (KHTML, like Gecko) Chrome/112.0.0.0 YaBrowser/23.5.2.625 Yowser/2.5 Safari/537.36"
10.1.88.254 - - [19/Jul/2023:12:00:39 +0000] "GET /admission/petition/ HTTP/1.1" 200 1525096 "https://arm.vatholm.ru/admission/admissions/" "Mozilla/5.0 (Windows NT 10.0; Win64; x64) AppleWebKit/537.36 (KHTML, like Gecko) Chrome/112.0.0.0 YaBrowser/23.5.2.625 Yowser/2.5 Safari/537.36"
10.1.88.254 - - [19/Jul/2023:12:00:42 +0000] "GET /_wdt/ebb676 HTTP/1.1" 200 25770 "https://arm.vatholm.ru/admission/petition/" "Mozilla/5.0 (Windows NT 10.0; Win64; x64) AppleWebKit/537.36 (KHTML, like Gecko) Chrome/112.0.0.0 YaBrowser/23.5.2.625 Yowser/2.5 Safari/537.36"
192.168.0.26 - - [19/Jul/2023:12:07:30 +0000] "GET /.well-known/mercure?topic=popup-notify HTTP/1.1" 200 110 "https://arm.vatholm.ru/admission/petition/" "Mozilla/5.0 (Windows NT 10.0; WOW64) AppleWebKit/537.36 (KHTML, like Gecko) Chrome/108.0.0.0 YaBrowser/23.1.2.939 (corp) Yowser/2.5 Safari/537.36"
10.1.88.254 - - [19/Jul/2023:12:07:30 +0000] "GET /.well-known/mercure?topic=popup-notify HTTP/1.1" 200 110 "https://arm.vatholm.ru/admission/petition/" "Mozilla/5.0 (Windows NT 10.0; Win64; x64) AppleWebKit/537.36 (KHTML, like Gecko) Chrome/112.0.0.0 YaBrowser/23.5.2.625 Yowser/2.5 Safari/537.36"
10.1.88.254 - - [19/Jul/2023:12:07:30 +0000] "GET /.well-known/mercure?topic=popup-notify HTTP/1.1" 200 110 "https://arm.vatholm.ru/education/subjects/" "Mozilla/5.0 (Windows NT 10.0; Win64; x64) AppleWebKit/537.36 (KHTML, like Gecko) Chrome/112.0.0.0 YaBrowser/23.5.2.625 Yowser/2.5 Safari/537.36"
10.1.88.254 - - [19/Jul/2023:12:07:30 +0000] "GET /.well-known/mercure?topic=popup-notify HTTP/1.1" 200 110 "https://arm.vatholm.ru/contingent/document/" "Mozilla/5.0 (Windows NT 10.0; Win64; x64) AppleWebKit/537.36 (KHTML, like Gecko) Chrome/112.0.0.0 YaBrowser/23.5.2.625 Yowser/2.5 Safari/537.36"
