192.168.0.26 - - [19/Jul/2023:07:27:27 +0000] "GET /admission/petition/loadFromVIS HTTP/1.1" 200 132437 "https://arm.vatholm.ru/admission/petition/" "Mozilla/5.0 (Windows NT 10.0; WOW64) AppleWebKit/537.36 (KHTML, like Gecko) Chrome/108.0.0.0 YaBrowser/23.1.2.939 (corp) Yowser/2.5 Safari/537.36"
192.168.0.26 - - [19/Jul/2023:07:27:27 +0000] "GET /.well-known/mercure?topic=popup-notify HTTP/1.1" 200 7 "https://arm.vatholm.ru/admission/petition/loadFromVIS" "Mozilla/5.0 (Windows NT 10.0; WOW64) AppleWebKit/537.36 (KHTML, like Gecko) Chrome/108.0.0.0 YaBrowser/23.1.2.939 (corp) Yowser/2.5 Safari/537.36"
192.168.0.26 - - [19/Jul/2023:07:27:27 +0000] "GET /_wdt/c64647 HTTP/1.1" 200 73430 "https://arm.vatholm.ru/admission/petition/loadFromVIS" "Mozilla/5.0 (Windows NT 10.0; WOW64) AppleWebKit/537.36 (KHTML, like Gecko) Chrome/108.0.0.0 YaBrowser/23.1.2.939 (corp) Yowser/2.5 Safari/537.36"
192.168.0.26 - - [19/Jul/2023:07:27:33 +0000] "GET /.well-known/mercure?topic=popup-notify HTTP/1.1" 200 14 "https://arm.vatholm.ru/admission/petition/" "Mozilla/5.0 (Windows NT 10.0; WOW64) AppleWebKit/537.36 (KHTML, like Gecko) Chrome/108.0.0.0 YaBrowser/23.1.2.939 (corp) Yowser/2.5 Safari/537.36"
192.168.0.26 - - [19/Jul/2023:07:27:35 +0000] "GET /admission/petition/ HTTP/1.1" 200 1485370 "https://arm.vatholm.ru/admission/petition/loadFromVIS" "Mozilla/5.0 (Windows NT 10.0; WOW64) AppleWebKit/537.36 (KHTML, like Gecko) Chrome/108.0.0.0 YaBrowser/23.1.2.939 (corp) Yowser/2.5 Safari/537.36"
192.168.0.26 - - [19/Jul/2023:07:27:35 +0000] "GET /.well-known/mercure?topic=popup-notify HTTP/1.1" 200 7 "https://arm.vatholm.ru/admission/petition/" "Mozilla/5.0 (Windows NT 10.0; WOW64) AppleWebKit/537.36 (KHTML, like Gecko) Chrome/108.0.0.0 YaBrowser/23.1.2.939 (corp) Yowser/2.5 Safari/537.36"
192.168.0.26 - - [19/Jul/2023:07:27:36 +0000] "GET /_wdt/1f7e51 HTTP/1.1" 200 25599 "https://arm.vatholm.ru/admission/petition/" "Mozilla/5.0 (Windows NT 10.0; WOW64) AppleWebKit/537.36 (KHTML, like Gecko) Chrome/108.0.0.0 YaBrowser/23.1.2.939 (corp) Yowser/2.5 Safari/537.36"
192.168.0.26 - - [19/Jul/2023:07:27:41 +0000] "GET /admission/petition/updateAllFromVIS HTTP/1.1" 200 570633 "https://arm.vatholm.ru/admission/petition/" "Mozilla/5.0 (Windows NT 10.0; WOW64) AppleWebKit/537.36 (KHTML, like Gecko) Chrome/108.0.0.0 YaBrowser/23.1.2.939 (corp) Yowser/2.5 Safari/537.36"
192.168.0.26 - - [19/Jul/2023:07:27:41 +0000] "GET /.well-known/mercure?topic=popup-notify HTTP/1.1" 200 7 "https://arm.vatholm.ru/admission/petition/loadFromVIS" "Mozilla/5.0 (Windows NT 10.0; WOW64) AppleWebKit/537.36 (KHTML, like Gecko) Chrome/108.0.0.0 YaBrowser/23.1.2.939 (corp) Yowser/2.5 Safari/537.36"
192.168.0.26 - - [19/Jul/2023:07:27:41 +0000] "GET /_wdt/c65d85 HTTP/1.1" 200 72362 "https://arm.vatholm.ru/admission/petition/updateAllFromVIS" "Mozilla/5.0 (Windows NT 10.0; WOW64) AppleWebKit/537.36 (KHTML, like Gecko) Chrome/108.0.0.0 YaBrowser/23.1.2.939 (corp) Yowser/2.5 Safari/537.36"
192.168.0.26 - - [19/Jul/2023:07:27:55 +0000] "POST /admission/petition/updateAllFromVIS HTTP/1.1" 303 338 "https://arm.vatholm.ru/admission/petition/updateAllFromVIS" "Mozilla/5.0 (Windows NT 10.0; WOW64) AppleWebKit/537.36 (KHTML, like Gecko) Chrome/108.0.0.0 YaBrowser/23.1.2.939 (corp) Yowser/2.5 Safari/537.36"
192.168.0.26 - - [19/Jul/2023:07:27:55 +0000] "GET /.well-known/mercure?topic=popup-notify HTTP/1.1" 200 7 "https://arm.vatholm.ru/admission/petition/" "Mozilla/5.0 (Windows NT 10.0; WOW64) AppleWebKit/537.36 (KHTML, like Gecko) Chrome/108.0.0.0 YaBrowser/23.1.2.939 (corp) Yowser/2.5 Safari/537.36"
192.168.0.26 - - [19/Jul/2023:07:27:55 +0000] "GET /admission/petition/ HTTP/1.1" 200 1485435 "https://arm.vatholm.ru/admission/petition/updateAllFromVIS" "Mozilla/5.0 (Windows NT 10.0; WOW64) AppleWebKit/537.36 (KHTML, like Gecko) Chrome/108.0.0.0 YaBrowser/23.1.2.939 (corp) Yowser/2.5 Safari/537.36"
192.168.0.26 - - [19/Jul/2023:07:27:56 +0000] "GET /_wdt/3f2249 HTTP/1.1" 200 26832 "https://arm.vatholm.ru/admission/petition/" "Mozilla/5.0 (Windows NT 10.0; WOW64) AppleWebKit/537.36 (KHTML, like Gecko) Chrome/108.0.0.0 YaBrowser/23.1.2.939 (corp) Yowser/2.5 Safari/537.36"
192.168.0.26 - - [19/Jul/2023:07:28:55 +0000] "GET /.well-known/mercure?topic=popup-notify HTTP/1.1" 200 14 "https://arm.vatholm.ru/admission/petition/updateAllFromVIS" "Mozilla/5.0 (Windows NT 10.0; WOW64) AppleWebKit/537.36 (KHTML, like Gecko) Chrome/108.0.0.0 YaBrowser/23.1.2.939 (corp) Yowser/2.5 Safari/537.36"
10.1.88.254 - - [19/Jul/2023:07:33:16 +0000] "GET /.well-known/mercure?topic=popup-notify HTTP/1.1" 200 370 "https://arm.vatholm.ru/admission/dashboard/" "Mozilla/5.0 (Windows NT 10.0; Win64; x64) AppleWebKit/537.36 (KHTML, like Gecko) Chrome/112.0.0.0 YaBrowser/23.5.2.625 Yowser/2.5 Safari/537.36"
10.1.88.254 - - [19/Jul/2023:07:34:18 +0000] "GET /.well-known/mercure?topic=popup-notify HTTP/1.1" 200 370 "https://arm.vatholm.ru/education/subjects/" "Mozilla/5.0 (Windows NT 10.0; Win64; x64) AppleWebKit/537.36 (KHTML, like Gecko) Chrome/112.0.0.0 YaBrowser/23.5.2.625 Yowser/2.5 Safari/537.36"
192.168.0.188 - - [19/Jul/2023:07:34:35 +0000] "GET /.well-known/mercure?topic=popup-notify HTTP/1.1" 200 370 "https://arm.vatholm.ru/admission/petition/3092/edit" "Mozilla/5.0 (Windows NT 10.0; Win64; x64) AppleWebKit/537.36 (KHTML, like Gecko) Chrome/108.0.0.0 YaBrowser/23.1.2.931 (corp) Yowser/2.5 Safari/537.36"
192.168.0.188 - - [19/Jul/2023:07:36:29 +0000] "GET /.well-known/mercure?topic=popup-notify HTTP/1.1" 200 110 "https://arm.vatholm.ru/admission/petition/" "Mozilla/5.0 (Windows NT 10.0; Win64; x64) AppleWebKit/537.36 (KHTML, like Gecko) Chrome/108.0.0.0 YaBrowser/23.1.2.931 (corp) Yowser/2.5 Safari/537.36"
192.168.0.26 - - [19/Jul/2023:07:37:51 +0000] "GET /.well-known/mercure?topic=popup-notify HTTP/1.1" 200 110 "https://arm.vatholm.ru/admission/petition/" "Mozilla/5.0 (Windows NT 10.0; WOW64) AppleWebKit/537.36 (KHTML, like Gecko) Chrome/108.0.0.0 YaBrowser/23.1.2.939 (corp) Yowser/2.5 Safari/537.36"
10.1.88.254 - - [19/Jul/2023:07:43:14 +0000] "GET /.well-known/mercure?topic=popup-notify HTTP/1.1" 200 110 "https://arm.vatholm.ru/admission/dashboard/" "Mozilla/5.0 (Windows NT 10.0; Win64; x64) AppleWebKit/537.36 (KHTML, like Gecko) Chrome/112.0.0.0 YaBrowser/23.5.2.625 Yowser/2.5 Safari/537.36"
10.1.88.254 - - [19/Jul/2023:07:44:16 +0000] "GET /.well-known/mercure?topic=popup-notify HTTP/1.1" 200 110 "https://arm.vatholm.ru/education/subjects/" "Mozilla/5.0 (Windows NT 10.0; Win64; x64) AppleWebKit/537.36 (KHTML, like Gecko) Chrome/112.0.0.0 YaBrowser/23.5.2.625 Yowser/2.5 Safari/537.36"
192.168.0.188 - - [19/Jul/2023:07:44:33 +0000] "GET /.well-known/mercure?topic=popup-notify HTTP/1.1" 200 110 "https://arm.vatholm.ru/admission/petition/3092/edit" "Mozilla/5.0 (Windows NT 10.0; Win64; x64) AppleWebKit/537.36 (KHTML, like Gecko) Chrome/108.0.0.0 YaBrowser/23.1.2.931 (corp) Yowser/2.5 Safari/537.36"
192.168.0.188 - - [19/Jul/2023:07:46:28 +0000] "GET /.well-known/mercure?topic=popup-notify HTTP/1.1" 200 110 "https://arm.vatholm.ru/admission/petition/" "Mozilla/5.0 (Windows NT 10.0; Win64; x64) AppleWebKit/537.36 (KHTML, like Gecko) Chrome/108.0.0.0 YaBrowser/23.1.2.931 (corp) Yowser/2.5 Safari/537.36"
192.168.0.26 - - [19/Jul/2023:07:47:49 +0000] "GET /.well-known/mercure?topic=popup-notify HTTP/1.1" 200 110 "https://arm.vatholm.ru/admission/petition/" "Mozilla/5.0 (Windows NT 10.0; WOW64) AppleWebKit/537.36 (KHTML, like Gecko) Chrome/108.0.0.0 YaBrowser/23.1.2.939 (corp) Yowser/2.5 Safari/537.36"
10.1.88.254 - - [19/Jul/2023:07:53:12 +0000] "GET /.well-known/mercure?topic=popup-notify HTTP/1.1" 200 110 "https://arm.vatholm.ru/admission/dashboard/" "Mozilla/5.0 (Windows NT 10.0; Win64; x64) AppleWebKit/537.36 (KHTML, like Gecko) Chrome/112.0.0.0 YaBrowser/23.5.2.625 Yowser/2.5 Safari/537.36"
10.1.88.254 - - [19/Jul/2023:07:54:14 +0000] "GET /.well-known/mercure?topic=popup-notify HTTP/1.1" 200 110 "https://arm.vatholm.ru/education/subjects/" "Mozilla/5.0 (Windows NT 10.0; Win64; x64) AppleWebKit/537.36 (KHTML, like Gecko) Chrome/112.0.0.0 YaBrowser/23.5.2.625 Yowser/2.5 Safari/537.36"
192.168.0.188 - - [19/Jul/2023:07:54:31 +0000] "GET /.well-known/mercure?topic=popup-notify HTTP/1.1" 200 110 "https://arm.vatholm.ru/admission/petition/3092/edit" "Mozilla/5.0 (Windows NT 10.0; Win64; x64) AppleWebKit/537.36 (KHTML, like Gecko) Chrome/108.0.0.0 YaBrowser/23.1.2.931 (corp) Yowser/2.5 Safari/537.36"
192.168.0.26 - - [19/Jul/2023:07:54:42 +0000] "GET /.well-known/mercure?topic=popup-notify HTTP/1.1" 200 77 "https://arm.vatholm.ru/admission/petition/" "Mozilla/5.0 (Windows NT 10.0; WOW64) AppleWebKit/537.36 (KHTML, like Gecko) Chrome/108.0.0.0 YaBrowser/23.1.2.939 (corp) Yowser/2.5 Safari/537.36"
192.168.0.26 - - [19/Jul/2023:07:54:42 +0000] "GET /admission/petition/ HTTP/1.1" 200 1485435 "https://arm.vatholm.ru/admission/petition/updateAllFromVIS" "Mozilla/5.0 (Windows NT 10.0; WOW64) AppleWebKit/537.36 (KHTML, like Gecko) Chrome/108.0.0.0 YaBrowser/23.1.2.939 (corp) Yowser/2.5 Safari/537.36"
192.168.0.26 - - [19/Jul/2023:07:54:43 +0000] "GET /_wdt/eec284 HTTP/1.1" 200 25599 "https://arm.vatholm.ru/admission/petition/" "Mozilla/5.0 (Windows NT 10.0; WOW64) AppleWebKit/537.36 (KHTML, like Gecko) Chrome/108.0.0.0 YaBrowser/23.1.2.939 (corp) Yowser/2.5 Safari/537.36"
192.168.0.26 - - [19/Jul/2023:07:54:53 +0000] "GET /admission/petition/loadFromVIS HTTP/1.1" 200 132445 "https://arm.vatholm.ru/admission/petition/" "Mozilla/5.0 (Windows NT 10.0; WOW64) AppleWebKit/537.36 (KHTML, like Gecko) Chrome/108.0.0.0 YaBrowser/23.1.2.939 (corp) Yowser/2.5 Safari/537.36"
192.168.0.26 - - [19/Jul/2023:07:54:53 +0000] "GET /_wdt/114b25 HTTP/1.1" 200 73434 "https://arm.vatholm.ru/admission/petition/loadFromVIS" "Mozilla/5.0 (Windows NT 10.0; WOW64) AppleWebKit/537.36 (KHTML, like Gecko) Chrome/108.0.0.0 YaBrowser/23.1.2.939 (corp) Yowser/2.5 Safari/537.36"
192.168.0.26 - - [19/Jul/2023:07:55:00 +0000] "POST /admission/petition/loadFromVIS HTTP/1.1" 303 338 "https://arm.vatholm.ru/admission/petition/loadFromVIS" "Mozilla/5.0 (Windows NT 10.0; WOW64) AppleWebKit/537.36 (KHTML, like Gecko) Chrome/108.0.0.0 YaBrowser/23.1.2.939 (corp) Yowser/2.5 Safari/537.36"
192.168.0.26 - - [19/Jul/2023:07:55:01 +0000] "GET /.well-known/mercure?topic=popup-notify HTTP/1.1" 200 7 "https://arm.vatholm.ru/admission/petition/" "Mozilla/5.0 (Windows NT 10.0; WOW64) AppleWebKit/537.36 (KHTML, like Gecko) Chrome/108.0.0.0 YaBrowser/23.1.2.939 (corp) Yowser/2.5 Safari/537.36"
192.168.0.26 - - [19/Jul/2023:07:55:01 +0000] "GET /admission/petition/ HTTP/1.1" 200 1485352 "https://arm.vatholm.ru/admission/petition/loadFromVIS" "Mozilla/5.0 (Windows NT 10.0; WOW64) AppleWebKit/537.36 (KHTML, like Gecko) Chrome/108.0.0.0 YaBrowser/23.1.2.939 (corp) Yowser/2.5 Safari/537.36"
192.168.0.26 - - [19/Jul/2023:07:55:02 +0000] "GET /_wdt/fb5247 HTTP/1.1" 200 26828 "https://arm.vatholm.ru/admission/petition/" "Mozilla/5.0 (Windows NT 10.0; WOW64) AppleWebKit/537.36 (KHTML, like Gecko) Chrome/108.0.0.0 YaBrowser/23.1.2.939 (corp) Yowser/2.5 Safari/537.36"
192.168.0.26 - - [19/Jul/2023:07:55:19 +0000] "GET /admission/petition/loadFromVIS HTTP/1.1" 200 132431 "https://arm.vatholm.ru/admission/petition/" "Mozilla/5.0 (Windows NT 10.0; WOW64) AppleWebKit/537.36 (KHTML, like Gecko) Chrome/108.0.0.0 YaBrowser/23.1.2.939 (corp) Yowser/2.5 Safari/537.36"
192.168.0.26 - - [19/Jul/2023:07:55:19 +0000] "GET /.well-known/mercure?topic=popup-notify HTTP/1.1" 200 7 "https://arm.vatholm.ru/admission/petition/loadFromVIS" "Mozilla/5.0 (Windows NT 10.0; WOW64) AppleWebKit/537.36 (KHTML, like Gecko) Chrome/108.0.0.0 YaBrowser/23.1.2.939 (corp) Yowser/2.5 Safari/537.36"
192.168.0.26 - - [19/Jul/2023:07:55:19 +0000] "GET /_wdt/a6eacd HTTP/1.1" 200 73434 "https://arm.vatholm.ru/admission/petition/loadFromVIS" "Mozilla/5.0 (Windows NT 10.0; WOW64) AppleWebKit/537.36 (KHTML, like Gecko) Chrome/108.0.0.0 YaBrowser/23.1.2.939 (corp) Yowser/2.5 Safari/537.36"
192.168.0.26 - - [19/Jul/2023:07:55:20 +0000] "GET /.well-known/mercure?topic=popup-notify HTTP/1.1" 200 7 "https://arm.vatholm.ru/admission/petition/loadFromVIS" "Mozilla/5.0 (Windows NT 10.0; WOW64) AppleWebKit/537.36 (KHTML, like Gecko) Chrome/108.0.0.0 YaBrowser/23.1.2.939 (corp) Yowser/2.5 Safari/537.36"
192.168.0.26 - - [19/Jul/2023:07:55:20 +0000] "GET /.well-known/mercure?topic=popup-notify HTTP/1.1" 200 7 "https://arm.vatholm.ru/admission/petition/" "Mozilla/5.0 (Windows NT 10.0; WOW64) AppleWebKit/537.36 (KHTML, like Gecko) Chrome/108.0.0.0 YaBrowser/23.1.2.939 (corp) Yowser/2.5 Safari/537.36"
192.168.0.188 - - [19/Jul/2023:07:56:27 +0000] "GET /.well-known/mercure?topic=popup-notify HTTP/1.1" 200 110 "https://arm.vatholm.ru/admission/petition/" "Mozilla/5.0 (Windows NT 10.0; Win64; x64) AppleWebKit/537.36 (KHTML, like Gecko) Chrome/108.0.0.0 YaBrowser/23.1.2.931 (corp) Yowser/2.5 Safari/537.36"
192.168.0.26 - - [19/Jul/2023:08:00:20 +0000] "GET / HTTP/1.1" 302 286 "-" "Mozilla/5.0 (Windows NT 10.0; WOW64) AppleWebKit/537.36 (KHTML, like Gecko) Chrome/108.0.0.0 YaBrowser/23.1.2.939 (corp) Yowser/2.5 Safari/537.36"
192.168.0.26 - - [19/Jul/2023:08:00:20 +0000] "GET /secure HTTP/1.1" 302 302 "-" "Mozilla/5.0 (Windows NT 10.0; WOW64) AppleWebKit/537.36 (KHTML, like Gecko) Chrome/108.0.0.0 YaBrowser/23.1.2.939 (corp) Yowser/2.5 Safari/537.36"
192.168.0.26 - - [19/Jul/2023:08:00:20 +0000] "GET /dashboard/ HTTP/1.1" 200 283016 "-" "Mozilla/5.0 (Windows NT 10.0; WOW64) AppleWebKit/537.36 (KHTML, like Gecko) Chrome/108.0.0.0 YaBrowser/23.1.2.939 (corp) Yowser/2.5 Safari/537.36"
192.168.0.26 - - [19/Jul/2023:08:00:20 +0000] "GET /_wdt/318443 HTTP/1.1" 200 26604 "https://arm.vatholm.ru/dashboard/" "Mozilla/5.0 (Windows NT 10.0; WOW64) AppleWebKit/537.36 (KHTML, like Gecko) Chrome/108.0.0.0 YaBrowser/23.1.2.939 (corp) Yowser/2.5 Safari/537.36"
192.168.0.26 - - [19/Jul/2023:08:00:23 +0000] "GET /admission/petition/ HTTP/1.1" 200 1485410 "https://arm.vatholm.ru/dashboard/" "Mozilla/5.0 (Windows NT 10.0; WOW64) AppleWebKit/537.36 (KHTML, like Gecko) Chrome/108.0.0.0 YaBrowser/23.1.2.939 (corp) Yowser/2.5 Safari/537.36"
192.168.0.26 - - [19/Jul/2023:08:00:23 +0000] "GET /_wdt/a6b15c HTTP/1.1" 200 25599 "https://arm.vatholm.ru/admission/petition/" "Mozilla/5.0 (Windows NT 10.0; WOW64) AppleWebKit/537.36 (KHTML, like Gecko) Chrome/108.0.0.0 YaBrowser/23.1.2.939 (corp) Yowser/2.5 Safari/537.36"
192.168.0.26 - - [19/Jul/2023:08:00:33 +0000] "GET /admission/petition/3073/edit HTTP/1.1" 200 639836 "https://arm.vatholm.ru/admission/petition/" "Mozilla/5.0 (Windows NT 10.0; WOW64) AppleWebKit/537.36 (KHTML, like Gecko) Chrome/108.0.0.0 YaBrowser/23.1.2.939 (corp) Yowser/2.5 Safari/537.36"
192.168.0.26 - - [19/Jul/2023:08:00:33 +0000] "GET /.well-known/mercure?topic=popup-notify HTTP/1.1" 200 7 "https://arm.vatholm.ru/dashboard/" "Mozilla/5.0 (Windows NT 10.0; WOW64) AppleWebKit/537.36 (KHTML, like Gecko) Chrome/108.0.0.0 YaBrowser/23.1.2.939 (corp) Yowser/2.5 Safari/537.36"
192.168.0.26 - - [19/Jul/2023:08:00:33 +0000] "GET /_wdt/214220 HTTP/1.1" 200 179100 "https://arm.vatholm.ru/admission/petition/3073/edit" "Mozilla/5.0 (Windows NT 10.0; WOW64) AppleWebKit/537.36 (KHTML, like Gecko) Chrome/108.0.0.0 YaBrowser/23.1.2.939 (corp) Yowser/2.5 Safari/537.36"
192.168.0.26 - - [19/Jul/2023:08:01:01 +0000] "GET /.well-known/mercure?topic=popup-notify HTTP/1.1" 200 7 "https://arm.vatholm.ru/admission/petition/3073/edit" "Mozilla/5.0 (Windows NT 10.0; WOW64) AppleWebKit/537.36 (KHTML, like Gecko) Chrome/108.0.0.0 YaBrowser/23.1.2.939 (corp) Yowser/2.5 Safari/537.36"
192.168.0.26 - - [19/Jul/2023:08:01:01 +0000] "GET /admission/petition/3073/edit HTTP/1.1" 200 639850 "https://arm.vatholm.ru/admission/petition/" "Mozilla/5.0 (Windows NT 10.0; WOW64) AppleWebKit/537.36 (KHTML, like Gecko) Chrome/108.0.0.0 YaBrowser/23.1.2.939 (corp) Yowser/2.5 Safari/537.36"
192.168.0.26 - - [19/Jul/2023:08:01:01 +0000] "GET /_wdt/4f5006 HTTP/1.1" 200 181487 "https://arm.vatholm.ru/admission/petition/3073/edit" "Mozilla/5.0 (Windows NT 10.0; WOW64) AppleWebKit/537.36 (KHTML, like Gecko) Chrome/108.0.0.0 YaBrowser/23.1.2.939 (corp) Yowser/2.5 Safari/537.36"
192.168.0.26 - - [19/Jul/2023:08:01:33 +0000] "GET /.well-known/mercure?topic=popup-notify HTTP/1.1" 200 14 "https://arm.vatholm.ru/admission/petition/" "Mozilla/5.0 (Windows NT 10.0; WOW64) AppleWebKit/537.36 (KHTML, like Gecko) Chrome/108.0.0.0 YaBrowser/23.1.2.939 (corp) Yowser/2.5 Safari/537.36"
192.168.0.26 - - [19/Jul/2023:08:02:11 +0000] "GET /admission/petition/ HTTP/1.1" 200 1485428 "https://arm.vatholm.ru/admission/petition/3073/edit" "Mozilla/5.0 (Windows NT 10.0; WOW64) AppleWebKit/537.36 (KHTML, like Gecko) Chrome/108.0.0.0 YaBrowser/23.1.2.939 (corp) Yowser/2.5 Safari/537.36"
192.168.0.26 - - [19/Jul/2023:08:02:12 +0000] "GET /_wdt/2eba86 HTTP/1.1" 200 25599 "https://arm.vatholm.ru/admission/petition/" "Mozilla/5.0 (Windows NT 10.0; WOW64) AppleWebKit/537.36 (KHTML, like Gecko) Chrome/108.0.0.0 YaBrowser/23.1.2.939 (corp) Yowser/2.5 Safari/537.36"
192.168.0.26 - - [19/Jul/2023:08:02:16 +0000] "GET /admission/petition/2828/edit HTTP/1.1" 200 638937 "https://arm.vatholm.ru/admission/petition/" "Mozilla/5.0 (Windows NT 10.0; WOW64) AppleWebKit/537.36 (KHTML, like Gecko) Chrome/108.0.0.0 YaBrowser/23.1.2.939 (corp) Yowser/2.5 Safari/537.36"
192.168.0.26 - - [19/Jul/2023:08:02:16 +0000] "GET /.well-known/mercure?topic=popup-notify HTTP/1.1" 200 14 "https://arm.vatholm.ru/admission/petition/3073/edit" "Mozilla/5.0 (Windows NT 10.0; WOW64) AppleWebKit/537.36 (KHTML, like Gecko) Chrome/108.0.0.0 YaBrowser/23.1.2.939 (corp) Yowser/2.5 Safari/537.36"
192.168.0.26 - - [19/Jul/2023:08:02:16 +0000] "GET /_wdt/f3da4c HTTP/1.1" 200 177539 "https://arm.vatholm.ru/admission/petition/2828/edit" "Mozilla/5.0 (Windows NT 10.0; WOW64) AppleWebKit/537.36 (KHTML, like Gecko) Chrome/108.0.0.0 YaBrowser/23.1.2.939 (corp) Yowser/2.5 Safari/537.36"
192.168.0.26 - - [19/Jul/2023:08:02:33 +0000] "POST /admission/petition/2828/edit HTTP/1.1" 303 338 "https://arm.vatholm.ru/admission/petition/2828/edit" "Mozilla/5.0 (Windows NT 10.0; WOW64) AppleWebKit/537.36 (KHTML, like Gecko) Chrome/108.0.0.0 YaBrowser/23.1.2.939 (corp) Yowser/2.5 Safari/537.36"
192.168.0.26 - - [19/Jul/2023:08:02:33 +0000] "GET /.well-known/mercure?topic=popup-notify HTTP/1.1" 200 7 "https://arm.vatholm.ru/admission/petition/" "Mozilla/5.0 (Windows NT 10.0; WOW64) AppleWebKit/537.36 (KHTML, like Gecko) Chrome/108.0.0.0 YaBrowser/23.1.2.939 (corp) Yowser/2.5 Safari/537.36"
192.168.0.26 - - [19/Jul/2023:08:02:33 +0000] "GET /admission/petition/ HTTP/1.1" 200 1485504 "https://arm.vatholm.ru/admission/petition/2828/edit" "Mozilla/5.0 (Windows NT 10.0; WOW64) AppleWebKit/537.36 (KHTML, like Gecko) Chrome/108.0.0.0 YaBrowser/23.1.2.939 (corp) Yowser/2.5 Safari/537.36"
192.168.0.26 - - [19/Jul/2023:08:02:34 +0000] "GET /_wdt/1e51cc HTTP/1.1" 200 26819 "https://arm.vatholm.ru/admission/petition/" "Mozilla/5.0 (Windows NT 10.0; WOW64) AppleWebKit/537.36 (KHTML, like Gecko) Chrome/108.0.0.0 YaBrowser/23.1.2.939 (corp) Yowser/2.5 Safari/537.36"
192.168.0.26 - - [19/Jul/2023:08:02:40 +0000] "GET /.well-known/mercure?topic=popup-notify HTTP/1.1" 200 7 "https://arm.vatholm.ru/admission/petition/" "Mozilla/5.0 (Windows NT 10.0; WOW64) AppleWebKit/537.36 (KHTML, like Gecko) Chrome/108.0.0.0 YaBrowser/23.1.2.939 (corp) Yowser/2.5 Safari/537.36"
192.168.0.26 - - [19/Jul/2023:08:02:40 +0000] "GET /admission/petition/ HTTP/1.1" 200 1485513 "https://arm.vatholm.ru/admission/petition/2828/edit" "Mozilla/5.0 (Windows NT 10.0; WOW64) AppleWebKit/537.36 (KHTML, like Gecko) Chrome/108.0.0.0 YaBrowser/23.1.2.939 (corp) Yowser/2.5 Safari/537.36"
192.168.0.26 - - [19/Jul/2023:08:02:41 +0000] "GET /_wdt/a51db8 HTTP/1.1" 200 25599 "https://arm.vatholm.ru/admission/petition/" "Mozilla/5.0 (Windows NT 10.0; WOW64) AppleWebKit/537.36 (KHTML, like Gecko) Chrome/108.0.0.0 YaBrowser/23.1.2.939 (corp) Yowser/2.5 Safari/537.36"
10.1.88.254 - - [19/Jul/2023:08:03:10 +0000] "GET /.well-known/mercure?topic=popup-notify HTTP/1.1" 200 110 "https://arm.vatholm.ru/admission/dashboard/" "Mozilla/5.0 (Windows NT 10.0; Win64; x64) AppleWebKit/537.36 (KHTML, like Gecko) Chrome/112.0.0.0 YaBrowser/23.5.2.625 Yowser/2.5 Safari/537.36"
192.168.0.26 - - [19/Jul/2023:08:03:33 +0000] "GET /.well-known/mercure?topic=popup-notify HTTP/1.1" 200 14 "https://arm.vatholm.ru/admission/petition/2828/edit" "Mozilla/5.0 (Windows NT 10.0; WOW64) AppleWebKit/537.36 (KHTML, like Gecko) Chrome/108.0.0.0 YaBrowser/23.1.2.939 (corp) Yowser/2.5 Safari/537.36"
10.1.88.254 - - [19/Jul/2023:08:04:13 +0000] "GET /.well-known/mercure?topic=popup-notify HTTP/1.1" 200 110 "https://arm.vatholm.ru/education/subjects/" "Mozilla/5.0 (Windows NT 10.0; Win64; x64) AppleWebKit/537.36 (KHTML, like Gecko) Chrome/112.0.0.0 YaBrowser/23.5.2.625 Yowser/2.5 Safari/537.36"
192.168.0.188 - - [19/Jul/2023:08:04:30 +0000] "GET /.well-known/mercure?topic=popup-notify HTTP/1.1" 200 110 "https://arm.vatholm.ru/admission/petition/3092/edit" "Mozilla/5.0 (Windows NT 10.0; Win64; x64) AppleWebKit/537.36 (KHTML, like Gecko) Chrome/108.0.0.0 YaBrowser/23.1.2.931 (corp) Yowser/2.5 Safari/537.36"
192.168.0.188 - - [19/Jul/2023:08:06:26 +0000] "GET /.well-known/mercure?topic=popup-notify HTTP/1.1" 200 110 "https://arm.vatholm.ru/admission/petition/" "Mozilla/5.0 (Windows NT 10.0; Win64; x64) AppleWebKit/537.36 (KHTML, like Gecko) Chrome/108.0.0.0 YaBrowser/23.1.2.931 (corp) Yowser/2.5 Safari/537.36"
192.168.0.26 - - [19/Jul/2023:08:07:39 +0000] "GET /admission/dashboard/ HTTP/1.1" 200 171895 "https://arm.vatholm.ru/admission/petition/" "Mozilla/5.0 (Windows NT 10.0; WOW64) AppleWebKit/537.36 (KHTML, like Gecko) Chrome/108.0.0.0 YaBrowser/23.1.2.939 (corp) Yowser/2.5 Safari/537.36"
192.168.0.26 - - [19/Jul/2023:08:07:39 +0000] "GET /_wdt/ff937d HTTP/1.1" 200 80062 "https://arm.vatholm.ru/admission/dashboard/" "Mozilla/5.0 (Windows NT 10.0; WOW64) AppleWebKit/537.36 (KHTML, like Gecko) Chrome/108.0.0.0 YaBrowser/23.1.2.939 (corp) Yowser/2.5 Safari/537.36"
192.168.0.26 - - [19/Jul/2023:08:07:48 +0000] "GET /admission/dashboard/faculty/1/1 HTTP/1.1" 200 379520 "https://arm.vatholm.ru/admission/dashboard/" "Mozilla/5.0 (Windows NT 10.0; WOW64) AppleWebKit/537.36 (KHTML, like Gecko) Chrome/108.0.0.0 YaBrowser/23.1.2.939 (corp) Yowser/2.5 Safari/537.36"
192.168.0.26 - - [19/Jul/2023:08:07:48 +0000] "GET /.well-known/mercure?topic=popup-notify HTTP/1.1" 200 56 "https://arm.vatholm.ru/admission/petition/" "Mozilla/5.0 (Windows NT 10.0; WOW64) AppleWebKit/537.36 (KHTML, like Gecko) Chrome/108.0.0.0 YaBrowser/23.1.2.939 (corp) Yowser/2.5 Safari/537.36"
192.168.0.26 - - [19/Jul/2023:08:07:49 +0000] "GET /_wdt/bbde8c HTTP/1.1" 200 80106 "https://arm.vatholm.ru/admission/dashboard/faculty/1/1" "Mozilla/5.0 (Windows NT 10.0; WOW64) AppleWebKit/537.36 (KHTML, like Gecko) Chrome/108.0.0.0 YaBrowser/23.1.2.939 (corp) Yowser/2.5 Safari/537.36"
192.168.0.26 - - [19/Jul/2023:08:08:48 +0000] "GET /.well-known/mercure?topic=popup-notify HTTP/1.1" 200 14 "https://arm.vatholm.ru/admission/dashboard/" "Mozilla/5.0 (Windows NT 10.0; WOW64) AppleWebKit/537.36 (KHTML, like Gecko) Chrome/108.0.0.0 YaBrowser/23.1.2.939 (corp) Yowser/2.5 Safari/537.36"
192.168.0.26 - - [19/Jul/2023:08:09:35 +0000] "GET /admission/dashboard/faculty/1/1 HTTP/1.1" 499 0 "https://arm.vatholm.ru/admission/dashboard/" "Mozilla/5.0 (Windows NT 10.0; WOW64) AppleWebKit/537.36 (KHTML, like Gecko) Chrome/108.0.0.0 YaBrowser/23.1.2.939 (corp) Yowser/2.5 Safari/537.36"
192.168.0.26 - - [19/Jul/2023:08:09:40 +0000] "GET /admission/petition/ HTTP/1.1" 200 1485585 "https://arm.vatholm.ru/admission/dashboard/faculty/1/1" "Mozilla/5.0 (Windows NT 10.0; WOW64) AppleWebKit/537.36 (KHTML, like Gecko) Chrome/108.0.0.0 YaBrowser/23.1.2.939 (corp) Yowser/2.5 Safari/537.36"
192.168.0.26 - - [19/Jul/2023:08:09:41 +0000] "GET /_wdt/288ca8 HTTP/1.1" 200 25601 "https://arm.vatholm.ru/admission/petition/" "Mozilla/5.0 (Windows NT 10.0; WOW64) AppleWebKit/537.36 (KHTML, like Gecko) Chrome/108.0.0.0 YaBrowser/23.1.2.939 (corp) Yowser/2.5 Safari/537.36"
192.168.0.26 - - [19/Jul/2023:08:10:40 +0000] "GET /.well-known/mercure?topic=popup-notify HTTP/1.1" 200 35 "https://arm.vatholm.ru/admission/dashboard/faculty/1/1" "Mozilla/5.0 (Windows NT 10.0; WOW64) AppleWebKit/537.36 (KHTML, like Gecko) Chrome/108.0.0.0 YaBrowser/23.1.2.939 (corp) Yowser/2.5 Safari/537.36"
10.1.88.254 - - [19/Jul/2023:08:13:08 +0000] "GET /.well-known/mercure?topic=popup-notify HTTP/1.1" 200 110 "https://arm.vatholm.ru/admission/dashboard/" "Mozilla/5.0 (Windows NT 10.0; Win64; x64) AppleWebKit/537.36 (KHTML, like Gecko) Chrome/112.0.0.0 YaBrowser/23.5.2.625 Yowser/2.5 Safari/537.36"
10.1.88.254 - - [19/Jul/2023:08:14:11 +0000] "GET /.well-known/mercure?topic=popup-notify HTTP/1.1" 200 110 "https://arm.vatholm.ru/education/subjects/" "Mozilla/5.0 (Windows NT 10.0; Win64; x64) AppleWebKit/537.36 (KHTML, like Gecko) Chrome/112.0.0.0 YaBrowser/23.5.2.625 Yowser/2.5 Safari/537.36"
192.168.0.188 - - [19/Jul/2023:08:14:28 +0000] "GET /.well-known/mercure?topic=popup-notify HTTP/1.1" 200 110 "https://arm.vatholm.ru/admission/petition/3092/edit" "Mozilla/5.0 (Windows NT 10.0; Win64; x64) AppleWebKit/537.36 (KHTML, like Gecko) Chrome/108.0.0.0 YaBrowser/23.1.2.931 (corp) Yowser/2.5 Safari/537.36"
192.168.0.26 - - [19/Jul/2023:08:16:06 +0000] "GET /.well-known/mercure?topic=popup-notify HTTP/1.1" 200 70 "https://arm.vatholm.ru/admission/petition/" "Mozilla/5.0 (Windows NT 10.0; WOW64) AppleWebKit/537.36 (KHTML, like Gecko) Chrome/108.0.0.0 YaBrowser/23.1.2.939 (corp) Yowser/2.5 Safari/537.36"
192.168.0.26 - - [19/Jul/2023:08:16:06 +0000] "GET /admission/petition/ HTTP/1.1" 200 1485585 "https://arm.vatholm.ru/admission/dashboard/faculty/1/1" "Mozilla/5.0 (Windows NT 10.0; WOW64) AppleWebKit/537.36 (KHTML, like Gecko) Chrome/108.0.0.0 YaBrowser/23.1.2.939 (corp) Yowser/2.5 Safari/537.36"
192.168.0.26 - - [19/Jul/2023:08:16:07 +0000] "GET /_wdt/043980 HTTP/1.1" 200 25599 "https://arm.vatholm.ru/admission/petition/" "Mozilla/5.0 (Windows NT 10.0; WOW64) AppleWebKit/537.36 (KHTML, like Gecko) Chrome/108.0.0.0 YaBrowser/23.1.2.939 (corp) Yowser/2.5 Safari/537.36"
192.168.0.188 - - [19/Jul/2023:08:16:24 +0000] "GET /.well-known/mercure?topic=popup-notify HTTP/1.1" 200 110 "https://arm.vatholm.ru/admission/petition/" "Mozilla/5.0 (Windows NT 10.0; Win64; x64) AppleWebKit/537.36 (KHTML, like Gecko) Chrome/108.0.0.0 YaBrowser/23.1.2.931 (corp) Yowser/2.5 Safari/537.36"
192.168.0.26 - - [19/Jul/2023:08:18:58 +0000] "GET /admission/petition/2557/edit HTTP/1.1" 200 640169 "https://arm.vatholm.ru/admission/petition/" "Mozilla/5.0 (Windows NT 10.0; WOW64) AppleWebKit/537.36 (KHTML, like Gecko) Chrome/108.0.0.0 YaBrowser/23.1.2.939 (corp) Yowser/2.5 Safari/537.36"
192.168.0.26 - - [19/Jul/2023:08:18:58 +0000] "GET /_wdt/aecd4f HTTP/1.1" 200 179645 "https://arm.vatholm.ru/admission/petition/2557/edit" "Mozilla/5.0 (Windows NT 10.0; WOW64) AppleWebKit/537.36 (KHTML, like Gecko) Chrome/108.0.0.0 YaBrowser/23.1.2.939 (corp) Yowser/2.5 Safari/537.36"
192.168.0.26 - - [19/Jul/2023:08:19:03 +0000] "POST /admission/petition/2557/edit HTTP/1.1" 303 338 "https://arm.vatholm.ru/admission/petition/2557/edit" "Mozilla/5.0 (Windows NT 10.0; WOW64) AppleWebKit/537.36 (KHTML, like Gecko) Chrome/108.0.0.0 YaBrowser/23.1.2.939 (corp) Yowser/2.5 Safari/537.36"
192.168.0.26 - - [19/Jul/2023:08:19:04 +0000] "GET /.well-known/mercure?topic=popup-notify HTTP/1.1" 200 35 "https://arm.vatholm.ru/admission/petition/" "Mozilla/5.0 (Windows NT 10.0; WOW64) AppleWebKit/537.36 (KHTML, like Gecko) Chrome/108.0.0.0 YaBrowser/23.1.2.939 (corp) Yowser/2.5 Safari/537.36"
192.168.0.26 - - [19/Jul/2023:08:19:04 +0000] "GET /admission/petition/ HTTP/1.1" 200 1485736 "https://arm.vatholm.ru/admission/petition/2557/edit" "Mozilla/5.0 (Windows NT 10.0; WOW64) AppleWebKit/537.36 (KHTML, like Gecko) Chrome/108.0.0.0 YaBrowser/23.1.2.939 (corp) Yowser/2.5 Safari/537.36"
192.168.0.26 - - [19/Jul/2023:08:19:05 +0000] "GET /_wdt/7aec94 HTTP/1.1" 200 26819 "https://arm.vatholm.ru/admission/petition/" "Mozilla/5.0 (Windows NT 10.0; WOW64) AppleWebKit/537.36 (KHTML, like Gecko) Chrome/108.0.0.0 YaBrowser/23.1.2.939 (corp) Yowser/2.5 Safari/537.36"
192.168.0.26 - - [19/Jul/2023:08:19:10 +0000] "GET /.well-known/mercure?topic=popup-notify HTTP/1.1" 200 7 "https://arm.vatholm.ru/admission/petition/" "Mozilla/5.0 (Windows NT 10.0; WOW64) AppleWebKit/537.36 (KHTML, like Gecko) Chrome/108.0.0.0 YaBrowser/23.1.2.939 (corp) Yowser/2.5 Safari/537.36"
192.168.0.26 - - [19/Jul/2023:08:19:10 +0000] "GET /admission/petition/ HTTP/1.1" 200 1485658 "https://arm.vatholm.ru/admission/petition/2557/edit" "Mozilla/5.0 (Windows NT 10.0; WOW64) AppleWebKit/537.36 (KHTML, like Gecko) Chrome/108.0.0.0 YaBrowser/23.1.2.939 (corp) Yowser/2.5 Safari/537.36"
192.168.0.26 - - [19/Jul/2023:08:19:11 +0000] "GET /_wdt/633602 HTTP/1.1" 200 25599 "https://arm.vatholm.ru/admission/petition/" "Mozilla/5.0 (Windows NT 10.0; WOW64) AppleWebKit/537.36 (KHTML, like Gecko) Chrome/108.0.0.0 YaBrowser/23.1.2.939 (corp) Yowser/2.5 Safari/537.36"
192.168.0.26 - - [19/Jul/2023:08:20:04 +0000] "GET /.well-known/mercure?topic=popup-notify HTTP/1.1" 200 14 "https://arm.vatholm.ru/admission/petition/2557/edit" "Mozilla/5.0 (Windows NT 10.0; WOW64) AppleWebKit/537.36 (KHTML, like Gecko) Chrome/108.0.0.0 YaBrowser/23.1.2.939 (corp) Yowser/2.5 Safari/537.36"
10.1.88.254 - - [19/Jul/2023:08:20:32 +0000] "GET / HTTP/1.1" 302 286 "-" "Mozilla/5.0 (Windows NT 10.0; Win64; x64) AppleWebKit/537.36 (KHTML, like Gecko) Chrome/112.0.0.0 YaBrowser/23.5.2.625 Yowser/2.5 Safari/537.36"
10.1.88.254 - - [19/Jul/2023:08:20:32 +0000] "GET /secure HTTP/1.1" 302 302 "-" "Mozilla/5.0 (Windows NT 10.0; Win64; x64) AppleWebKit/537.36 (KHTML, like Gecko) Chrome/112.0.0.0 YaBrowser/23.5.2.625 Yowser/2.5 Safari/537.36"
10.1.88.254 - - [19/Jul/2023:08:20:32 +0000] "GET /dashboard/ HTTP/1.1" 200 291227 "-" "Mozilla/5.0 (Windows NT 10.0; Win64; x64) AppleWebKit/537.36 (KHTML, like Gecko) Chrome/112.0.0.0 YaBrowser/23.5.2.625 Yowser/2.5 Safari/537.36"
10.1.88.254 - - [19/Jul/2023:08:20:34 +0000] "GET /_wdt/f772c6 HTTP/1.1" 200 80246 "https://arm.vatholm.ru/dashboard/" "Mozilla/5.0 (Windows NT 10.0; Win64; x64) AppleWebKit/537.36 (KHTML, like Gecko) Chrome/112.0.0.0 YaBrowser/23.5.2.625 Yowser/2.5 Safari/537.36"
10.1.88.254 - - [19/Jul/2023:08:20:35 +0000] "GET /favicon.ico HTTP/1.1" 301 169 "-" "Mozilla/5.0 (Windows NT 10.0; Win64; x64) AppleWebKit/537.36 (KHTML, like Gecko) Chrome/112.0.0.0 YaBrowser/23.5.2.625 Yowser/2.5 Safari/537.36"
10.1.88.254 - - [19/Jul/2023:08:20:35 +0000] "GET /favicon.ico HTTP/1.1" 404 306436 "-" "Mozilla/5.0 (Windows NT 10.0; Win64; x64) AppleWebKit/537.36 (KHTML, like Gecko) Chrome/112.0.0.0 YaBrowser/23.5.2.625 Yowser/2.5 Safari/537.36"
10.1.88.254 - - [19/Jul/2023:08:20:38 +0000] "GET /admin HTTP/1.1" 200 82533 "-" "Mozilla/5.0 (Windows NT 10.0; Win64; x64) AppleWebKit/537.36 (KHTML, like Gecko) Chrome/112.0.0.0 YaBrowser/23.5.2.625 Yowser/2.5 Safari/537.36"
10.1.88.254 - - [19/Jul/2023:08:20:38 +0000] "GET /bundles/easyadmin/app.404e52fc.css HTTP/1.1" 200 433284 "https://arm.vatholm.ru/admin" "Mozilla/5.0 (Windows NT 10.0; Win64; x64) AppleWebKit/537.36 (KHTML, like Gecko) Chrome/112.0.0.0 YaBrowser/23.5.2.625 Yowser/2.5 Safari/537.36"
10.1.88.254 - - [19/Jul/2023:08:20:38 +0000] "GET /bundles/easyadmin/page-layout.3347892e.js HTTP/1.1" 200 231 "https://arm.vatholm.ru/admin" "Mozilla/5.0 (Windows NT 10.0; Win64; x64) AppleWebKit/537.36 (KHTML, like Gecko) Chrome/112.0.0.0 YaBrowser/23.5.2.625 Yowser/2.5 Safari/537.36"
10.1.88.254 - - [19/Jul/2023:08:20:38 +0000] "GET /bundles/easyadmin/app.914bb6ba.js HTTP/1.1" 200 158960 "https://arm.vatholm.ru/admin" "Mozilla/5.0 (Windows NT 10.0; Win64; x64) AppleWebKit/537.36 (KHTML, like Gecko) Chrome/112.0.0.0 YaBrowser/23.5.2.625 Yowser/2.5 Safari/537.36"
10.1.88.254 - - [19/Jul/2023:08:20:38 +0000] "GET /bundles/easyadmin/page-color-scheme.a1970567.js HTTP/1.1" 200 3404 "https://arm.vatholm.ru/admin" "Mozilla/5.0 (Windows NT 10.0; Win64; x64) AppleWebKit/537.36 (KHTML, like Gecko) Chrome/112.0.0.0 YaBrowser/23.5.2.625 Yowser/2.5 Safari/537.36"
10.1.88.254 - - [19/Jul/2023:08:20:39 +0000] "GET /bundles/easyadmin/fonts/fa-solid-900.bb975c96.woff2 HTTP/1.1" 200 150124 "https://arm.vatholm.ru/bundles/easyadmin/app.404e52fc.css" "Mozilla/5.0 (Windows NT 10.0; Win64; x64) AppleWebKit/537.36 (KHTML, like Gecko) Chrome/112.0.0.0 YaBrowser/23.5.2.625 Yowser/2.5 Safari/537.36"
10.1.88.254 - - [19/Jul/2023:08:20:39 +0000] "GET /_wdt/90be31 HTTP/1.1" 200 25629 "https://arm.vatholm.ru/admin" "Mozilla/5.0 (Windows NT 10.0; Win64; x64) AppleWebKit/537.36 (KHTML, like Gecko) Chrome/112.0.0.0 YaBrowser/23.5.2.625 Yowser/2.5 Safari/537.36"
10.1.88.254 - - [19/Jul/2023:08:20:40 +0000] "GET /admin?crudAction=index&crudControllerFqcn=App%5CController%5CAdmin%5CStudentCrudController HTTP/1.1" 500 266474 "https://arm.vatholm.ru/admin" "Mozilla/5.0 (Windows NT 10.0; Win64; x64) AppleWebKit/537.36 (KHTML, like Gecko) Chrome/112.0.0.0 YaBrowser/23.5.2.625 Yowser/2.5 Safari/537.36"
10.1.88.254 - - [19/Jul/2023:08:20:40 +0000] "GET /_wdt/667027 HTTP/1.1" 200 25069 "https://arm.vatholm.ru/admin?crudAction=index&crudControllerFqcn=App%5CController%5CAdmin%5CStudentCrudController" "Mozilla/5.0 (Windows NT 10.0; Win64; x64) AppleWebKit/537.36 (KHTML, like Gecko) Chrome/112.0.0.0 YaBrowser/23.5.2.625 Yowser/2.5 Safari/537.36"
10.1.88.254 - - [19/Jul/2023:08:20:43 +0000] "GET /admin?crudAction=index&crudControllerFqcn=App%5CController%5CAdmin%5CUserCrudController HTTP/1.1" 200 123418 "https://arm.vatholm.ru/admin" "Mozilla/5.0 (Windows NT 10.0; Win64; x64) AppleWebKit/537.36 (KHTML, like Gecko) Chrome/112.0.0.0 YaBrowser/23.5.2.625 Yowser/2.5 Safari/537.36"
10.1.88.254 - - [19/Jul/2023:08:20:43 +0000] "GET /_wdt/ad7dda HTTP/1.1" 200 25755 "https://arm.vatholm.ru/admin?crudAction=index&crudControllerFqcn=App%5CController%5CAdmin%5CUserCrudController" "Mozilla/5.0 (Windows NT 10.0; Win64; x64) AppleWebKit/537.36 (KHTML, like Gecko) Chrome/112.0.0.0 YaBrowser/23.5.2.625 Yowser/2.5 Safari/537.36"
10.1.88.254 - - [19/Jul/2023:08:20:45 +0000] "GET /admin?crudAction=new&crudControllerFqcn=App%5CController%5CAdmin%5CUserCrudController&referrer=https://arm.vatholm.ru/admin?crudAction%3Dindex%26crudControllerFqcn%3DApp%255CController%255CAdmin%255CUserCrudController HTTP/1.1" 200 88516 "https://arm.vatholm.ru/admin?crudAction=index&crudControllerFqcn=App%5CController%5CAdmin%5CUserCrudController" "Mozilla/5.0 (Windows NT 10.0; Win64; x64) AppleWebKit/537.36 (KHTML, like Gecko) Chrome/112.0.0.0 YaBrowser/23.5.2.625 Yowser/2.5 Safari/537.36"
10.1.88.254 - - [19/Jul/2023:08:20:45 +0000] "GET /bundles/easyadmin/form.fc39362b.js HTTP/1.1" 200 6798 "https://arm.vatholm.ru/admin?crudAction=new&crudControllerFqcn=App%5CController%5CAdmin%5CUserCrudController&referrer=https://arm.vatholm.ru/admin?crudAction%3Dindex%26crudControllerFqcn%3DApp%255CController%255CAdmin%255CUserCrudController" "Mozilla/5.0 (Windows NT 10.0; Win64; x64) AppleWebKit/537.36 (KHTML, like Gecko) Chrome/112.0.0.0 YaBrowser/23.5.2.625 Yowser/2.5 Safari/537.36"
10.1.88.254 - - [19/Jul/2023:08:20:45 +0000] "GET /bundles/easyadmin/field-textarea.663dbf0a.js HTTP/1.1" 200 1476 "https://arm.vatholm.ru/admin?crudAction=new&crudControllerFqcn=App%5CController%5CAdmin%5CUserCrudController&referrer=https://arm.vatholm.ru/admin?crudAction%3Dindex%26crudControllerFqcn%3DApp%255CController%255CAdmin%255CUserCrudController" "Mozilla/5.0 (Windows NT 10.0; Win64; x64) AppleWebKit/537.36 (KHTML, like Gecko) Chrome/112.0.0.0 YaBrowser/23.5.2.625 Yowser/2.5 Safari/537.36"
10.1.88.254 - - [19/Jul/2023:08:20:45 +0000] "GET /_wdt/97ef5f HTTP/1.1" 200 27130 "https://arm.vatholm.ru/admin?crudAction=new&crudControllerFqcn=App%5CController%5CAdmin%5CUserCrudController&referrer=https://arm.vatholm.ru/admin?crudAction%3Dindex%26crudControllerFqcn%3DApp%255CController%255CAdmin%255CUserCrudController" "Mozilla/5.0 (Windows NT 10.0; Win64; x64) AppleWebKit/537.36 (KHTML, like Gecko) Chrome/112.0.0.0 YaBrowser/23.5.2.625 Yowser/2.5 Safari/537.36"
10.1.88.254 - - [19/Jul/2023:08:20:49 +0000] "GET /.well-known/mercure?topic=popup-notify HTTP/1.1" 200 7 "https://arm.vatholm.ru/dashboard/" "Mozilla/5.0 (Windows NT 10.0; Win64; x64) AppleWebKit/537.36 (KHTML, like Gecko) Chrome/112.0.0.0 YaBrowser/23.5.2.625 Yowser/2.5 Safari/537.36"
10.1.88.254 - - [19/Jul/2023:08:23:06 +0000] "GET /.well-known/mercure?topic=popup-notify HTTP/1.1" 200 110 "https://arm.vatholm.ru/admission/dashboard/" "Mozilla/5.0 (Windows NT 10.0; Win64; x64) AppleWebKit/537.36 (KHTML, like Gecko) Chrome/112.0.0.0 YaBrowser/23.5.2.625 Yowser/2.5 Safari/537.36"
10.1.88.254 - - [19/Jul/2023:08:24:09 +0000] "GET /.well-known/mercure?topic=popup-notify HTTP/1.1" 200 110 "https://arm.vatholm.ru/education/subjects/" "Mozilla/5.0 (Windows NT 10.0; Win64; x64) AppleWebKit/537.36 (KHTML, like Gecko) Chrome/112.0.0.0 YaBrowser/23.5.2.625 Yowser/2.5 Safari/537.36"
192.168.0.188 - - [19/Jul/2023:08:24:26 +0000] "GET /.well-known/mercure?topic=popup-notify HTTP/1.1" 200 110 "https://arm.vatholm.ru/admission/petition/3092/edit" "Mozilla/5.0 (Windows NT 10.0; Win64; x64) AppleWebKit/537.36 (KHTML, like Gecko) Chrome/108.0.0.0 YaBrowser/23.1.2.931 (corp) Yowser/2.5 Safari/537.36"
10.1.88.254 - - [19/Jul/2023:08:24:54 +0000] "GET / HTTP/1.1" 302 286 "-" "Mozilla/5.0 (Windows NT 10.0; Win64; x64) AppleWebKit/537.36 (KHTML, like Gecko) Chrome/112.0.0.0 YaBrowser/23.5.2.625 Yowser/2.5 Safari/537.36"
10.1.88.254 - - [19/Jul/2023:08:24:54 +0000] "GET /secure HTTP/1.1" 302 302 "-" "Mozilla/5.0 (Windows NT 10.0; Win64; x64) AppleWebKit/537.36 (KHTML, like Gecko) Chrome/112.0.0.0 YaBrowser/23.5.2.625 Yowser/2.5 Safari/537.36"
10.1.88.254 - - [19/Jul/2023:08:24:54 +0000] "GET /dashboard/ HTTP/1.1" 200 292018 "-" "Mozilla/5.0 (Windows NT 10.0; Win64; x64) AppleWebKit/537.36 (KHTML, like Gecko) Chrome/112.0.0.0 YaBrowser/23.5.2.625 Yowser/2.5 Safari/537.36"
10.1.88.254 - - [19/Jul/2023:08:24:55 +0000] "GET /_wdt/9733a6 HTTP/1.1" 200 80240 "https://arm.vatholm.ru/dashboard/" "Mozilla/5.0 (Windows NT 10.0; Win64; x64) AppleWebKit/537.36 (KHTML, like Gecko) Chrome/112.0.0.0 YaBrowser/23.5.2.625 Yowser/2.5 Safari/537.36"
10.1.88.254 - - [19/Jul/2023:08:25:07 +0000] "GET /admission/dashboard/ HTTP/1.1" 200 1065657 "https://arm.vatholm.ru/dashboard/" "Mozilla/5.0 (Windows NT 10.0; Win64; x64) AppleWebKit/537.36 (KHTML, like Gecko) Chrome/112.0.0.0 YaBrowser/23.5.2.625 Yowser/2.5 Safari/537.36"
10.1.88.254 - - [19/Jul/2023:08:25:07 +0000] "GET /_wdt/619ef7 HTTP/1.1" 200 80229 "https://arm.vatholm.ru/admission/dashboard/" "Mozilla/5.0 (Windows NT 10.0; Win64; x64) AppleWebKit/537.36 (KHTML, like Gecko) Chrome/112.0.0.0 YaBrowser/23.5.2.625 Yowser/2.5 Safari/537.36"
10.1.88.254 - - [19/Jul/2023:08:26:07 +0000] "GET /.well-known/mercure?topic=popup-notify HTTP/1.1" 200 14 "https://arm.vatholm.ru/dashboard/" "Mozilla/5.0 (Windows NT 10.0; Win64; x64) AppleWebKit/537.36 (KHTML, like Gecko) Chrome/112.0.0.0 YaBrowser/23.5.2.625 Yowser/2.5 Safari/537.36"
192.168.0.188 - - [19/Jul/2023:08:26:23 +0000] "GET /.well-known/mercure?topic=popup-notify HTTP/1.1" 200 110 "https://arm.vatholm.ru/admission/petition/" "Mozilla/5.0 (Windows NT 10.0; Win64; x64) AppleWebKit/537.36 (KHTML, like Gecko) Chrome/108.0.0.0 YaBrowser/23.1.2.931 (corp) Yowser/2.5 Safari/537.36"
10.1.88.254 - - [19/Jul/2023:08:26:23 +0000] "GET /admission/dashboard/ HTTP/1.1" 200 1062830 "https://arm.vatholm.ru/dashboard/" "Mozilla/5.0 (Windows NT 10.0; Win64; x64) AppleWebKit/537.36 (KHTML, like Gecko) Chrome/112.0.0.0 YaBrowser/23.5.2.625 Yowser/2.5 Safari/537.36"
10.1.88.254 - - [19/Jul/2023:08:26:23 +0000] "GET /.well-known/mercure?topic=popup-notify HTTP/1.1" 200 14 "https://arm.vatholm.ru/admission/dashboard/" "Mozilla/5.0 (Windows NT 10.0; Win64; x64) AppleWebKit/537.36 (KHTML, like Gecko) Chrome/112.0.0.0 YaBrowser/23.5.2.625 Yowser/2.5 Safari/537.36"
10.1.88.254 - - [19/Jul/2023:08:26:24 +0000] "GET /_wdt/5bd9c1 HTTP/1.1" 200 80228 "https://arm.vatholm.ru/admission/dashboard/" "Mozilla/5.0 (Windows NT 10.0; Win64; x64) AppleWebKit/537.36 (KHTML, like Gecko) Chrome/112.0.0.0 YaBrowser/23.5.2.625 Yowser/2.5 Safari/537.36"
10.1.88.254 - - [19/Jul/2023:08:27:47 +0000] "GET /admission/petition/ HTTP/1.1" 500 316412 "https://arm.vatholm.ru/admission/dashboard/" "Mozilla/5.0 (Windows NT 10.0; Win64; x64) AppleWebKit/537.36 (KHTML, like Gecko) Chrome/112.0.0.0 YaBrowser/23.5.2.625 Yowser/2.5 Safari/537.36"
10.1.88.254 - - [19/Jul/2023:08:27:47 +0000] "GET /.well-known/mercure?topic=popup-notify HTTP/1.1" 200 21 "https://arm.vatholm.ru/admission/dashboard/" "Mozilla/5.0 (Windows NT 10.0; Win64; x64) AppleWebKit/537.36 (KHTML, like Gecko) Chrome/112.0.0.0 YaBrowser/23.5.2.625 Yowser/2.5 Safari/537.36"
10.1.88.254 - - [19/Jul/2023:08:27:55 +0000] "GET /admission/petition/ HTTP/1.1" 200 1493237 "-" "Mozilla/5.0 (Windows NT 10.0; Win64; x64) AppleWebKit/537.36 (KHTML, like Gecko) Chrome/112.0.0.0 YaBrowser/23.5.2.625 Yowser/2.5 Safari/537.36"
192.168.0.26 - - [19/Jul/2023:08:27:58 +0000] "GET /admission/petition/ HTTP/1.1" 499 0 "https://arm.vatholm.ru/admission/petition/2557/edit" "Mozilla/5.0 (Windows NT 10.0; WOW64) AppleWebKit/537.36 (KHTML, like Gecko) Chrome/108.0.0.0 YaBrowser/23.1.2.939 (corp) Yowser/2.5 Safari/537.36"
10.1.88.254 - - [19/Jul/2023:08:27:58 +0000] "GET /_wdt/05f6e4 HTTP/1.1" 200 25783 "https://arm.vatholm.ru/admission/petition/" "Mozilla/5.0 (Windows NT 10.0; Win64; x64) AppleWebKit/537.36 (KHTML, like Gecko) Chrome/112.0.0.0 YaBrowser/23.5.2.625 Yowser/2.5 Safari/537.36"
192.168.0.26 - - [19/Jul/2023:08:27:58 +0000] "GET /.well-known/mercure?topic=popup-notify HTTP/1.1" 200 98 "https://arm.vatholm.ru/admission/petition/" "Mozilla/5.0 (Windows NT 10.0; WOW64) AppleWebKit/537.36 (KHTML, like Gecko) Chrome/108.0.0.0 YaBrowser/23.1.2.939 (corp) Yowser/2.5 Safari/537.36"
192.168.0.26 - - [19/Jul/2023:08:27:58 +0000] "GET /admission/petition/ HTTP/1.1" 200 1485736 "https://arm.vatholm.ru/admission/petition/2557/edit" "Mozilla/5.0 (Windows NT 10.0; WOW64) AppleWebKit/537.36 (KHTML, like Gecko) Chrome/108.0.0.0 YaBrowser/23.1.2.939 (corp) Yowser/2.5 Safari/537.36"
192.168.0.26 - - [19/Jul/2023:08:27:59 +0000] "GET /_wdt/65fc01 HTTP/1.1" 200 25599 "https://arm.vatholm.ru/admission/petition/" "Mozilla/5.0 (Windows NT 10.0; WOW64) AppleWebKit/537.36 (KHTML, like Gecko) Chrome/108.0.0.0 YaBrowser/23.1.2.939 (corp) Yowser/2.5 Safari/537.36"
10.1.88.254 - - [19/Jul/2023:08:28:07 +0000] "GET /admission/petition/ HTTP/1.1" 500 316412 "-" "Mozilla/5.0 (Windows NT 10.0; Win64; x64) AppleWebKit/537.36 (KHTML, like Gecko) Chrome/112.0.0.0 YaBrowser/23.5.2.625 Yowser/2.5 Safari/537.36"
10.1.88.254 - - [19/Jul/2023:08:28:07 +0000] "GET /.well-known/mercure?topic=popup-notify HTTP/1.1" 200 7 "https://arm.vatholm.ru/admission/petition/" "Mozilla/5.0 (Windows NT 10.0; Win64; x64) AppleWebKit/537.36 (KHTML, like Gecko) Chrome/112.0.0.0 YaBrowser/23.5.2.625 Yowser/2.5 Safari/537.36"
10.1.88.254 - - [19/Jul/2023:08:28:07 +0000] "GET /admission/petition/ HTTP/1.1" 500 316412 "-" "Mozilla/5.0 (Windows NT 10.0; Win64; x64) AppleWebKit/537.36 (KHTML, like Gecko) Chrome/112.0.0.0 YaBrowser/23.5.2.625 Yowser/2.5 Safari/537.36"
10.1.88.254 - - [19/Jul/2023:08:28:10 +0000] "GET /admission/petition/ HTTP/1.1" 200 1493264 "-" "Mozilla/5.0 (Windows NT 10.0; Win64; x64) AppleWebKit/537.36 (KHTML, like Gecko) Chrome/112.0.0.0 YaBrowser/23.5.2.625 Yowser/2.5 Safari/537.36"
10.1.88.254 - - [19/Jul/2023:08:28:13 +0000] "GET /_wdt/963d33 HTTP/1.1" 200 25783 "https://arm.vatholm.ru/admission/petition/" "Mozilla/5.0 (Windows NT 10.0; Win64; x64) AppleWebKit/537.36 (KHTML, like Gecko) Chrome/112.0.0.0 YaBrowser/23.5.2.625 Yowser/2.5 Safari/537.36"
10.1.88.254 - - [19/Jul/2023:08:28:55 +0000] "GET /student-groups/ HTTP/1.1" 200 139192 "https://arm.vatholm.ru/admission/petition/" "Mozilla/5.0 (Windows NT 10.0; Win64; x64) AppleWebKit/537.36 (KHTML, like Gecko) Chrome/112.0.0.0 YaBrowser/23.5.2.625 Yowser/2.5 Safari/537.36"
10.1.88.254 - - [19/Jul/2023:08:28:55 +0000] "GET /.well-known/mercure?topic=popup-notify HTTP/1.1" 200 14 "https://arm.vatholm.ru/admission/petition/" "Mozilla/5.0 (Windows NT 10.0; Win64; x64) AppleWebKit/537.36 (KHTML, like Gecko) Chrome/112.0.0.0 YaBrowser/23.5.2.625 Yowser/2.5 Safari/537.36"
10.1.88.254 - - [19/Jul/2023:08:28:55 +0000] "GET /_wdt/59bc67 HTTP/1.1" 200 25714 "https://arm.vatholm.ru/student-groups/" "Mozilla/5.0 (Windows NT 10.0; Win64; x64) AppleWebKit/537.36 (KHTML, like Gecko) Chrome/112.0.0.0 YaBrowser/23.5.2.625 Yowser/2.5 Safari/537.36"
10.1.88.254 - - [19/Jul/2023:08:28:57 +0000] "GET /contingent/document/ HTTP/1.1" 200 134243 "https://arm.vatholm.ru/student-groups/" "Mozilla/5.0 (Windows NT 10.0; Win64; x64) AppleWebKit/537.36 (KHTML, like Gecko) Chrome/112.0.0.0 YaBrowser/23.5.2.625 Yowser/2.5 Safari/537.36"
10.1.88.254 - - [19/Jul/2023:08:28:57 +0000] "GET /_wdt/5624bb HTTP/1.1" 200 25754 "https://arm.vatholm.ru/contingent/document/" "Mozilla/5.0 (Windows NT 10.0; Win64; x64) AppleWebKit/537.36 (KHTML, like Gecko) Chrome/112.0.0.0 YaBrowser/23.5.2.625 Yowser/2.5 Safari/537.36"
10.1.88.254 - - [19/Jul/2023:08:29:57 +0000] "GET /.well-known/mercure?topic=popup-notify HTTP/1.1" 200 14 "https://arm.vatholm.ru/student-groups/" "Mozilla/5.0 (Windows NT 10.0; Win64; x64) AppleWebKit/537.36 (KHTML, like Gecko) Chrome/112.0.0.0 YaBrowser/23.5.2.625 Yowser/2.5 Safari/537.36"
10.1.88.254 - - [19/Jul/2023:08:33:04 +0000] "GET /.well-known/mercure?topic=popup-notify HTTP/1.1" 200 110 "https://arm.vatholm.ru/admission/dashboard/" "Mozilla/5.0 (Windows NT 10.0; Win64; x64) AppleWebKit/537.36 (KHTML, like Gecko) Chrome/112.0.0.0 YaBrowser/23.5.2.625 Yowser/2.5 Safari/537.36"
10.1.88.254 - - [19/Jul/2023:08:34:07 +0000] "GET /.well-known/mercure?topic=popup-notify HTTP/1.1" 200 110 "https://arm.vatholm.ru/education/subjects/" "Mozilla/5.0 (Windows NT 10.0; Win64; x64) AppleWebKit/537.36 (KHTML, like Gecko) Chrome/112.0.0.0 YaBrowser/23.5.2.625 Yowser/2.5 Safari/537.36"
192.168.0.188 - - [19/Jul/2023:08:34:25 +0000] "GET /.well-known/mercure?topic=popup-notify HTTP/1.1" 200 110 "https://arm.vatholm.ru/admission/petition/3092/edit" "Mozilla/5.0 (Windows NT 10.0; Win64; x64) AppleWebKit/537.36 (KHTML, like Gecko) Chrome/108.0.0.0 YaBrowser/23.1.2.931 (corp) Yowser/2.5 Safari/537.36"
192.168.0.188 - - [19/Jul/2023:08:36:21 +0000] "GET /.well-known/mercure?topic=popup-notify HTTP/1.1" 200 110 "https://arm.vatholm.ru/admission/petition/" "Mozilla/5.0 (Windows NT 10.0; Win64; x64) AppleWebKit/537.36 (KHTML, like Gecko) Chrome/108.0.0.0 YaBrowser/23.1.2.931 (corp) Yowser/2.5 Safari/537.36"
192.168.0.26 - - [19/Jul/2023:08:37:54 +0000] "GET /.well-known/mercure?topic=popup-notify HTTP/1.1" 200 110 "https://arm.vatholm.ru/admission/petition/" "Mozilla/5.0 (Windows NT 10.0; WOW64) AppleWebKit/537.36 (KHTML, like Gecko) Chrome/108.0.0.0 YaBrowser/23.1.2.939 (corp) Yowser/2.5 Safari/537.36"
10.1.88.254 - - [19/Jul/2023:08:38:52 +0000] "GET /.well-known/mercure?topic=popup-notify HTTP/1.1" 200 110 "https://arm.vatholm.ru/contingent/document/" "Mozilla/5.0 (Windows NT 10.0; Win64; x64) AppleWebKit/537.36 (KHTML, like Gecko) Chrome/112.0.0.0 YaBrowser/23.5.2.625 Yowser/2.5 Safari/537.36"
10.1.88.254 - - [19/Jul/2023:08:43:02 +0000] "GET /.well-known/mercure?topic=popup-notify HTTP/1.1" 200 110 "https://arm.vatholm.ru/admission/dashboard/" "Mozilla/5.0 (Windows NT 10.0; Win64; x64) AppleWebKit/537.36 (KHTML, like Gecko) Chrome/112.0.0.0 YaBrowser/23.5.2.625 Yowser/2.5 Safari/537.36"
10.1.88.254 - - [19/Jul/2023:08:44:05 +0000] "GET /.well-known/mercure?topic=popup-notify HTTP/1.1" 200 110 "https://arm.vatholm.ru/education/subjects/" "Mozilla/5.0 (Windows NT 10.0; Win64; x64) AppleWebKit/537.36 (KHTML, like Gecko) Chrome/112.0.0.0 YaBrowser/23.5.2.625 Yowser/2.5 Safari/537.36"
192.168.0.188 - - [19/Jul/2023:08:44:23 +0000] "GET /.well-known/mercure?topic=popup-notify HTTP/1.1" 200 110 "https://arm.vatholm.ru/admission/petition/3092/edit" "Mozilla/5.0 (Windows NT 10.0; Win64; x64) AppleWebKit/537.36 (KHTML, like Gecko) Chrome/108.0.0.0 YaBrowser/23.1.2.931 (corp) Yowser/2.5 Safari/537.36"
192.168.0.188 - - [19/Jul/2023:08:46:19 +0000] "GET /.well-known/mercure?topic=popup-notify HTTP/1.1" 200 110 "https://arm.vatholm.ru/admission/petition/" "Mozilla/5.0 (Windows NT 10.0; Win64; x64) AppleWebKit/537.36 (KHTML, like Gecko) Chrome/108.0.0.0 YaBrowser/23.1.2.931 (corp) Yowser/2.5 Safari/537.36"
192.168.0.26 - - [19/Jul/2023:08:47:52 +0000] "GET /.well-known/mercure?topic=popup-notify HTTP/1.1" 200 110 "https://arm.vatholm.ru/admission/petition/" "Mozilla/5.0 (Windows NT 10.0; WOW64) AppleWebKit/537.36 (KHTML, like Gecko) Chrome/108.0.0.0 YaBrowser/23.1.2.939 (corp) Yowser/2.5 Safari/537.36"
10.1.88.254 - - [19/Jul/2023:08:48:50 +0000] "GET /.well-known/mercure?topic=popup-notify HTTP/1.1" 200 110 "https://arm.vatholm.ru/contingent/document/" "Mozilla/5.0 (Windows NT 10.0; Win64; x64) AppleWebKit/537.36 (KHTML, like Gecko) Chrome/112.0.0.0 YaBrowser/23.5.2.625 Yowser/2.5 Safari/537.36"
192.168.0.26 - - [19/Jul/2023:08:52:09 +0000] "GET /.well-known/mercure?topic=popup-notify HTTP/1.1" 200 49 "https://arm.vatholm.ru/admission/petition/" "Mozilla/5.0 (Windows NT 10.0; WOW64) AppleWebKit/537.36 (KHTML, like Gecko) Chrome/108.0.0.0 YaBrowser/23.1.2.939 (corp) Yowser/2.5 Safari/537.36"
192.168.0.26 - - [19/Jul/2023:08:52:09 +0000] "GET /admission/petition/ HTTP/1.1" 200 1485736 "https://arm.vatholm.ru/admission/petition/2557/edit" "Mozilla/5.0 (Windows NT 10.0; WOW64) AppleWebKit/537.36 (KHTML, like Gecko) Chrome/108.0.0.0 YaBrowser/23.1.2.939 (corp) Yowser/2.5 Safari/537.36"
