192.168.0.26 - - [19/Jul/2023:08:52:10 +0000] "GET /_wdt/fe24fd HTTP/1.1" 200 25600 "https://arm.vatholm.ru/admission/petition/" "Mozilla/5.0 (Windows NT 10.0; WOW64) AppleWebKit/537.36 (KHTML, like Gecko) Chrome/108.0.0.0 YaBrowser/23.1.2.939 (corp) Yowser/2.5 Safari/537.36"
192.168.0.26 - - [19/Jul/2023:08:52:21 +0000] "GET /admission/petition/loadFromVIS HTTP/1.1" 200 134266 "https://arm.vatholm.ru/admission/petition/" "Mozilla/5.0 (Windows NT 10.0; WOW64) AppleWebKit/537.36 (KHTML, like Gecko) Chrome/108.0.0.0 YaBrowser/23.1.2.939 (corp) Yowser/2.5 Safari/537.36"
192.168.0.26 - - [19/Jul/2023:08:52:22 +0000] "GET /_wdt/d66cee HTTP/1.1" 200 89422 "https://arm.vatholm.ru/admission/petition/loadFromVIS" "Mozilla/5.0 (Windows NT 10.0; WOW64) AppleWebKit/537.36 (KHTML, like Gecko) Chrome/108.0.0.0 YaBrowser/23.1.2.939 (corp) Yowser/2.5 Safari/537.36"
192.168.0.26 - - [19/Jul/2023:08:52:36 +0000] "POST /admission/petition/loadFromVIS HTTP/1.1" 303 338 "https://arm.vatholm.ru/admission/petition/loadFromVIS" "Mozilla/5.0 (Windows NT 10.0; WOW64) AppleWebKit/537.36 (KHTML, like Gecko) Chrome/108.0.0.0 YaBrowser/23.1.2.939 (corp) Yowser/2.5 Safari/537.36"
192.168.0.26 - - [19/Jul/2023:08:52:36 +0000] "GET /.well-known/mercure?topic=popup-notify HTTP/1.1" 200 7 "https://arm.vatholm.ru/admission/petition/" "Mozilla/5.0 (Windows NT 10.0; WOW64) AppleWebKit/537.36 (KHTML, like Gecko) Chrome/108.0.0.0 YaBrowser/23.1.2.939 (corp) Yowser/2.5 Safari/537.36"
192.168.0.26 - - [19/Jul/2023:08:52:36 +0000] "GET /admission/petition/ HTTP/1.1" 200 1485660 "https://arm.vatholm.ru/admission/petition/loadFromVIS" "Mozilla/5.0 (Windows NT 10.0; WOW64) AppleWebKit/537.36 (KHTML, like Gecko) Chrome/108.0.0.0 YaBrowser/23.1.2.939 (corp) Yowser/2.5 Safari/537.36"
192.168.0.26 - - [19/Jul/2023:08:52:37 +0000] "GET /_wdt/e95568 HTTP/1.1" 200 26828 "https://arm.vatholm.ru/admission/petition/" "Mozilla/5.0 (Windows NT 10.0; WOW64) AppleWebKit/537.36 (KHTML, like Gecko) Chrome/108.0.0.0 YaBrowser/23.1.2.939 (corp) Yowser/2.5 Safari/537.36"
192.168.0.26 - - [19/Jul/2023:08:52:38 +0000] "GET /.well-known/mercure?topic=popup-notify HTTP/1.1" 200 7 "https://arm.vatholm.ru/admission/petition/" "Mozilla/5.0 (Windows NT 10.0; WOW64) AppleWebKit/537.36 (KHTML, like Gecko) Chrome/108.0.0.0 YaBrowser/23.1.2.939 (corp) Yowser/2.5 Safari/537.36"
192.168.0.26 - - [19/Jul/2023:08:52:38 +0000] "GET /admission/petition/ HTTP/1.1" 200 1485660 "https://arm.vatholm.ru/admission/petition/loadFromVIS" "Mozilla/5.0 (Windows NT 10.0; WOW64) AppleWebKit/537.36 (KHTML, like Gecko) Chrome/108.0.0.0 YaBrowser/23.1.2.939 (corp) Yowser/2.5 Safari/537.36"
192.168.0.26 - - [19/Jul/2023:08:52:39 +0000] "GET /_wdt/58c4e2 HTTP/1.1" 200 25599 "https://arm.vatholm.ru/admission/petition/" "Mozilla/5.0 (Windows NT 10.0; WOW64) AppleWebKit/537.36 (KHTML, like Gecko) Chrome/108.0.0.0 YaBrowser/23.1.2.939 (corp) Yowser/2.5 Safari/537.36"
192.168.0.26 - - [19/Jul/2023:08:52:50 +0000] "GET /admission/petition/loadFromVIS HTTP/1.1" 200 134267 "https://arm.vatholm.ru/admission/petition/" "Mozilla/5.0 (Windows NT 10.0; WOW64) AppleWebKit/537.36 (KHTML, like Gecko) Chrome/108.0.0.0 YaBrowser/23.1.2.939 (corp) Yowser/2.5 Safari/537.36"
192.168.0.26 - - [19/Jul/2023:08:52:50 +0000] "GET /.well-known/mercure?topic=popup-notify HTTP/1.1" 200 7 "https://arm.vatholm.ru/admission/petition/loadFromVIS" "Mozilla/5.0 (Windows NT 10.0; WOW64) AppleWebKit/537.36 (KHTML, like Gecko) Chrome/108.0.0.0 YaBrowser/23.1.2.939 (corp) Yowser/2.5 Safari/537.36"
192.168.0.26 - - [19/Jul/2023:08:52:50 +0000] "GET /_wdt/3321f1 HTTP/1.1" 200 89426 "https://arm.vatholm.ru/admission/petition/loadFromVIS" "Mozilla/5.0 (Windows NT 10.0; WOW64) AppleWebKit/537.36 (KHTML, like Gecko) Chrome/108.0.0.0 YaBrowser/23.1.2.939 (corp) Yowser/2.5 Safari/537.36"
10.1.88.254 - - [19/Jul/2023:08:53:00 +0000] "GET /.well-known/mercure?topic=popup-notify HTTP/1.1" 200 110 "https://arm.vatholm.ru/admission/dashboard/" "Mozilla/5.0 (Windows NT 10.0; Win64; x64) AppleWebKit/537.36 (KHTML, like Gecko) Chrome/112.0.0.0 YaBrowser/23.5.2.625 Yowser/2.5 Safari/537.36"
192.168.0.26 - - [19/Jul/2023:08:53:43 +0000] "GET /admission/petition/loadFromVIS HTTP/1.1" 200 134265 "https://arm.vatholm.ru/admission/petition/" "Mozilla/5.0 (Windows NT 10.0; WOW64) AppleWebKit/537.36 (KHTML, like Gecko) Chrome/108.0.0.0 YaBrowser/23.1.2.939 (corp) Yowser/2.5 Safari/537.36"
192.168.0.26 - - [19/Jul/2023:08:53:43 +0000] "GET /.well-known/mercure?topic=popup-notify HTTP/1.1" 200 14 "https://arm.vatholm.ru/admission/petition/loadFromVIS" "Mozilla/5.0 (Windows NT 10.0; WOW64) AppleWebKit/537.36 (KHTML, like Gecko) Chrome/108.0.0.0 YaBrowser/23.1.2.939 (corp) Yowser/2.5 Safari/537.36"
192.168.0.26 - - [19/Jul/2023:08:53:43 +0000] "GET /_wdt/6f851b HTTP/1.1" 200 89425 "https://arm.vatholm.ru/admission/petition/loadFromVIS" "Mozilla/5.0 (Windows NT 10.0; WOW64) AppleWebKit/537.36 (KHTML, like Gecko) Chrome/108.0.0.0 YaBrowser/23.1.2.939 (corp) Yowser/2.5 Safari/537.36"
192.168.0.26 - - [19/Jul/2023:08:53:50 +0000] "GET /.well-known/mercure?topic=popup-notify HTTP/1.1" 200 14 "https://arm.vatholm.ru/admission/petition/" "Mozilla/5.0 (Windows NT 10.0; WOW64) AppleWebKit/537.36 (KHTML, like Gecko) Chrome/108.0.0.0 YaBrowser/23.1.2.939 (corp) Yowser/2.5 Safari/537.36"
10.1.88.254 - - [19/Jul/2023:08:54:03 +0000] "GET /.well-known/mercure?topic=popup-notify HTTP/1.1" 200 110 "https://arm.vatholm.ru/education/subjects/" "Mozilla/5.0 (Windows NT 10.0; Win64; x64) AppleWebKit/537.36 (KHTML, like Gecko) Chrome/112.0.0.0 YaBrowser/23.5.2.625 Yowser/2.5 Safari/537.36"
192.168.0.188 - - [19/Jul/2023:08:54:21 +0000] "GET /.well-known/mercure?topic=popup-notify HTTP/1.1" 200 110 "https://arm.vatholm.ru/admission/petition/3092/edit" "Mozilla/5.0 (Windows NT 10.0; Win64; x64) AppleWebKit/537.36 (KHTML, like Gecko) Chrome/108.0.0.0 YaBrowser/23.1.2.931 (corp) Yowser/2.5 Safari/537.36"
192.168.0.188 - - [19/Jul/2023:08:56:18 +0000] "GET /.well-known/mercure?topic=popup-notify HTTP/1.1" 200 110 "https://arm.vatholm.ru/admission/petition/" "Mozilla/5.0 (Windows NT 10.0; Win64; x64) AppleWebKit/537.36 (KHTML, like Gecko) Chrome/108.0.0.0 YaBrowser/23.1.2.931 (corp) Yowser/2.5 Safari/537.36"
10.1.88.254 - - [19/Jul/2023:08:58:48 +0000] "GET /.well-known/mercure?topic=popup-notify HTTP/1.1" 200 110 "https://arm.vatholm.ru/contingent/document/" "Mozilla/5.0 (Windows NT 10.0; Win64; x64) AppleWebKit/537.36 (KHTML, like Gecko) Chrome/112.0.0.0 YaBrowser/23.5.2.625 Yowser/2.5 Safari/537.36"
10.1.88.254 - - [19/Jul/2023:09:02:58 +0000] "GET /.well-known/mercure?topic=popup-notify HTTP/1.1" 200 110 "https://arm.vatholm.ru/admission/dashboard/" "Mozilla/5.0 (Windows NT 10.0; Win64; x64) AppleWebKit/537.36 (KHTML, like Gecko) Chrome/112.0.0.0 YaBrowser/23.5.2.625 Yowser/2.5 Safari/537.36"
192.168.0.26 - - [19/Jul/2023:09:03:38 +0000] "GET /.well-known/mercure?topic=popup-notify HTTP/1.1" 200 110 "https://arm.vatholm.ru/admission/petition/loadFromVIS" "Mozilla/5.0 (Windows NT 10.0; WOW64) AppleWebKit/537.36 (KHTML, like Gecko) Chrome/108.0.0.0 YaBrowser/23.1.2.939 (corp) Yowser/2.5 Safari/537.36"
10.1.88.254 - - [19/Jul/2023:09:04:01 +0000] "GET /.well-known/mercure?topic=popup-notify HTTP/1.1" 200 110 "https://arm.vatholm.ru/education/subjects/" "Mozilla/5.0 (Windows NT 10.0; Win64; x64) AppleWebKit/537.36 (KHTML, like Gecko) Chrome/112.0.0.0 YaBrowser/23.5.2.625 Yowser/2.5 Safari/537.36"
192.168.0.188 - - [19/Jul/2023:09:04:19 +0000] "GET /.well-known/mercure?topic=popup-notify HTTP/1.1" 200 110 "https://arm.vatholm.ru/admission/petition/3092/edit" "Mozilla/5.0 (Windows NT 10.0; Win64; x64) AppleWebKit/537.36 (KHTML, like Gecko) Chrome/108.0.0.0 YaBrowser/23.1.2.931 (corp) Yowser/2.5 Safari/537.36"
192.168.0.26 - - [19/Jul/2023:09:05:22 +0000] "GET /admission/petition/ HTTP/1.1" 200 1485738 "https://arm.vatholm.ru/admission/petition/loadFromVIS" "Mozilla/5.0 (Windows NT 10.0; WOW64) AppleWebKit/537.36 (KHTML, like Gecko) Chrome/108.0.0.0 YaBrowser/23.1.2.939 (corp) Yowser/2.5 Safari/537.36"
192.168.0.26 - - [19/Jul/2023:09:05:23 +0000] "GET /_wdt/e035cd HTTP/1.1" 200 25600 "https://arm.vatholm.ru/admission/petition/" "Mozilla/5.0 (Windows NT 10.0; WOW64) AppleWebKit/537.36 (KHTML, like Gecko) Chrome/108.0.0.0 YaBrowser/23.1.2.939 (corp) Yowser/2.5 Safari/537.36"
192.168.0.188 - - [19/Jul/2023:09:06:16 +0000] "GET /.well-known/mercure?topic=popup-notify HTTP/1.1" 200 110 "https://arm.vatholm.ru/admission/petition/" "Mozilla/5.0 (Windows NT 10.0; Win64; x64) AppleWebKit/537.36 (KHTML, like Gecko) Chrome/108.0.0.0 YaBrowser/23.1.2.931 (corp) Yowser/2.5 Safari/537.36"
192.168.0.26 - - [19/Jul/2023:09:06:22 +0000] "GET /.well-known/mercure?topic=popup-notify HTTP/1.1" 200 35 "https://arm.vatholm.ru/admission/petition/loadFromVIS" "Mozilla/5.0 (Windows NT 10.0; WOW64) AppleWebKit/537.36 (KHTML, like Gecko) Chrome/108.0.0.0 YaBrowser/23.1.2.939 (corp) Yowser/2.5 Safari/537.36"
192.168.0.26 - - [19/Jul/2023:09:07:11 +0000] "GET /.well-known/mercure?topic=popup-notify HTTP/1.1" 200 21 "https://arm.vatholm.ru/admission/petition/" "Mozilla/5.0 (Windows NT 10.0; WOW64) AppleWebKit/537.36 (KHTML, like Gecko) Chrome/108.0.0.0 YaBrowser/23.1.2.939 (corp) Yowser/2.5 Safari/537.36"
192.168.0.26 - - [19/Jul/2023:09:07:11 +0000] "GET /admission/petition/ HTTP/1.1" 200 1485738 "https://arm.vatholm.ru/admission/petition/loadFromVIS" "Mozilla/5.0 (Windows NT 10.0; WOW64) AppleWebKit/537.36 (KHTML, like Gecko) Chrome/108.0.0.0 YaBrowser/23.1.2.939 (corp) Yowser/2.5 Safari/537.36"
192.168.0.26 - - [19/Jul/2023:09:07:12 +0000] "GET /_wdt/bc7ecc HTTP/1.1" 200 25600 "https://arm.vatholm.ru/admission/petition/" "Mozilla/5.0 (Windows NT 10.0; WOW64) AppleWebKit/537.36 (KHTML, like Gecko) Chrome/108.0.0.0 YaBrowser/23.1.2.939 (corp) Yowser/2.5 Safari/537.36"
10.1.88.254 - - [19/Jul/2023:09:08:46 +0000] "GET /.well-known/mercure?topic=popup-notify HTTP/1.1" 200 110 "https://arm.vatholm.ru/contingent/document/" "Mozilla/5.0 (Windows NT 10.0; Win64; x64) AppleWebKit/537.36 (KHTML, like Gecko) Chrome/112.0.0.0 YaBrowser/23.5.2.625 Yowser/2.5 Safari/537.36"
10.1.88.254 - - [19/Jul/2023:09:12:56 +0000] "GET /.well-known/mercure?topic=popup-notify HTTP/1.1" 200 110 "https://arm.vatholm.ru/admission/dashboard/" "Mozilla/5.0 (Windows NT 10.0; Win64; x64) AppleWebKit/537.36 (KHTML, like Gecko) Chrome/112.0.0.0 YaBrowser/23.5.2.625 Yowser/2.5 Safari/537.36"
10.1.88.254 - - [19/Jul/2023:09:13:59 +0000] "GET /.well-known/mercure?topic=popup-notify HTTP/1.1" 200 4754 "https://arm.vatholm.ru/education/subjects/" "Mozilla/5.0 (Windows NT 10.0; Win64; x64) AppleWebKit/537.36 (KHTML, like Gecko) Chrome/112.0.0.0 YaBrowser/23.5.2.625 Yowser/2.5 Safari/537.36"
10.1.88.254 - - [19/Jul/2023:09:14:01 +0000] "GET / HTTP/1.1" 200 75710 "https://www.yandex.ru/clck/jsredir?from=yandex.ru;suggest;browser&text=" "Mozilla/5.0 (Windows NT 10.0; Win64; x64) AppleWebKit/537.36 (KHTML, like Gecko) Chrome/112.0.0.0 YaBrowser/23.5.2.625 Yowser/2.5 Safari/537.36"
10.1.88.254 - - [19/Jul/2023:09:14:02 +0000] "GET /_wdt/8918d3 HTTP/1.1" 200 19316 "https://arm.vatholm.ru/" "Mozilla/5.0 (Windows NT 10.0; Win64; x64) AppleWebKit/537.36 (KHTML, like Gecko) Chrome/112.0.0.0 YaBrowser/23.5.2.625 Yowser/2.5 Safari/537.36"
10.1.88.254 - - [19/Jul/2023:09:14:04 +0000] "POST / HTTP/1.1" 302 374 "https://arm.vatholm.ru/" "Mozilla/5.0 (Windows NT 10.0; Win64; x64) AppleWebKit/537.36 (KHTML, like Gecko) Chrome/112.0.0.0 YaBrowser/23.5.2.625 Yowser/2.5 Safari/537.36"
10.1.88.254 - - [19/Jul/2023:09:14:04 +0000] "GET /secure HTTP/1.1" 302 302 "https://arm.vatholm.ru/" "Mozilla/5.0 (Windows NT 10.0; Win64; x64) AppleWebKit/537.36 (KHTML, like Gecko) Chrome/112.0.0.0 YaBrowser/23.5.2.625 Yowser/2.5 Safari/537.36"
10.1.88.254 - - [19/Jul/2023:09:14:04 +0000] "GET /dashboard/ HTTP/1.1" 200 290910 "https://arm.vatholm.ru/" "Mozilla/5.0 (Windows NT 10.0; Win64; x64) AppleWebKit/537.36 (KHTML, like Gecko) Chrome/112.0.0.0 YaBrowser/23.5.2.625 Yowser/2.5 Safari/537.36"
10.1.88.254 - - [19/Jul/2023:09:14:05 +0000] "GET /_wdt/fc4f79 HTTP/1.1" 200 80242 "https://arm.vatholm.ru/dashboard/" "Mozilla/5.0 (Windows NT 10.0; Win64; x64) AppleWebKit/537.36 (KHTML, like Gecko) Chrome/112.0.0.0 YaBrowser/23.5.2.625 Yowser/2.5 Safari/537.36"
192.168.0.188 - - [19/Jul/2023:09:14:17 +0000] "GET /.well-known/mercure?topic=popup-notify HTTP/1.1" 200 15414 "https://arm.vatholm.ru/admission/petition/3092/edit" "Mozilla/5.0 (Windows NT 10.0; Win64; x64) AppleWebKit/537.36 (KHTML, like Gecko) Chrome/108.0.0.0 YaBrowser/23.1.2.931 (corp) Yowser/2.5 Safari/537.36"
192.168.0.188 - - [19/Jul/2023:09:16:14 +0000] "GET /.well-known/mercure?topic=popup-notify HTTP/1.1" 200 82213 "https://arm.vatholm.ru/admission/petition/" "Mozilla/5.0 (Windows NT 10.0; Win64; x64) AppleWebKit/537.36 (KHTML, like Gecko) Chrome/108.0.0.0 YaBrowser/23.1.2.931 (corp) Yowser/2.5 Safari/537.36"
192.168.0.26 - - [19/Jul/2023:09:17:07 +0000] "GET /.well-known/mercure?topic=popup-notify HTTP/1.1" 200 112619 "https://arm.vatholm.ru/admission/petition/" "Mozilla/5.0 (Windows NT 10.0; WOW64) AppleWebKit/537.36 (KHTML, like Gecko) Chrome/108.0.0.0 YaBrowser/23.1.2.939 (corp) Yowser/2.5 Safari/537.36"
10.1.88.254 - - [19/Jul/2023:09:17:47 +0000] "GET /admission/dashboard/ HTTP/1.1" 200 1067283 "https://arm.vatholm.ru/dashboard/" "Mozilla/5.0 (Windows NT 10.0; Win64; x64) AppleWebKit/537.36 (KHTML, like Gecko) Chrome/112.0.0.0 YaBrowser/23.5.2.625 Yowser/2.5 Safari/537.36"
10.1.88.254 - - [19/Jul/2023:09:17:48 +0000] "GET /.well-known/mercure?topic=popup-notify HTTP/1.1" 200 109183 "https://arm.vatholm.ru/dashboard/" "Mozilla/5.0 (Windows NT 10.0; Win64; x64) AppleWebKit/537.36 (KHTML, like Gecko) Chrome/112.0.0.0 YaBrowser/23.5.2.625 Yowser/2.5 Safari/537.36"
10.1.88.254 - - [19/Jul/2023:09:17:48 +0000] "GET /_wdt/522136 HTTP/1.1" 200 72263 "https://arm.vatholm.ru/admission/dashboard/" "Mozilla/5.0 (Windows NT 10.0; Win64; x64) AppleWebKit/537.36 (KHTML, like Gecko) Chrome/112.0.0.0 YaBrowser/23.5.2.625 Yowser/2.5 Safari/537.36"
10.1.88.254 - - [19/Jul/2023:09:18:44 +0000] "GET /.well-known/mercure?topic=popup-notify HTTP/1.1" 200 117535 "https://arm.vatholm.ru/contingent/document/" "Mozilla/5.0 (Windows NT 10.0; Win64; x64) AppleWebKit/537.36 (KHTML, like Gecko) Chrome/112.0.0.0 YaBrowser/23.5.2.625 Yowser/2.5 Safari/537.36"
10.1.88.254 - - [19/Jul/2023:09:19:12 +0000] "GET /admission/petition/ HTTP/1.1" 200 1508573 "https://arm.vatholm.ru/admission/dashboard/" "Mozilla/5.0 (Windows NT 10.0; Win64; x64) AppleWebKit/537.36 (KHTML, like Gecko) Chrome/112.0.0.0 YaBrowser/23.5.2.625 Yowser/2.5 Safari/537.36"
10.1.88.254 - - [19/Jul/2023:09:19:13 +0000] "GET /.well-known/mercure?topic=popup-notify HTTP/1.1" 200 21 "https://arm.vatholm.ru/admission/dashboard/" "Mozilla/5.0 (Windows NT 10.0; Win64; x64) AppleWebKit/537.36 (KHTML, like Gecko) Chrome/112.0.0.0 YaBrowser/23.5.2.625 Yowser/2.5 Safari/537.36"
10.1.88.254 - - [19/Jul/2023:09:19:16 +0000] "GET /_wdt/a70dec HTTP/1.1" 200 25766 "https://arm.vatholm.ru/admission/petition/" "Mozilla/5.0 (Windows NT 10.0; Win64; x64) AppleWebKit/537.36 (KHTML, like Gecko) Chrome/112.0.0.0 YaBrowser/23.5.2.625 Yowser/2.5 Safari/537.36"
10.1.88.254 - - [19/Jul/2023:09:19:25 +0000] "GET /admission/petition/loadFromVIS HTTP/1.1" 200 140088 "https://arm.vatholm.ru/admission/petition/" "Mozilla/5.0 (Windows NT 10.0; Win64; x64) AppleWebKit/537.36 (KHTML, like Gecko) Chrome/112.0.0.0 YaBrowser/23.5.2.625 Yowser/2.5 Safari/537.36"
10.1.88.254 - - [19/Jul/2023:09:19:26 +0000] "GET /_wdt/e54947 HTTP/1.1" 200 73638 "https://arm.vatholm.ru/admission/petition/loadFromVIS" "Mozilla/5.0 (Windows NT 10.0; Win64; x64) AppleWebKit/537.36 (KHTML, like Gecko) Chrome/112.0.0.0 YaBrowser/23.5.2.625 Yowser/2.5 Safari/537.36"
10.1.88.254 - - [19/Jul/2023:09:19:36 +0000] "POST /admission/petition/loadFromVIS HTTP/1.1" 303 338 "https://arm.vatholm.ru/admission/petition/loadFromVIS" "Mozilla/5.0 (Windows NT 10.0; Win64; x64) AppleWebKit/537.36 (KHTML, like Gecko) Chrome/112.0.0.0 YaBrowser/23.5.2.625 Yowser/2.5 Safari/537.36"
10.1.88.254 - - [19/Jul/2023:09:19:37 +0000] "GET /admission/petition/ HTTP/1.1" 200 1508574 "https://arm.vatholm.ru/admission/petition/loadFromVIS" "Mozilla/5.0 (Windows NT 10.0; Win64; x64) AppleWebKit/537.36 (KHTML, like Gecko) Chrome/112.0.0.0 YaBrowser/23.5.2.625 Yowser/2.5 Safari/537.36"
10.1.88.254 - - [19/Jul/2023:09:19:40 +0000] "GET /_wdt/27d392 HTTP/1.1" 200 26993 "https://arm.vatholm.ru/admission/petition/" "Mozilla/5.0 (Windows NT 10.0; Win64; x64) AppleWebKit/537.36 (KHTML, like Gecko) Chrome/112.0.0.0 YaBrowser/23.5.2.625 Yowser/2.5 Safari/537.36"
10.1.88.254 - - [19/Jul/2023:09:20:25 +0000] "GET /.well-known/mercure?topic=popup-notify HTTP/1.1" 200 758 "https://arm.vatholm.ru/admission/petition/" "Mozilla/5.0 (Windows NT 10.0; Win64; x64) AppleWebKit/537.36 (KHTML, like Gecko) Chrome/112.0.0.0 YaBrowser/23.5.2.625 Yowser/2.5 Safari/537.36"
10.1.88.254 - - [19/Jul/2023:09:20:29 +0000] "GET /.well-known/mercure?topic=popup-notify HTTP/1.1" 200 758 "https://arm.vatholm.ru/admission/petition/loadFromVIS" "Mozilla/5.0 (Windows NT 10.0; Win64; x64) AppleWebKit/537.36 (KHTML, like Gecko) Chrome/112.0.0.0 YaBrowser/23.5.2.625 Yowser/2.5 Safari/537.36"
10.1.88.254 - - [19/Jul/2023:09:22:54 +0000] "GET /.well-known/mercure?topic=popup-notify HTTP/1.1" 200 118272 "https://arm.vatholm.ru/admission/dashboard/" "Mozilla/5.0 (Windows NT 10.0; Win64; x64) AppleWebKit/537.36 (KHTML, like Gecko) Chrome/112.0.0.0 YaBrowser/23.5.2.625 Yowser/2.5 Safari/537.36"
10.1.88.254 - - [19/Jul/2023:09:23:57 +0000] "GET /.well-known/mercure?topic=popup-notify HTTP/1.1" 200 113594 "https://arm.vatholm.ru/education/subjects/" "Mozilla/5.0 (Windows NT 10.0; Win64; x64) AppleWebKit/537.36 (KHTML, like Gecko) Chrome/112.0.0.0 YaBrowser/23.5.2.625 Yowser/2.5 Safari/537.36"
192.168.0.188 - - [19/Jul/2023:09:24:15 +0000] "GET /.well-known/mercure?topic=popup-notify HTTP/1.1" 200 102953 "https://arm.vatholm.ru/admission/petition/3092/edit" "Mozilla/5.0 (Windows NT 10.0; Win64; x64) AppleWebKit/537.36 (KHTML, like Gecko) Chrome/108.0.0.0 YaBrowser/23.1.2.931 (corp) Yowser/2.5 Safari/537.36"
192.168.0.188 - - [19/Jul/2023:09:26:12 +0000] "GET /.well-known/mercure?topic=popup-notify HTTP/1.1" 200 36142 "https://arm.vatholm.ru/admission/petition/" "Mozilla/5.0 (Windows NT 10.0; Win64; x64) AppleWebKit/537.36 (KHTML, like Gecko) Chrome/108.0.0.0 YaBrowser/23.1.2.931 (corp) Yowser/2.5 Safari/537.36"
192.168.0.26 - - [19/Jul/2023:09:27:05 +0000] "GET /.well-known/mercure?topic=popup-notify HTTP/1.1" 200 5736 "https://arm.vatholm.ru/admission/petition/" "Mozilla/5.0 (Windows NT 10.0; WOW64) AppleWebKit/537.36 (KHTML, like Gecko) Chrome/108.0.0.0 YaBrowser/23.1.2.939 (corp) Yowser/2.5 Safari/537.36"
10.1.88.254 - - [19/Jul/2023:09:28:42 +0000] "GET /.well-known/mercure?topic=popup-notify HTTP/1.1" 200 854 "https://arm.vatholm.ru/contingent/document/" "Mozilla/5.0 (Windows NT 10.0; Win64; x64) AppleWebKit/537.36 (KHTML, like Gecko) Chrome/112.0.0.0 YaBrowser/23.5.2.625 Yowser/2.5 Safari/537.36"
10.1.88.254 - - [19/Jul/2023:09:29:35 +0000] "GET /.well-known/mercure?topic=popup-notify HTTP/1.1" 200 110 "https://arm.vatholm.ru/admission/petition/" "Mozilla/5.0 (Windows NT 10.0; Win64; x64) AppleWebKit/537.36 (KHTML, like Gecko) Chrome/112.0.0.0 YaBrowser/23.5.2.625 Yowser/2.5 Safari/537.36"
10.1.88.254 - - [19/Jul/2023:09:32:52 +0000] "GET /.well-known/mercure?topic=popup-notify HTTP/1.1" 200 110 "https://arm.vatholm.ru/admission/dashboard/" "Mozilla/5.0 (Windows NT 10.0; Win64; x64) AppleWebKit/537.36 (KHTML, like Gecko) Chrome/112.0.0.0 YaBrowser/23.5.2.625 Yowser/2.5 Safari/537.36"
10.1.88.254 - - [19/Jul/2023:09:33:55 +0000] "GET /.well-known/mercure?topic=popup-notify HTTP/1.1" 200 110 "https://arm.vatholm.ru/education/subjects/" "Mozilla/5.0 (Windows NT 10.0; Win64; x64) AppleWebKit/537.36 (KHTML, like Gecko) Chrome/112.0.0.0 YaBrowser/23.5.2.625 Yowser/2.5 Safari/537.36"
192.168.0.188 - - [19/Jul/2023:09:34:13 +0000] "GET /.well-known/mercure?topic=popup-notify HTTP/1.1" 200 110 "https://arm.vatholm.ru/admission/petition/3092/edit" "Mozilla/5.0 (Windows NT 10.0; Win64; x64) AppleWebKit/537.36 (KHTML, like Gecko) Chrome/108.0.0.0 YaBrowser/23.1.2.931 (corp) Yowser/2.5 Safari/537.36"
192.168.0.188 - - [19/Jul/2023:09:36:11 +0000] "GET /.well-known/mercure?topic=popup-notify HTTP/1.1" 200 110 "https://arm.vatholm.ru/admission/petition/" "Mozilla/5.0 (Windows NT 10.0; Win64; x64) AppleWebKit/537.36 (KHTML, like Gecko) Chrome/108.0.0.0 YaBrowser/23.1.2.931 (corp) Yowser/2.5 Safari/537.36"
192.168.0.26 - - [19/Jul/2023:09:37:03 +0000] "GET /.well-known/mercure?topic=popup-notify HTTP/1.1" 200 110 "https://arm.vatholm.ru/admission/petition/" "Mozilla/5.0 (Windows NT 10.0; WOW64) AppleWebKit/537.36 (KHTML, like Gecko) Chrome/108.0.0.0 YaBrowser/23.1.2.939 (corp) Yowser/2.5 Safari/537.36"
192.168.0.26 - - [19/Jul/2023:09:37:21 +0000] "GET /.well-known/mercure?topic=popup-notify HTTP/1.1" 200 7 "https://arm.vatholm.ru/admission/petition/" "Mozilla/5.0 (Windows NT 10.0; WOW64) AppleWebKit/537.36 (KHTML, like Gecko) Chrome/108.0.0.0 YaBrowser/23.1.2.939 (corp) Yowser/2.5 Safari/537.36"
10.1.88.254 - - [19/Jul/2023:09:38:40 +0000] "GET /.well-known/mercure?topic=popup-notify HTTP/1.1" 200 110 "https://arm.vatholm.ru/contingent/document/" "Mozilla/5.0 (Windows NT 10.0; Win64; x64) AppleWebKit/537.36 (KHTML, like Gecko) Chrome/112.0.0.0 YaBrowser/23.5.2.625 Yowser/2.5 Safari/537.36"
192.168.0.26 - - [19/Jul/2023:09:39:09 +0000] "GET / HTTP/1.1" 302 286 "https://arm.vatholm.ru/admission/petition/" "Mozilla/5.0 (Windows NT 10.0; WOW64) AppleWebKit/537.36 (KHTML, like Gecko) Chrome/108.0.0.0 YaBrowser/23.1.2.939 (corp) Yowser/2.5 Safari/537.36"
192.168.0.26 - - [19/Jul/2023:09:39:09 +0000] "GET /secure HTTP/1.1" 302 302 "https://arm.vatholm.ru/admission/petition/" "Mozilla/5.0 (Windows NT 10.0; WOW64) AppleWebKit/537.36 (KHTML, like Gecko) Chrome/108.0.0.0 YaBrowser/23.1.2.939 (corp) Yowser/2.5 Safari/537.36"
192.168.0.26 - - [19/Jul/2023:09:39:09 +0000] "GET /dashboard/ HTTP/1.1" 200 284050 "https://arm.vatholm.ru/admission/petition/" "Mozilla/5.0 (Windows NT 10.0; WOW64) AppleWebKit/537.36 (KHTML, like Gecko) Chrome/108.0.0.0 YaBrowser/23.1.2.939 (corp) Yowser/2.5 Safari/537.36"
192.168.0.26 - - [19/Jul/2023:09:39:10 +0000] "GET /_wdt/7744eb HTTP/1.1" 200 26602 "https://arm.vatholm.ru/dashboard/" "Mozilla/5.0 (Windows NT 10.0; WOW64) AppleWebKit/537.36 (KHTML, like Gecko) Chrome/108.0.0.0 YaBrowser/23.1.2.939 (corp) Yowser/2.5 Safari/537.36"
10.1.88.254 - - [19/Jul/2023:09:39:33 +0000] "GET /.well-known/mercure?topic=popup-notify HTTP/1.1" 200 110 "https://arm.vatholm.ru/admission/petition/" "Mozilla/5.0 (Windows NT 10.0; Win64; x64) AppleWebKit/537.36 (KHTML, like Gecko) Chrome/112.0.0.0 YaBrowser/23.5.2.625 Yowser/2.5 Safari/537.36"
192.168.0.26 - - [19/Jul/2023:09:40:09 +0000] "GET /.well-known/mercure?topic=popup-notify HTTP/1.1" 200 28 "https://arm.vatholm.ru/admission/petition/" "Mozilla/5.0 (Windows NT 10.0; WOW64) AppleWebKit/537.36 (KHTML, like Gecko) Chrome/108.0.0.0 YaBrowser/23.1.2.939 (corp) Yowser/2.5 Safari/537.36"
10.1.88.254 - - [19/Jul/2023:09:42:50 +0000] "GET /.well-known/mercure?topic=popup-notify HTTP/1.1" 200 110 "https://arm.vatholm.ru/admission/dashboard/" "Mozilla/5.0 (Windows NT 10.0; Win64; x64) AppleWebKit/537.36 (KHTML, like Gecko) Chrome/112.0.0.0 YaBrowser/23.5.2.625 Yowser/2.5 Safari/537.36"
10.1.88.254 - - [19/Jul/2023:09:43:53 +0000] "GET /.well-known/mercure?topic=popup-notify HTTP/1.1" 200 110 "https://arm.vatholm.ru/education/subjects/" "Mozilla/5.0 (Windows NT 10.0; Win64; x64) AppleWebKit/537.36 (KHTML, like Gecko) Chrome/112.0.0.0 YaBrowser/23.5.2.625 Yowser/2.5 Safari/537.36"
192.168.0.188 - - [19/Jul/2023:09:44:12 +0000] "GET /.well-known/mercure?topic=popup-notify HTTP/1.1" 200 110 "https://arm.vatholm.ru/admission/petition/3092/edit" "Mozilla/5.0 (Windows NT 10.0; Win64; x64) AppleWebKit/537.36 (KHTML, like Gecko) Chrome/108.0.0.0 YaBrowser/23.1.2.931 (corp) Yowser/2.5 Safari/537.36"
192.168.0.188 - - [19/Jul/2023:09:46:09 +0000] "GET /.well-known/mercure?topic=popup-notify HTTP/1.1" 200 110 "https://arm.vatholm.ru/admission/petition/" "Mozilla/5.0 (Windows NT 10.0; Win64; x64) AppleWebKit/537.36 (KHTML, like Gecko) Chrome/108.0.0.0 YaBrowser/23.1.2.931 (corp) Yowser/2.5 Safari/537.36"
10.1.88.254 - - [19/Jul/2023:09:48:38 +0000] "GET /.well-known/mercure?topic=popup-notify HTTP/1.1" 200 110 "https://arm.vatholm.ru/contingent/document/" "Mozilla/5.0 (Windows NT 10.0; Win64; x64) AppleWebKit/537.36 (KHTML, like Gecko) Chrome/112.0.0.0 YaBrowser/23.5.2.625 Yowser/2.5 Safari/537.36"
192.168.0.26 - - [19/Jul/2023:09:49:05 +0000] "GET /.well-known/mercure?topic=popup-notify HTTP/1.1" 200 110 "https://arm.vatholm.ru/dashboard/" "Mozilla/5.0 (Windows NT 10.0; WOW64) AppleWebKit/537.36 (KHTML, like Gecko) Chrome/108.0.0.0 YaBrowser/23.1.2.939 (corp) Yowser/2.5 Safari/537.36"
10.1.88.254 - - [19/Jul/2023:09:49:31 +0000] "GET /.well-known/mercure?topic=popup-notify HTTP/1.1" 200 110 "https://arm.vatholm.ru/admission/petition/" "Mozilla/5.0 (Windows NT 10.0; Win64; x64) AppleWebKit/537.36 (KHTML, like Gecko) Chrome/112.0.0.0 YaBrowser/23.5.2.625 Yowser/2.5 Safari/537.36"
192.168.0.26 - - [19/Jul/2023:09:51:07 +0000] "GET /.well-known/mercure?topic=popup-notify HTTP/1.1" 200 21 "https://arm.vatholm.ru/dashboard/" "Mozilla/5.0 (Windows NT 10.0; WOW64) AppleWebKit/537.36 (KHTML, like Gecko) Chrome/108.0.0.0 YaBrowser/23.1.2.939 (corp) Yowser/2.5 Safari/537.36"
192.168.0.26 - - [19/Jul/2023:09:51:07 +0000] "GET /dashboard/ HTTP/1.1" 200 294088 "https://arm.vatholm.ru/admission/petition/" "Mozilla/5.0 (Windows NT 10.0; WOW64) AppleWebKit/537.36 (KHTML, like Gecko) Chrome/108.0.0.0 YaBrowser/23.1.2.939 (corp) Yowser/2.5 Safari/537.36"
192.168.0.26 - - [19/Jul/2023:09:51:07 +0000] "GET /_wdt/75179f HTTP/1.1" 200 25518 "https://arm.vatholm.ru/dashboard/" "Mozilla/5.0 (Windows NT 10.0; WOW64) AppleWebKit/537.36 (KHTML, like Gecko) Chrome/108.0.0.0 YaBrowser/23.1.2.939 (corp) Yowser/2.5 Safari/537.36"
192.168.0.26 - - [19/Jul/2023:09:51:57 +0000] "GET /admission/dashboard/ HTTP/1.1" 499 0 "https://arm.vatholm.ru/dashboard/" "Mozilla/5.0 (Windows NT 10.0; WOW64) AppleWebKit/537.36 (KHTML, like Gecko) Chrome/108.0.0.0 YaBrowser/23.1.2.939 (corp) Yowser/2.5 Safari/537.36"
192.168.0.26 - - [19/Jul/2023:09:52:04 +0000] "GET /admission/petition/ HTTP/1.1" 200 1510017 "https://arm.vatholm.ru/dashboard/" "Mozilla/5.0 (Windows NT 10.0; WOW64) AppleWebKit/537.36 (KHTML, like Gecko) Chrome/108.0.0.0 YaBrowser/23.1.2.939 (corp) Yowser/2.5 Safari/537.36"
192.168.0.26 - - [19/Jul/2023:09:52:05 +0000] "GET /_wdt/1de2c1 HTTP/1.1" 200 25601 "https://arm.vatholm.ru/admission/petition/" "Mozilla/5.0 (Windows NT 10.0; WOW64) AppleWebKit/537.36 (KHTML, like Gecko) Chrome/108.0.0.0 YaBrowser/23.1.2.939 (corp) Yowser/2.5 Safari/537.36"
192.168.0.26 - - [19/Jul/2023:09:52:15 +0000] "GET /admission/petition/loadFromVIS HTTP/1.1" 200 130556 "https://arm.vatholm.ru/admission/petition/" "Mozilla/5.0 (Windows NT 10.0; WOW64) AppleWebKit/537.36 (KHTML, like Gecko) Chrome/108.0.0.0 YaBrowser/23.1.2.939 (corp) Yowser/2.5 Safari/537.36"
192.168.0.26 - - [19/Jul/2023:09:52:15 +0000] "GET /.well-known/mercure?topic=popup-notify HTTP/1.1" 200 14 "https://arm.vatholm.ru/dashboard/" "Mozilla/5.0 (Windows NT 10.0; WOW64) AppleWebKit/537.36 (KHTML, like Gecko) Chrome/108.0.0.0 YaBrowser/23.1.2.939 (corp) Yowser/2.5 Safari/537.36"
192.168.0.26 - - [19/Jul/2023:09:52:15 +0000] "GET /_wdt/1c65ef HTTP/1.1" 200 57235 "https://arm.vatholm.ru/admission/petition/loadFromVIS" "Mozilla/5.0 (Windows NT 10.0; WOW64) AppleWebKit/537.36 (KHTML, like Gecko) Chrome/108.0.0.0 YaBrowser/23.1.2.939 (corp) Yowser/2.5 Safari/537.36"
192.168.0.26 - - [19/Jul/2023:09:52:33 +0000] "POST /admission/petition/loadFromVIS HTTP/1.1" 303 338 "https://arm.vatholm.ru/admission/petition/loadFromVIS" "Mozilla/5.0 (Windows NT 10.0; WOW64) AppleWebKit/537.36 (KHTML, like Gecko) Chrome/108.0.0.0 YaBrowser/23.1.2.939 (corp) Yowser/2.5 Safari/537.36"
192.168.0.26 - - [19/Jul/2023:09:52:33 +0000] "GET /.well-known/mercure?topic=popup-notify HTTP/1.1" 200 7 "https://arm.vatholm.ru/admission/petition/" "Mozilla/5.0 (Windows NT 10.0; WOW64) AppleWebKit/537.36 (KHTML, like Gecko) Chrome/108.0.0.0 YaBrowser/23.1.2.939 (corp) Yowser/2.5 Safari/537.36"
192.168.0.26 - - [19/Jul/2023:09:52:33 +0000] "GET /admission/petition/ HTTP/1.1" 200 1509959 "https://arm.vatholm.ru/admission/petition/loadFromVIS" "Mozilla/5.0 (Windows NT 10.0; WOW64) AppleWebKit/537.36 (KHTML, like Gecko) Chrome/108.0.0.0 YaBrowser/23.1.2.939 (corp) Yowser/2.5 Safari/537.36"
192.168.0.26 - - [19/Jul/2023:09:52:34 +0000] "GET /_wdt/98c70b HTTP/1.1" 200 26827 "https://arm.vatholm.ru/admission/petition/" "Mozilla/5.0 (Windows NT 10.0; WOW64) AppleWebKit/537.36 (KHTML, like Gecko) Chrome/108.0.0.0 YaBrowser/23.1.2.939 (corp) Yowser/2.5 Safari/537.36"
10.1.88.254 - - [19/Jul/2023:09:52:48 +0000] "GET /.well-known/mercure?topic=popup-notify HTTP/1.1" 200 358 "https://arm.vatholm.ru/admission/dashboard/" "Mozilla/5.0 (Windows NT 10.0; Win64; x64) AppleWebKit/537.36 (KHTML, like Gecko) Chrome/112.0.0.0 YaBrowser/23.5.2.625 Yowser/2.5 Safari/537.36"
192.168.0.26 - - [19/Jul/2023:09:52:58 +0000] "GET /admission/petition/2666/edit HTTP/1.1" 200 648961 "https://arm.vatholm.ru/admission/petition/" "Mozilla/5.0 (Windows NT 10.0; WOW64) AppleWebKit/537.36 (KHTML, like Gecko) Chrome/108.0.0.0 YaBrowser/23.1.2.939 (corp) Yowser/2.5 Safari/537.36"
192.168.0.26 - - [19/Jul/2023:09:52:59 +0000] "GET /_wdt/30ac71 HTTP/1.1" 200 164375 "https://arm.vatholm.ru/admission/petition/2666/edit" "Mozilla/5.0 (Windows NT 10.0; WOW64) AppleWebKit/537.36 (KHTML, like Gecko) Chrome/108.0.0.0 YaBrowser/23.1.2.939 (corp) Yowser/2.5 Safari/537.36"
192.168.0.26 - - [19/Jul/2023:09:52:59 +0000] "GET /admission/petition/2667/edit HTTP/1.1" 200 649021 "https://arm.vatholm.ru/admission/petition/" "Mozilla/5.0 (Windows NT 10.0; WOW64) AppleWebKit/537.36 (KHTML, like Gecko) Chrome/108.0.0.0 YaBrowser/23.1.2.939 (corp) Yowser/2.5 Safari/537.36"
192.168.0.26 - - [19/Jul/2023:09:52:59 +0000] "GET /_wdt/f50de5 HTTP/1.1" 200 166187 "https://arm.vatholm.ru/admission/petition/2667/edit" "Mozilla/5.0 (Windows NT 10.0; WOW64) AppleWebKit/537.36 (KHTML, like Gecko) Chrome/108.0.0.0 YaBrowser/23.1.2.939 (corp) Yowser/2.5 Safari/537.36"
192.168.0.26 - - [19/Jul/2023:09:53:33 +0000] "GET /.well-known/mercure?topic=popup-notify HTTP/1.1" 200 262 "https://arm.vatholm.ru/admission/petition/loadFromVIS" "Mozilla/5.0 (Windows NT 10.0; WOW64) AppleWebKit/537.36 (KHTML, like Gecko) Chrome/108.0.0.0 YaBrowser/23.1.2.939 (corp) Yowser/2.5 Safari/537.36"
10.1.88.254 - - [19/Jul/2023:09:53:51 +0000] "GET /.well-known/mercure?topic=popup-notify HTTP/1.1" 200 351 "https://arm.vatholm.ru/education/subjects/" "Mozilla/5.0 (Windows NT 10.0; Win64; x64) AppleWebKit/537.36 (KHTML, like Gecko) Chrome/112.0.0.0 YaBrowser/23.5.2.625 Yowser/2.5 Safari/537.36"
192.168.0.26 - - [19/Jul/2023:09:53:58 +0000] "GET /admission/petition/3101/edit HTTP/1.1" 200 641391 "https://arm.vatholm.ru/admission/petition/" "Mozilla/5.0 (Windows NT 10.0; WOW64) AppleWebKit/537.36 (KHTML, like Gecko) Chrome/108.0.0.0 YaBrowser/23.1.2.939 (corp) Yowser/2.5 Safari/537.36"
192.168.0.26 - - [19/Jul/2023:09:53:59 +0000] "GET /admission/petition/3100/edit HTTP/1.1" 200 646431 "https://arm.vatholm.ru/admission/petition/" "Mozilla/5.0 (Windows NT 10.0; WOW64) AppleWebKit/537.36 (KHTML, like Gecko) Chrome/108.0.0.0 YaBrowser/23.1.2.939 (corp) Yowser/2.5 Safari/537.36"
192.168.0.26 - - [19/Jul/2023:09:53:59 +0000] "GET /_wdt/4d6796 HTTP/1.1" 200 170123 "https://arm.vatholm.ru/admission/petition/3101/edit" "Mozilla/5.0 (Windows NT 10.0; WOW64) AppleWebKit/537.36 (KHTML, like Gecko) Chrome/108.0.0.0 YaBrowser/23.1.2.939 (corp) Yowser/2.5 Safari/537.36"
192.168.0.26 - - [19/Jul/2023:09:53:59 +0000] "GET /_wdt/8d1c0e HTTP/1.1" 200 155530 "https://arm.vatholm.ru/admission/petition/3100/edit" "Mozilla/5.0 (Windows NT 10.0; WOW64) AppleWebKit/537.36 (KHTML, like Gecko) Chrome/108.0.0.0 YaBrowser/23.1.2.939 (corp) Yowser/2.5 Safari/537.36"
192.168.0.26 - - [19/Jul/2023:09:53:59 +0000] "GET /admission/petition/3099/edit HTTP/1.1" 200 642899 "https://arm.vatholm.ru/admission/petition/" "Mozilla/5.0 (Windows NT 10.0; WOW64) AppleWebKit/537.36 (KHTML, like Gecko) Chrome/108.0.0.0 YaBrowser/23.1.2.939 (corp) Yowser/2.5 Safari/537.36"
192.168.0.26 - - [19/Jul/2023:09:54:00 +0000] "GET /_wdt/be9dfa HTTP/1.1" 200 162030 "https://arm.vatholm.ru/admission/petition/3099/edit" "Mozilla/5.0 (Windows NT 10.0; WOW64) AppleWebKit/537.36 (KHTML, like Gecko) Chrome/108.0.0.0 YaBrowser/23.1.2.939 (corp) Yowser/2.5 Safari/537.36"
192.168.0.188 - - [19/Jul/2023:09:54:10 +0000] "GET /.well-known/mercure?topic=popup-notify HTTP/1.1" 200 358 "https://arm.vatholm.ru/admission/petition/3092/edit" "Mozilla/5.0 (Windows NT 10.0; Win64; x64) AppleWebKit/537.36 (KHTML, like Gecko) Chrome/108.0.0.0 YaBrowser/23.1.2.931 (corp) Yowser/2.5 Safari/537.36"
10.1.88.254 - - [19/Jul/2023:09:54:37 +0000] "GET /.well-known/mercure?topic=popup-notify HTTP/1.1" 200 21 "https://arm.vatholm.ru/admission/dashboard/" "Mozilla/5.0 (Windows NT 10.0; Win64; x64) AppleWebKit/537.36 (KHTML, like Gecko) Chrome/112.0.0.0 YaBrowser/23.5.2.625 Yowser/2.5 Safari/537.36"
10.1.88.254 - - [19/Jul/2023:09:54:37 +0000] "GET /admission/dashboard/ HTTP/1.1" 200 1065652 "https://arm.vatholm.ru/admission/petition/2760/edit" "Mozilla/5.0 (Windows NT 10.0; Win64; x64) AppleWebKit/537.36 (KHTML, like Gecko) Chrome/112.0.0.0 YaBrowser/23.5.2.625 Yowser/2.5 Safari/537.36"
10.1.88.254 - - [19/Jul/2023:09:54:38 +0000] "GET /_wdt/52c8e1 HTTP/1.1" 200 47888 "https://arm.vatholm.ru/admission/dashboard/" "Mozilla/5.0 (Windows NT 10.0; Win64; x64) AppleWebKit/537.36 (KHTML, like Gecko) Chrome/112.0.0.0 YaBrowser/23.5.2.625 Yowser/2.5 Safari/537.36"
192.168.0.26 - - [19/Jul/2023:09:54:42 +0000] "GET /.well-known/mercure?topic=popup-notify HTTP/1.1" 200 21 "https://arm.vatholm.ru/admission/petition/2666/edit" "Mozilla/5.0 (Windows NT 10.0; WOW64) AppleWebKit/537.36 (KHTML, like Gecko) Chrome/108.0.0.0 YaBrowser/23.1.2.939 (corp) Yowser/2.5 Safari/537.36"
192.168.0.26 - - [19/Jul/2023:09:54:43 +0000] "GET /admission/petition/3098/edit HTTP/1.1" 200 643440 "https://arm.vatholm.ru/admission/petition/" "Mozilla/5.0 (Windows NT 10.0; WOW64) AppleWebKit/537.36 (KHTML, like Gecko) Chrome/108.0.0.0 YaBrowser/23.1.2.939 (corp) Yowser/2.5 Safari/537.36"
192.168.0.26 - - [19/Jul/2023:09:54:43 +0000] "GET /admission/petition/3097/edit HTTP/1.1" 200 643313 "https://arm.vatholm.ru/admission/petition/" "Mozilla/5.0 (Windows NT 10.0; WOW64) AppleWebKit/537.36 (KHTML, like Gecko) Chrome/108.0.0.0 YaBrowser/23.1.2.939 (corp) Yowser/2.5 Safari/537.36"
192.168.0.26 - - [19/Jul/2023:09:54:43 +0000] "GET /.well-known/mercure?topic=popup-notify HTTP/1.1" 200 21 "https://arm.vatholm.ru/admission/petition/2667/edit" "Mozilla/5.0 (Windows NT 10.0; WOW64) AppleWebKit/537.36 (KHTML, like Gecko) Chrome/108.0.0.0 YaBrowser/23.1.2.939 (corp) Yowser/2.5 Safari/537.36"
192.168.0.26 - - [19/Jul/2023:09:54:43 +0000] "GET /admission/petition/3096/edit HTTP/1.1" 200 640784 "https://arm.vatholm.ru/admission/petition/" "Mozilla/5.0 (Windows NT 10.0; WOW64) AppleWebKit/537.36 (KHTML, like Gecko) Chrome/108.0.0.0 YaBrowser/23.1.2.939 (corp) Yowser/2.5 Safari/537.36"
192.168.0.26 - - [19/Jul/2023:09:54:43 +0000] "GET /admission/petition/3095/edit HTTP/1.1" 200 646716 "https://arm.vatholm.ru/admission/petition/" "Mozilla/5.0 (Windows NT 10.0; WOW64) AppleWebKit/537.36 (KHTML, like Gecko) Chrome/108.0.0.0 YaBrowser/23.1.2.939 (corp) Yowser/2.5 Safari/537.36"
192.168.0.26 - - [19/Jul/2023:09:54:43 +0000] "GET /admission/petition/3092/edit HTTP/1.1" 200 646501 "https://arm.vatholm.ru/admission/petition/" "Mozilla/5.0 (Windows NT 10.0; WOW64) AppleWebKit/537.36 (KHTML, like Gecko) Chrome/108.0.0.0 YaBrowser/23.1.2.939 (corp) Yowser/2.5 Safari/537.36"
192.168.0.26 - - [19/Jul/2023:09:54:43 +0000] "GET /admission/petition/3080/edit HTTP/1.1" 200 643669 "https://arm.vatholm.ru/admission/petition/" "Mozilla/5.0 (Windows NT 10.0; WOW64) AppleWebKit/537.36 (KHTML, like Gecko) Chrome/108.0.0.0 YaBrowser/23.1.2.939 (corp) Yowser/2.5 Safari/537.36"
192.168.0.26 - - [19/Jul/2023:09:54:43 +0000] "GET /admission/petition/3104/edit HTTP/1.1" 200 641567 "https://arm.vatholm.ru/admission/petition/" "Mozilla/5.0 (Windows NT 10.0; WOW64) AppleWebKit/537.36 (KHTML, like Gecko) Chrome/108.0.0.0 YaBrowser/23.1.2.939 (corp) Yowser/2.5 Safari/537.36"
192.168.0.26 - - [19/Jul/2023:09:54:44 +0000] "GET /admission/petition/3103/edit HTTP/1.1" 200 642982 "https://arm.vatholm.ru/admission/petition/" "Mozilla/5.0 (Windows NT 10.0; WOW64) AppleWebKit/537.36 (KHTML, like Gecko) Chrome/108.0.0.0 YaBrowser/23.1.2.939 (corp) Yowser/2.5 Safari/537.36"
192.168.0.26 - - [19/Jul/2023:09:54:44 +0000] "GET /admission/petition/3102/edit HTTP/1.1" 200 643512 "https://arm.vatholm.ru/admission/petition/" "Mozilla/5.0 (Windows NT 10.0; WOW64) AppleWebKit/537.36 (KHTML, like Gecko) Chrome/108.0.0.0 YaBrowser/23.1.2.939 (corp) Yowser/2.5 Safari/537.36"
192.168.0.26 - - [19/Jul/2023:09:54:44 +0000] "GET /_wdt/7e1a91 HTTP/1.1" 200 162443 "https://arm.vatholm.ru/admission/petition/3098/edit" "Mozilla/5.0 (Windows NT 10.0; WOW64) AppleWebKit/537.36 (KHTML, like Gecko) Chrome/108.0.0.0 YaBrowser/23.1.2.939 (corp) Yowser/2.5 Safari/537.36"
192.168.0.26 - - [19/Jul/2023:09:54:44 +0000] "POST /admission/petition/3101/edit HTTP/1.1" 303 338 "https://arm.vatholm.ru/admission/petition/3101/edit" "Mozilla/5.0 (Windows NT 10.0; WOW64) AppleWebKit/537.36 (KHTML, like Gecko) Chrome/108.0.0.0 YaBrowser/23.1.2.939 (corp) Yowser/2.5 Safari/537.36"
192.168.0.26 - - [19/Jul/2023:09:54:44 +0000] "GET /_wdt/464c20 HTTP/1.1" 200 162682 "https://arm.vatholm.ru/admission/petition/3097/edit" "Mozilla/5.0 (Windows NT 10.0; WOW64) AppleWebKit/537.36 (KHTML, like Gecko) Chrome/108.0.0.0 YaBrowser/23.1.2.939 (corp) Yowser/2.5 Safari/537.36"
192.168.0.26 - - [19/Jul/2023:09:54:44 +0000] "GET /admission/petition/ HTTP/1.1" 200 1512856 "https://arm.vatholm.ru/admission/petition/3101/edit" "Mozilla/5.0 (Windows NT 10.0; WOW64) AppleWebKit/537.36 (KHTML, like Gecko) Chrome/108.0.0.0 YaBrowser/23.1.2.939 (corp) Yowser/2.5 Safari/537.36"
192.168.0.26 - - [19/Jul/2023:09:54:48 +0000] "GET /.well-known/mercure?topic=popup-notify HTTP/1.1" 200 14 "https://arm.vatholm.ru/admission/petition/3101/edit" "Mozilla/5.0 (Windows NT 10.0; WOW64) AppleWebKit/537.36 (KHTML, like Gecko) Chrome/108.0.0.0 YaBrowser/23.1.2.939 (corp) Yowser/2.5 Safari/537.36"
192.168.0.26 - - [19/Jul/2023:09:54:48 +0000] "GET /admission/petition/ HTTP/1.1" 499 0 "https://arm.vatholm.ru/admission/petition/3101/edit" "Mozilla/5.0 (Windows NT 10.0; WOW64) AppleWebKit/537.36 (KHTML, like Gecko) Chrome/108.0.0.0 YaBrowser/23.1.2.939 (corp) Yowser/2.5 Safari/537.36"
192.168.0.26 - - [19/Jul/2023:09:54:48 +0000] "GET /_wdt/673023 HTTP/1.1" 200 170331 "https://arm.vatholm.ru/admission/petition/3096/edit" "Mozilla/5.0 (Windows NT 10.0; WOW64) AppleWebKit/537.36 (KHTML, like Gecko) Chrome/108.0.0.0 YaBrowser/23.1.2.939 (corp) Yowser/2.5 Safari/537.36"
192.168.0.188 - - [19/Jul/2023:09:56:07 +0000] "GET /.well-known/mercure?topic=popup-notify HTTP/1.1" 200 358 "https://arm.vatholm.ru/admission/petition/" "Mozilla/5.0 (Windows NT 10.0; Win64; x64) AppleWebKit/537.36 (KHTML, like Gecko) Chrome/108.0.0.0 YaBrowser/23.1.2.931 (corp) Yowser/2.5 Safari/537.36"
10.1.88.254 - - [19/Jul/2023:09:58:36 +0000] "GET /.well-known/mercure?topic=popup-notify HTTP/1.1" 200 358 "https://arm.vatholm.ru/contingent/document/" "Mozilla/5.0 (Windows NT 10.0; Win64; x64) AppleWebKit/537.36 (KHTML, like Gecko) Chrome/112.0.0.0 YaBrowser/23.5.2.625 Yowser/2.5 Safari/537.36"
10.1.88.254 - - [19/Jul/2023:09:59:29 +0000] "GET /.well-known/mercure?topic=popup-notify HTTP/1.1" 200 358 "https://arm.vatholm.ru/admission/petition/" "Mozilla/5.0 (Windows NT 10.0; Win64; x64) AppleWebKit/537.36 (KHTML, like Gecko) Chrome/112.0.0.0 YaBrowser/23.5.2.625 Yowser/2.5 Safari/537.36"
192.168.0.26 - - [19/Jul/2023:10:02:29 +0000] "GET /.well-known/mercure?topic=popup-notify HTTP/1.1" 200 358 "https://arm.vatholm.ru/admission/petition/" "Mozilla/5.0 (Windows NT 10.0; WOW64) AppleWebKit/537.36 (KHTML, like Gecko) Chrome/108.0.0.0 YaBrowser/23.1.2.939 (corp) Yowser/2.5 Safari/537.36"
192.168.0.26 - - [19/Jul/2023:10:02:30 +0000] "POST /admission/petition/3100/edit HTTP/1.1" 303 338 "https://arm.vatholm.ru/admission/petition/3100/edit" "Mozilla/5.0 (Windows NT 10.0; WOW64) AppleWebKit/537.36 (KHTML, like Gecko) Chrome/108.0.0.0 YaBrowser/23.1.2.939 (corp) Yowser/2.5 Safari/537.36"
192.168.0.26 - - [19/Jul/2023:10:02:30 +0000] "POST /admission/petition/3098/edit HTTP/1.1" 303 338 "https://arm.vatholm.ru/admission/petition/3098/edit" "Mozilla/5.0 (Windows NT 10.0; WOW64) AppleWebKit/537.36 (KHTML, like Gecko) Chrome/108.0.0.0 YaBrowser/23.1.2.939 (corp) Yowser/2.5 Safari/537.36"
192.168.0.26 - - [19/Jul/2023:10:02:30 +0000] "POST /admission/petition/3097/edit HTTP/1.1" 303 338 "https://arm.vatholm.ru/admission/petition/3097/edit" "Mozilla/5.0 (Windows NT 10.0; WOW64) AppleWebKit/537.36 (KHTML, like Gecko) Chrome/108.0.0.0 YaBrowser/23.1.2.939 (corp) Yowser/2.5 Safari/537.36"
192.168.0.26 - - [19/Jul/2023:10:02:30 +0000] "POST /admission/petition/3096/edit HTTP/1.1" 303 338 "https://arm.vatholm.ru/admission/petition/3096/edit" "Mozilla/5.0 (Windows NT 10.0; WOW64) AppleWebKit/537.36 (KHTML, like Gecko) Chrome/108.0.0.0 YaBrowser/23.1.2.939 (corp) Yowser/2.5 Safari/537.36"
192.168.0.26 - - [19/Jul/2023:10:02:30 +0000] "POST /admission/petition/3095/edit HTTP/1.1" 303 338 "https://arm.vatholm.ru/admission/petition/3095/edit" "Mozilla/5.0 (Windows NT 10.0; WOW64) AppleWebKit/537.36 (KHTML, like Gecko) Chrome/108.0.0.0 YaBrowser/23.1.2.939 (corp) Yowser/2.5 Safari/537.36"
192.168.0.26 - - [19/Jul/2023:10:02:30 +0000] "POST /admission/petition/3092/edit HTTP/1.1" 303 338 "https://arm.vatholm.ru/admission/petition/3092/edit" "Mozilla/5.0 (Windows NT 10.0; WOW64) AppleWebKit/537.36 (KHTML, like Gecko) Chrome/108.0.0.0 YaBrowser/23.1.2.939 (corp) Yowser/2.5 Safari/537.36"
192.168.0.26 - - [19/Jul/2023:10:02:30 +0000] "POST /admission/petition/3080/edit HTTP/1.1" 303 338 "https://arm.vatholm.ru/admission/petition/3080/edit" "Mozilla/5.0 (Windows NT 10.0; WOW64) AppleWebKit/537.36 (KHTML, like Gecko) Chrome/108.0.0.0 YaBrowser/23.1.2.939 (corp) Yowser/2.5 Safari/537.36"
192.168.0.26 - - [19/Jul/2023:10:02:30 +0000] "POST /admission/petition/3104/edit HTTP/1.1" 303 338 "https://arm.vatholm.ru/admission/petition/3104/edit" "Mozilla/5.0 (Windows NT 10.0; WOW64) AppleWebKit/537.36 (KHTML, like Gecko) Chrome/108.0.0.0 YaBrowser/23.1.2.939 (corp) Yowser/2.5 Safari/537.36"
192.168.0.26 - - [19/Jul/2023:10:02:30 +0000] "POST /admission/petition/3103/edit HTTP/1.1" 303 338 "https://arm.vatholm.ru/admission/petition/3103/edit" "Mozilla/5.0 (Windows NT 10.0; WOW64) AppleWebKit/537.36 (KHTML, like Gecko) Chrome/108.0.0.0 YaBrowser/23.1.2.939 (corp) Yowser/2.5 Safari/537.36"
192.168.0.26 - - [19/Jul/2023:10:02:30 +0000] "POST /admission/petition/3102/edit HTTP/1.1" 303 338 "https://arm.vatholm.ru/admission/petition/3102/edit" "Mozilla/5.0 (Windows NT 10.0; WOW64) AppleWebKit/537.36 (KHTML, like Gecko) Chrome/108.0.0.0 YaBrowser/23.1.2.939 (corp) Yowser/2.5 Safari/537.36"
192.168.0.26 - - [19/Jul/2023:10:02:31 +0000] "POST /admission/petition/3099/edit HTTP/1.1" 303 338 "https://arm.vatholm.ru/admission/petition/3099/edit" "Mozilla/5.0 (Windows NT 10.0; WOW64) AppleWebKit/537.36 (KHTML, like Gecko) Chrome/108.0.0.0 YaBrowser/23.1.2.939 (corp) Yowser/2.5 Safari/537.36"
192.168.0.26 - - [19/Jul/2023:10:02:31 +0000] "GET /admission/petition/ HTTP/1.1" 200 1511449 "https://arm.vatholm.ru/admission/petition/3100/edit" "Mozilla/5.0 (Windows NT 10.0; WOW64) AppleWebKit/537.36 (KHTML, like Gecko) Chrome/108.0.0.0 YaBrowser/23.1.2.939 (corp) Yowser/2.5 Safari/537.36"
192.168.0.26 - - [19/Jul/2023:10:02:31 +0000] "GET /admission/petition/ HTTP/1.1" 200 1511362 "https://arm.vatholm.ru/admission/petition/3098/edit" "Mozilla/5.0 (Windows NT 10.0; WOW64) AppleWebKit/537.36 (KHTML, like Gecko) Chrome/108.0.0.0 YaBrowser/23.1.2.939 (corp) Yowser/2.5 Safari/537.36"
192.168.0.26 - - [19/Jul/2023:10:02:32 +0000] "GET /admission/petition/ HTTP/1.1" 200 1511380 "https://arm.vatholm.ru/admission/petition/3097/edit" "Mozilla/5.0 (Windows NT 10.0; WOW64) AppleWebKit/537.36 (KHTML, like Gecko) Chrome/108.0.0.0 YaBrowser/23.1.2.939 (corp) Yowser/2.5 Safari/537.36"
192.168.0.26 - - [19/Jul/2023:10:02:32 +0000] "GET /admission/petition/ HTTP/1.1" 200 1511380 "https://arm.vatholm.ru/admission/petition/3096/edit" "Mozilla/5.0 (Windows NT 10.0; WOW64) AppleWebKit/537.36 (KHTML, like Gecko) Chrome/108.0.0.0 YaBrowser/23.1.2.939 (corp) Yowser/2.5 Safari/537.36"
192.168.0.26 - - [19/Jul/2023:10:02:32 +0000] "GET /admission/petition/ HTTP/1.1" 200 1511389 "https://arm.vatholm.ru/admission/petition/3095/edit" "Mozilla/5.0 (Windows NT 10.0; WOW64) AppleWebKit/537.36 (KHTML, like Gecko) Chrome/108.0.0.0 YaBrowser/23.1.2.939 (corp) Yowser/2.5 Safari/537.36"
192.168.0.26 - - [19/Jul/2023:10:02:33 +0000] "GET /admission/petition/ HTTP/1.1" 200 1511389 "https://arm.vatholm.ru/admission/petition/3092/edit" "Mozilla/5.0 (Windows NT 10.0; WOW64) AppleWebKit/537.36 (KHTML, like Gecko) Chrome/108.0.0.0 YaBrowser/23.1.2.939 (corp) Yowser/2.5 Safari/537.36"
192.168.0.26 - - [19/Jul/2023:10:02:33 +0000] "GET /admission/petition/ HTTP/1.1" 200 1511389 "https://arm.vatholm.ru/admission/petition/3080/edit" "Mozilla/5.0 (Windows NT 10.0; WOW64) AppleWebKit/537.36 (KHTML, like Gecko) Chrome/108.0.0.0 YaBrowser/23.1.2.939 (corp) Yowser/2.5 Safari/537.36"
192.168.0.26 - - [19/Jul/2023:10:02:33 +0000] "GET /admission/petition/ HTTP/1.1" 200 1511389 "https://arm.vatholm.ru/admission/petition/3104/edit" "Mozilla/5.0 (Windows NT 10.0; WOW64) AppleWebKit/537.36 (KHTML, like Gecko) Chrome/108.0.0.0 YaBrowser/23.1.2.939 (corp) Yowser/2.5 Safari/537.36"
192.168.0.26 - - [19/Jul/2023:10:02:34 +0000] "GET /admission/petition/ HTTP/1.1" 200 1511389 "https://arm.vatholm.ru/admission/petition/3103/edit" "Mozilla/5.0 (Windows NT 10.0; WOW64) AppleWebKit/537.36 (KHTML, like Gecko) Chrome/108.0.0.0 YaBrowser/23.1.2.939 (corp) Yowser/2.5 Safari/537.36"
192.168.0.26 - - [19/Jul/2023:10:02:34 +0000] "GET /admission/petition/ HTTP/1.1" 200 1511389 "https://arm.vatholm.ru/admission/petition/3102/edit" "Mozilla/5.0 (Windows NT 10.0; WOW64) AppleWebKit/537.36 (KHTML, like Gecko) Chrome/108.0.0.0 YaBrowser/23.1.2.939 (corp) Yowser/2.5 Safari/537.36"
192.168.0.26 - - [19/Jul/2023:10:02:34 +0000] "GET /.well-known/mercure?topic=popup-notify HTTP/1.1" 200 91 "https://arm.vatholm.ru/admission/petition/3100/edit" "Mozilla/5.0 (Windows NT 10.0; WOW64) AppleWebKit/537.36 (KHTML, like Gecko) Chrome/108.0.0.0 YaBrowser/23.1.2.939 (corp) Yowser/2.5 Safari/537.36"
192.168.0.26 - - [19/Jul/2023:10:02:34 +0000] "GET /_wdt/be7614 HTTP/1.1" 200 156511 "https://arm.vatholm.ru/admission/petition/3095/edit" "Mozilla/5.0 (Windows NT 10.0; WOW64) AppleWebKit/537.36 (KHTML, like Gecko) Chrome/108.0.0.0 YaBrowser/23.1.2.939 (corp) Yowser/2.5 Safari/537.36"
192.168.0.26 - - [19/Jul/2023:10:02:34 +0000] "GET /admission/petition/ HTTP/1.1" 200 1511389 "https://arm.vatholm.ru/admission/petition/3099/edit" "Mozilla/5.0 (Windows NT 10.0; WOW64) AppleWebKit/537.36 (KHTML, like Gecko) Chrome/108.0.0.0 YaBrowser/23.1.2.939 (corp) Yowser/2.5 Safari/537.36"
192.168.0.26 - - [19/Jul/2023:10:02:34 +0000] "GET /_wdt/13d836 HTTP/1.1" 200 156603 "https://arm.vatholm.ru/admission/petition/3092/edit" "Mozilla/5.0 (Windows NT 10.0; WOW64) AppleWebKit/537.36 (KHTML, like Gecko) Chrome/108.0.0.0 YaBrowser/23.1.2.939 (corp) Yowser/2.5 Safari/537.36"
192.168.0.26 - - [19/Jul/2023:10:02:35 +0000] "GET /.well-known/mercure?topic=popup-notify HTTP/1.1" 200 91 "https://arm.vatholm.ru/admission/petition/3099/edit" "Mozilla/5.0 (Windows NT 10.0; WOW64) AppleWebKit/537.36 (KHTML, like Gecko) Chrome/108.0.0.0 YaBrowser/23.1.2.939 (corp) Yowser/2.5 Safari/537.36"
192.168.0.26 - - [19/Jul/2023:10:02:35 +0000] "GET /_wdt/ac19ed HTTP/1.1" 200 163534 "https://arm.vatholm.ru/admission/petition/3080/edit" "Mozilla/5.0 (Windows NT 10.0; WOW64) AppleWebKit/537.36 (KHTML, like Gecko) Chrome/108.0.0.0 YaBrowser/23.1.2.939 (corp) Yowser/2.5 Safari/537.36"
192.168.0.26 - - [19/Jul/2023:10:02:36 +0000] "GET /.well-known/mercure?topic=popup-notify HTTP/1.1" 200 84 "https://arm.vatholm.ru/admission/petition/3098/edit" "Mozilla/5.0 (Windows NT 10.0; WOW64) AppleWebKit/537.36 (KHTML, like Gecko) Chrome/108.0.0.0 YaBrowser/23.1.2.939 (corp) Yowser/2.5 Safari/537.36"
192.168.0.26 - - [19/Jul/2023:10:02:36 +0000] "GET /_wdt/39bdfa HTTP/1.1" 200 171578 "https://arm.vatholm.ru/admission/petition/3104/edit" "Mozilla/5.0 (Windows NT 10.0; WOW64) AppleWebKit/537.36 (KHTML, like Gecko) Chrome/108.0.0.0 YaBrowser/23.1.2.939 (corp) Yowser/2.5 Safari/537.36"
192.168.0.26 - - [19/Jul/2023:10:02:37 +0000] "GET /.well-known/mercure?topic=popup-notify HTTP/1.1" 200 84 "https://arm.vatholm.ru/admission/petition/3097/edit" "Mozilla/5.0 (Windows NT 10.0; WOW64) AppleWebKit/537.36 (KHTML, like Gecko) Chrome/108.0.0.0 YaBrowser/23.1.2.939 (corp) Yowser/2.5 Safari/537.36"
192.168.0.26 - - [19/Jul/2023:10:02:37 +0000] "GET /_wdt/5e1c17 HTTP/1.1" 200 163353 "https://arm.vatholm.ru/admission/petition/3103/edit" "Mozilla/5.0 (Windows NT 10.0; WOW64) AppleWebKit/537.36 (KHTML, like Gecko) Chrome/108.0.0.0 YaBrowser/23.1.2.939 (corp) Yowser/2.5 Safari/537.36"
