192.168.0.188 - - [19/Jul/2023:05:13:30 +0000] "GET /assets/js/plugins/bootstrap-notify/bootstrap-notify.min.js HTTP/1.1" 200 7934 "https://arm.vatholm.ru/dashboard/" "Mozilla/5.0 (Windows NT 10.0; Win64; x64) AppleWebKit/537.36 (KHTML, like Gecko) Chrome/108.0.0.0 YaBrowser/23.1.2.931 (corp) Yowser/2.5 Safari/537.36"
192.168.0.188 - - [19/Jul/2023:05:13:30 +0000] "GET /assets/js/plugins/bootstrap-maxlength/bootstrap-maxlength.min.js HTTP/1.1" 200 8622 "https://arm.vatholm.ru/dashboard/" "Mozilla/5.0 (Windows NT 10.0; Win64; x64) AppleWebKit/537.36 (KHTML, like Gecko) Chrome/108.0.0.0 YaBrowser/23.1.2.931 (corp) Yowser/2.5 Safari/537.36"
192.168.0.188 - - [19/Jul/2023:05:13:31 +0000] "GET /assets/js/plugins/datatables/jquery.dataTables.min.js HTTP/1.1" 200 84027 "https://arm.vatholm.ru/dashboard/" "Mozilla/5.0 (Windows NT 10.0; Win64; x64) AppleWebKit/537.36 (KHTML, like Gecko) Chrome/108.0.0.0 YaBrowser/23.1.2.931 (corp) Yowser/2.5 Safari/537.36"
192.168.0.188 - - [19/Jul/2023:05:13:31 +0000] "GET /assets/js/plugins/datatables-bs5/js/dataTables.bootstrap5.min.js HTTP/1.1" 200 4480 "https://arm.vatholm.ru/dashboard/" "Mozilla/5.0 (Windows NT 10.0; Win64; x64) AppleWebKit/537.36 (KHTML, like Gecko) Chrome/108.0.0.0 YaBrowser/23.1.2.931 (corp) Yowser/2.5 Safari/537.36"
192.168.0.188 - - [19/Jul/2023:05:13:31 +0000] "GET /assets/js/plugins/datatables-responsive/js/dataTables.responsive.min.js HTTP/1.1" 200 16849 "https://arm.vatholm.ru/dashboard/" "Mozilla/5.0 (Windows NT 10.0; Win64; x64) AppleWebKit/537.36 (KHTML, like Gecko) Chrome/108.0.0.0 YaBrowser/23.1.2.931 (corp) Yowser/2.5 Safari/537.36"
192.168.0.188 - - [19/Jul/2023:05:13:31 +0000] "GET /assets/js/plugins/datatables-responsive-bs5/js/responsive.bootstrap5.min.js HTTP/1.1" 200 3683 "https://arm.vatholm.ru/dashboard/" "Mozilla/5.0 (Windows NT 10.0; Win64; x64) AppleWebKit/537.36 (KHTML, like Gecko) Chrome/108.0.0.0 YaBrowser/23.1.2.931 (corp) Yowser/2.5 Safari/537.36"
192.168.0.188 - - [19/Jul/2023:05:13:31 +0000] "GET /assets/js/plugins/datatables-buttons/dataTables.buttons.min.js HTTP/1.1" 200 25183 "https://arm.vatholm.ru/dashboard/" "Mozilla/5.0 (Windows NT 10.0; Win64; x64) AppleWebKit/537.36 (KHTML, like Gecko) Chrome/108.0.0.0 YaBrowser/23.1.2.931 (corp) Yowser/2.5 Safari/537.36"
192.168.0.188 - - [19/Jul/2023:05:13:31 +0000] "GET /assets/js/plugins/datatables-buttons-bs5/js/buttons.bootstrap5.min.js HTTP/1.1" 200 1443 "https://arm.vatholm.ru/dashboard/" "Mozilla/5.0 (Windows NT 10.0; Win64; x64) AppleWebKit/537.36 (KHTML, like Gecko) Chrome/108.0.0.0 YaBrowser/23.1.2.931 (corp) Yowser/2.5 Safari/537.36"
192.168.0.188 - - [19/Jul/2023:05:13:31 +0000] "GET /assets/js/plugins/datatables-buttons-jszip/jszip.min.js HTTP/1.1" 200 95778 "https://arm.vatholm.ru/dashboard/" "Mozilla/5.0 (Windows NT 10.0; Win64; x64) AppleWebKit/537.36 (KHTML, like Gecko) Chrome/108.0.0.0 YaBrowser/23.1.2.931 (corp) Yowser/2.5 Safari/537.36"
192.168.0.188 - - [19/Jul/2023:05:13:31 +0000] "GET /assets/js/plugins/datatables-buttons-pdfmake/pdfmake.min.js HTTP/1.1" 200 1348857 "https://arm.vatholm.ru/dashboard/" "Mozilla/5.0 (Windows NT 10.0; Win64; x64) AppleWebKit/537.36 (KHTML, like Gecko) Chrome/108.0.0.0 YaBrowser/23.1.2.931 (corp) Yowser/2.5 Safari/537.36"
192.168.0.188 - - [19/Jul/2023:05:13:31 +0000] "GET /assets/js/plugins/datatables-buttons-pdfmake/vfs_fonts.js HTTP/1.1" 200 812001 "https://arm.vatholm.ru/dashboard/" "Mozilla/5.0 (Windows NT 10.0; Win64; x64) AppleWebKit/537.36 (KHTML, like Gecko) Chrome/108.0.0.0 YaBrowser/23.1.2.931 (corp) Yowser/2.5 Safari/537.36"
192.168.0.188 - - [19/Jul/2023:05:13:31 +0000] "GET /assets/js/plugins/datatables-buttons/buttons.print.min.js HTTP/1.1" 200 2514 "https://arm.vatholm.ru/dashboard/" "Mozilla/5.0 (Windows NT 10.0; Win64; x64) AppleWebKit/537.36 (KHTML, like Gecko) Chrome/108.0.0.0 YaBrowser/23.1.2.931 (corp) Yowser/2.5 Safari/537.36"
192.168.0.188 - - [19/Jul/2023:05:13:31 +0000] "GET /assets/js/plugins/datatables-buttons/buttons.html5.min.js HTTP/1.1" 200 25103 "https://arm.vatholm.ru/dashboard/" "Mozilla/5.0 (Windows NT 10.0; Win64; x64) AppleWebKit/537.36 (KHTML, like Gecko) Chrome/108.0.0.0 YaBrowser/23.1.2.931 (corp) Yowser/2.5 Safari/537.36"
192.168.0.188 - - [19/Jul/2023:05:13:32 +0000] "GET /assets/js/pages/be_tables_datatables.min.js HTTP/1.1" 200 1767 "https://arm.vatholm.ru/dashboard/" "Mozilla/5.0 (Windows NT 10.0; Win64; x64) AppleWebKit/537.36 (KHTML, like Gecko) Chrome/108.0.0.0 YaBrowser/23.1.2.931 (corp) Yowser/2.5 Safari/537.36"
192.168.0.188 - - [19/Jul/2023:05:13:32 +0000] "GET /_wdt/a32cfd HTTP/1.1" 200 26590 "https://arm.vatholm.ru/dashboard/" "Mozilla/5.0 (Windows NT 10.0; Win64; x64) AppleWebKit/537.36 (KHTML, like Gecko) Chrome/108.0.0.0 YaBrowser/23.1.2.931 (corp) Yowser/2.5 Safari/537.36"
192.168.0.188 - - [19/Jul/2023:05:13:32 +0000] "GET /assets/media/favicons/favicon.png HTTP/1.1" 200 428 "https://arm.vatholm.ru/dashboard/" "Mozilla/5.0 (Windows NT 10.0; Win64; x64) AppleWebKit/537.36 (KHTML, like Gecko) Chrome/108.0.0.0 YaBrowser/23.1.2.931 (corp) Yowser/2.5 Safari/537.36"
10.1.88.254 - - [19/Jul/2023:05:14:45 +0000] "GET /.well-known/mercure?topic=popup-notify HTTP/1.1" 200 110 "https://arm.vatholm.ru/education/subjects/" "Mozilla/5.0 (Windows NT 10.0; Win64; x64) AppleWebKit/537.36 (KHTML, like Gecko) Chrome/112.0.0.0 YaBrowser/23.5.2.625 Yowser/2.5 Safari/537.36"
192.168.0.188 - - [19/Jul/2023:05:20:55 +0000] "GET /admission/petition/ HTTP/1.1" 200 1485095 "https://arm.vatholm.ru/dashboard/" "Mozilla/5.0 (Windows NT 10.0; Win64; x64) AppleWebKit/537.36 (KHTML, like Gecko) Chrome/108.0.0.0 YaBrowser/23.1.2.931 (corp) Yowser/2.5 Safari/537.36"
192.168.0.188 - - [19/Jul/2023:05:20:59 +0000] "GET /_wdt/e03853 HTTP/1.1" 200 25587 "https://arm.vatholm.ru/admission/petition/" "Mozilla/5.0 (Windows NT 10.0; Win64; x64) AppleWebKit/537.36 (KHTML, like Gecko) Chrome/108.0.0.0 YaBrowser/23.1.2.931 (corp) Yowser/2.5 Safari/537.36"
192.168.0.188 - - [19/Jul/2023:05:21:55 +0000] "GET /.well-known/mercure?topic=popup-notify HTTP/1.1" 200 91 "https://arm.vatholm.ru/dashboard/" "Mozilla/5.0 (Windows NT 10.0; Win64; x64) AppleWebKit/537.36 (KHTML, like Gecko) Chrome/108.0.0.0 YaBrowser/23.1.2.931 (corp) Yowser/2.5 Safari/537.36"
10.1.88.254 - - [19/Jul/2023:05:22:34 +0000] "GET / HTTP/1.1" 302 286 "-" "Mozilla/5.0 (Windows NT 10.0; Win64; x64) AppleWebKit/537.36 (KHTML, like Gecko) Chrome/112.0.0.0 YaBrowser/23.5.2.625 Yowser/2.5 Safari/537.36"
10.1.88.254 - - [19/Jul/2023:05:22:34 +0000] "GET /secure HTTP/1.1" 302 302 "-" "Mozilla/5.0 (Windows NT 10.0; Win64; x64) AppleWebKit/537.36 (KHTML, like Gecko) Chrome/112.0.0.0 YaBrowser/23.5.2.625 Yowser/2.5 Safari/537.36"
10.1.88.254 - - [19/Jul/2023:05:22:34 +0000] "GET /dashboard/ HTTP/1.1" 200 290857 "-" "Mozilla/5.0 (Windows NT 10.0; Win64; x64) AppleWebKit/537.36 (KHTML, like Gecko) Chrome/112.0.0.0 YaBrowser/23.5.2.625 Yowser/2.5 Safari/537.36"
10.1.88.254 - - [19/Jul/2023:05:22:35 +0000] "GET /_wdt/3e7d34 HTTP/1.1" 200 80245 "https://arm.vatholm.ru/dashboard/" "Mozilla/5.0 (Windows NT 10.0; Win64; x64) AppleWebKit/537.36 (KHTML, like Gecko) Chrome/112.0.0.0 YaBrowser/23.5.2.625 Yowser/2.5 Safari/537.36"
10.1.88.254 - - [19/Jul/2023:05:22:45 +0000] "GET /admission/petition/ HTTP/1.1" 200 1493377 "https://arm.vatholm.ru/dashboard/" "Mozilla/5.0 (Windows NT 10.0; Win64; x64) AppleWebKit/537.36 (KHTML, like Gecko) Chrome/112.0.0.0 YaBrowser/23.5.2.625 Yowser/2.5 Safari/537.36"
10.1.88.254 - - [19/Jul/2023:05:22:48 +0000] "GET /_wdt/21c2d3 HTTP/1.1" 200 25766 "https://arm.vatholm.ru/admission/petition/" "Mozilla/5.0 (Windows NT 10.0; Win64; x64) AppleWebKit/537.36 (KHTML, like Gecko) Chrome/112.0.0.0 YaBrowser/23.5.2.625 Yowser/2.5 Safari/537.36"
10.1.88.254 - - [19/Jul/2023:05:23:33 +0000] "GET /admission/petition/2760/edit HTTP/1.1" 200 655295 "https://arm.vatholm.ru/admission/petition/" "Mozilla/5.0 (Windows NT 10.0; Win64; x64) AppleWebKit/537.36 (KHTML, like Gecko) Chrome/112.0.0.0 YaBrowser/23.5.2.625 Yowser/2.5 Safari/537.36"
10.1.88.254 - - [19/Jul/2023:05:23:34 +0000] "GET /_wdt/896a2f HTTP/1.1" 200 153148 "https://arm.vatholm.ru/admission/petition/2760/edit" "Mozilla/5.0 (Windows NT 10.0; Win64; x64) AppleWebKit/537.36 (KHTML, like Gecko) Chrome/112.0.0.0 YaBrowser/23.5.2.625 Yowser/2.5 Safari/537.36"
10.1.88.254 - - [19/Jul/2023:05:23:44 +0000] "GET /admission/dashboard/ HTTP/1.1" 200 1064440 "https://arm.vatholm.ru/admission/petition/2760/edit" "Mozilla/5.0 (Windows NT 10.0; Win64; x64) AppleWebKit/537.36 (KHTML, like Gecko) Chrome/112.0.0.0 YaBrowser/23.5.2.625 Yowser/2.5 Safari/537.36"
10.1.88.254 - - [19/Jul/2023:05:23:44 +0000] "GET /_wdt/9e5f6b HTTP/1.1" 200 72225 "https://arm.vatholm.ru/admission/dashboard/" "Mozilla/5.0 (Windows NT 10.0; Win64; x64) AppleWebKit/537.36 (KHTML, like Gecko) Chrome/112.0.0.0 YaBrowser/23.5.2.625 Yowser/2.5 Safari/537.36"
10.1.88.254 - - [19/Jul/2023:05:23:45 +0000] "GET /.well-known/mercure?topic=popup-notify HTTP/1.1" 200 14 "https://arm.vatholm.ru/dashboard/" "Mozilla/5.0 (Windows NT 10.0; Win64; x64) AppleWebKit/537.36 (KHTML, like Gecko) Chrome/112.0.0.0 YaBrowser/23.5.2.625 Yowser/2.5 Safari/537.36"
192.168.0.188 - - [19/Jul/2023:05:24:32 +0000] "GET /admission/petition/3088/edit HTTP/1.1" 200 645883 "https://arm.vatholm.ru/admission/petition/" "Mozilla/5.0 (Windows NT 10.0; Win64; x64) AppleWebKit/537.36 (KHTML, like Gecko) Chrome/108.0.0.0 YaBrowser/23.1.2.931 (corp) Yowser/2.5 Safari/537.36"
192.168.0.188 - - [19/Jul/2023:05:24:33 +0000] "GET /_wdt/7fa358 HTTP/1.1" 200 142877 "https://arm.vatholm.ru/admission/petition/3088/edit" "Mozilla/5.0 (Windows NT 10.0; Win64; x64) AppleWebKit/537.36 (KHTML, like Gecko) Chrome/108.0.0.0 YaBrowser/23.1.2.931 (corp) Yowser/2.5 Safari/537.36"
10.1.88.254 - - [19/Jul/2023:05:24:33 +0000] "GET /.well-known/mercure?topic=popup-notify HTTP/1.1" 200 21 "https://arm.vatholm.ru/admission/petition/" "Mozilla/5.0 (Windows NT 10.0; Win64; x64) AppleWebKit/537.36 (KHTML, like Gecko) Chrome/112.0.0.0 YaBrowser/23.5.2.625 Yowser/2.5 Safari/537.36"
10.1.88.254 - - [19/Jul/2023:05:24:43 +0000] "GET /.well-known/mercure?topic=popup-notify HTTP/1.1" 200 110 "https://arm.vatholm.ru/education/subjects/" "Mozilla/5.0 (Windows NT 10.0; Win64; x64) AppleWebKit/537.36 (KHTML, like Gecko) Chrome/112.0.0.0 YaBrowser/23.5.2.625 Yowser/2.5 Safari/537.36"
10.1.88.254 - - [19/Jul/2023:05:24:44 +0000] "GET /.well-known/mercure?topic=popup-notify HTTP/1.1" 200 14 "https://arm.vatholm.ru/admission/petition/2760/edit" "Mozilla/5.0 (Windows NT 10.0; Win64; x64) AppleWebKit/537.36 (KHTML, like Gecko) Chrome/112.0.0.0 YaBrowser/23.5.2.625 Yowser/2.5 Safari/537.36"
192.168.0.188 - - [19/Jul/2023:05:25:32 +0000] "GET /.well-known/mercure?topic=popup-notify HTTP/1.1" 200 49 "https://arm.vatholm.ru/admission/petition/" "Mozilla/5.0 (Windows NT 10.0; Win64; x64) AppleWebKit/537.36 (KHTML, like Gecko) Chrome/108.0.0.0 YaBrowser/23.1.2.931 (corp) Yowser/2.5 Safari/537.36"
10.1.88.254 - - [19/Jul/2023:05:33:39 +0000] "GET /.well-known/mercure?topic=popup-notify HTTP/1.1" 200 110 "https://arm.vatholm.ru/admission/dashboard/" "Mozilla/5.0 (Windows NT 10.0; Win64; x64) AppleWebKit/537.36 (KHTML, like Gecko) Chrome/112.0.0.0 YaBrowser/23.5.2.625 Yowser/2.5 Safari/537.36"
192.168.0.188 - - [19/Jul/2023:05:34:28 +0000] "GET /.well-known/mercure?topic=popup-notify HTTP/1.1" 200 110 "https://arm.vatholm.ru/admission/petition/3088/edit" "Mozilla/5.0 (Windows NT 10.0; Win64; x64) AppleWebKit/537.36 (KHTML, like Gecko) Chrome/108.0.0.0 YaBrowser/23.1.2.931 (corp) Yowser/2.5 Safari/537.36"
10.1.88.254 - - [19/Jul/2023:05:34:42 +0000] "GET /.well-known/mercure?topic=popup-notify HTTP/1.1" 200 110 "https://arm.vatholm.ru/education/subjects/" "Mozilla/5.0 (Windows NT 10.0; Win64; x64) AppleWebKit/537.36 (KHTML, like Gecko) Chrome/112.0.0.0 YaBrowser/23.5.2.625 Yowser/2.5 Safari/537.36"
192.168.0.188 - - [19/Jul/2023:05:39:24 +0000] "GET /admission/petition/ HTTP/1.1" 200 1485119 "https://arm.vatholm.ru/admission/petition/3088/edit" "Mozilla/5.0 (Windows NT 10.0; Win64; x64) AppleWebKit/537.36 (KHTML, like Gecko) Chrome/108.0.0.0 YaBrowser/23.1.2.931 (corp) Yowser/2.5 Safari/537.36"
192.168.0.188 - - [19/Jul/2023:05:39:29 +0000] "GET /_wdt/918218 HTTP/1.1" 200 25588 "https://arm.vatholm.ru/admission/petition/" "Mozilla/5.0 (Windows NT 10.0; Win64; x64) AppleWebKit/537.36 (KHTML, like Gecko) Chrome/108.0.0.0 YaBrowser/23.1.2.931 (corp) Yowser/2.5 Safari/537.36"
192.168.0.188 - - [19/Jul/2023:05:39:38 +0000] "GET /admission/petition/3082/edit HTTP/1.1" 200 641371 "https://arm.vatholm.ru/admission/petition/" "Mozilla/5.0 (Windows NT 10.0; Win64; x64) AppleWebKit/537.36 (KHTML, like Gecko) Chrome/108.0.0.0 YaBrowser/23.1.2.931 (corp) Yowser/2.5 Safari/537.36"
192.168.0.188 - - [19/Jul/2023:05:39:38 +0000] "GET /.well-known/mercure?topic=popup-notify HTTP/1.1" 200 56 "https://arm.vatholm.ru/admission/petition/3088/edit" "Mozilla/5.0 (Windows NT 10.0; Win64; x64) AppleWebKit/537.36 (KHTML, like Gecko) Chrome/108.0.0.0 YaBrowser/23.1.2.931 (corp) Yowser/2.5 Safari/537.36"
192.168.0.188 - - [19/Jul/2023:05:39:39 +0000] "GET /_wdt/06b2d9 HTTP/1.1" 200 158037 "https://arm.vatholm.ru/admission/petition/3082/edit" "Mozilla/5.0 (Windows NT 10.0; Win64; x64) AppleWebKit/537.36 (KHTML, like Gecko) Chrome/108.0.0.0 YaBrowser/23.1.2.931 (corp) Yowser/2.5 Safari/537.36"
192.168.0.188 - - [19/Jul/2023:05:40:38 +0000] "GET /.well-known/mercure?topic=popup-notify HTTP/1.1" 200 14 "https://arm.vatholm.ru/admission/petition/" "Mozilla/5.0 (Windows NT 10.0; Win64; x64) AppleWebKit/537.36 (KHTML, like Gecko) Chrome/108.0.0.0 YaBrowser/23.1.2.931 (corp) Yowser/2.5 Safari/537.36"
192.168.0.188 - - [19/Jul/2023:05:43:06 +0000] "GET /admission/petition/ HTTP/1.1" 200 1485112 "https://arm.vatholm.ru/admission/petition/3082/edit" "Mozilla/5.0 (Windows NT 10.0; Win64; x64) AppleWebKit/537.36 (KHTML, like Gecko) Chrome/108.0.0.0 YaBrowser/23.1.2.931 (corp) Yowser/2.5 Safari/537.36"
192.168.0.188 - - [19/Jul/2023:05:43:12 +0000] "GET /_wdt/a8fcb7 HTTP/1.1" 200 25588 "https://arm.vatholm.ru/admission/petition/" "Mozilla/5.0 (Windows NT 10.0; Win64; x64) AppleWebKit/537.36 (KHTML, like Gecko) Chrome/108.0.0.0 YaBrowser/23.1.2.931 (corp) Yowser/2.5 Safari/537.36"
192.168.0.188 - - [19/Jul/2023:05:43:22 +0000] "GET /admission/petition/3083/edit HTTP/1.1" 200 629884 "https://arm.vatholm.ru/admission/petition/" "Mozilla/5.0 (Windows NT 10.0; Win64; x64) AppleWebKit/537.36 (KHTML, like Gecko) Chrome/108.0.0.0 YaBrowser/23.1.2.931 (corp) Yowser/2.5 Safari/537.36"
192.168.0.188 - - [19/Jul/2023:05:43:25 +0000] "GET /_wdt/0b5d18 HTTP/1.1" 200 189867 "https://arm.vatholm.ru/admission/petition/3083/edit" "Mozilla/5.0 (Windows NT 10.0; Win64; x64) AppleWebKit/537.36 (KHTML, like Gecko) Chrome/108.0.0.0 YaBrowser/23.1.2.931 (corp) Yowser/2.5 Safari/537.36"
10.1.88.254 - - [19/Jul/2023:05:43:37 +0000] "GET /.well-known/mercure?topic=popup-notify HTTP/1.1" 200 110 "https://arm.vatholm.ru/admission/dashboard/" "Mozilla/5.0 (Windows NT 10.0; Win64; x64) AppleWebKit/537.36 (KHTML, like Gecko) Chrome/112.0.0.0 YaBrowser/23.5.2.625 Yowser/2.5 Safari/537.36"
192.168.0.188 - - [19/Jul/2023:05:44:06 +0000] "GET /.well-known/mercure?topic=popup-notify HTTP/1.1" 200 49 "https://arm.vatholm.ru/admission/petition/3082/edit" "Mozilla/5.0 (Windows NT 10.0; Win64; x64) AppleWebKit/537.36 (KHTML, like Gecko) Chrome/108.0.0.0 YaBrowser/23.1.2.931 (corp) Yowser/2.5 Safari/537.36"
10.1.88.254 - - [19/Jul/2023:05:44:40 +0000] "GET /.well-known/mercure?topic=popup-notify HTTP/1.1" 200 110 "https://arm.vatholm.ru/education/subjects/" "Mozilla/5.0 (Windows NT 10.0; Win64; x64) AppleWebKit/537.36 (KHTML, like Gecko) Chrome/112.0.0.0 YaBrowser/23.5.2.625 Yowser/2.5 Safari/537.36"
192.168.0.188 - - [19/Jul/2023:05:46:47 +0000] "GET /admission/petition/ HTTP/1.1" 200 1485120 "https://arm.vatholm.ru/admission/petition/3083/edit" "Mozilla/5.0 (Windows NT 10.0; Win64; x64) AppleWebKit/537.36 (KHTML, like Gecko) Chrome/108.0.0.0 YaBrowser/23.1.2.931 (corp) Yowser/2.5 Safari/537.36"
192.168.0.188 - - [19/Jul/2023:05:46:52 +0000] "GET /_wdt/11c729 HTTP/1.1" 200 25588 "https://arm.vatholm.ru/admission/petition/" "Mozilla/5.0 (Windows NT 10.0; Win64; x64) AppleWebKit/537.36 (KHTML, like Gecko) Chrome/108.0.0.0 YaBrowser/23.1.2.931 (corp) Yowser/2.5 Safari/537.36"
192.168.0.188 - - [19/Jul/2023:05:46:59 +0000] "GET /admission/petition/3086/edit HTTP/1.1" 200 639557 "https://arm.vatholm.ru/admission/petition/" "Mozilla/5.0 (Windows NT 10.0; Win64; x64) AppleWebKit/537.36 (KHTML, like Gecko) Chrome/108.0.0.0 YaBrowser/23.1.2.931 (corp) Yowser/2.5 Safari/537.36"
192.168.0.188 - - [19/Jul/2023:05:47:00 +0000] "GET /.well-known/mercure?topic=popup-notify HTTP/1.1" 200 42 "https://arm.vatholm.ru/admission/petition/" "Mozilla/5.0 (Windows NT 10.0; Win64; x64) AppleWebKit/537.36 (KHTML, like Gecko) Chrome/108.0.0.0 YaBrowser/23.1.2.931 (corp) Yowser/2.5 Safari/537.36"
192.168.0.188 - - [19/Jul/2023:05:47:01 +0000] "GET /_wdt/6f3295 HTTP/1.1" 200 157681 "https://arm.vatholm.ru/admission/petition/3086/edit" "Mozilla/5.0 (Windows NT 10.0; Win64; x64) AppleWebKit/537.36 (KHTML, like Gecko) Chrome/108.0.0.0 YaBrowser/23.1.2.931 (corp) Yowser/2.5 Safari/537.36"
192.168.0.188 - - [19/Jul/2023:05:47:47 +0000] "GET /.well-known/mercure?topic=popup-notify HTTP/1.1" 200 49 "https://arm.vatholm.ru/admission/petition/3083/edit" "Mozilla/5.0 (Windows NT 10.0; Win64; x64) AppleWebKit/537.36 (KHTML, like Gecko) Chrome/108.0.0.0 YaBrowser/23.1.2.931 (corp) Yowser/2.5 Safari/537.36"
192.168.0.26 - - [19/Jul/2023:05:53:07 +0000] "GET /favicon.ico HTTP/1.1" 301 169 "-" "Mozilla/5.0 (Windows NT 10.0; WOW64) AppleWebKit/537.36 (KHTML, like Gecko) Chrome/108.0.0.0 YaBrowser/23.1.2.939 (corp) Yowser/2.5 Safari/537.36"
192.168.0.26 - - [19/Jul/2023:05:53:10 +0000] "GET / HTTP/1.1" 301 169 "-" "Mozilla/5.0 (Windows NT 10.0; WOW64) AppleWebKit/537.36 (KHTML, like Gecko) Chrome/108.0.0.0 YaBrowser/23.1.2.939 (corp) Yowser/2.5 Safari/537.36"
10.1.88.254 - - [19/Jul/2023:05:53:35 +0000] "GET /.well-known/mercure?topic=popup-notify HTTP/1.1" 200 110 "https://arm.vatholm.ru/admission/dashboard/" "Mozilla/5.0 (Windows NT 10.0; Win64; x64) AppleWebKit/537.36 (KHTML, like Gecko) Chrome/112.0.0.0 YaBrowser/23.5.2.625 Yowser/2.5 Safari/537.36"
10.1.88.254 - - [19/Jul/2023:05:54:38 +0000] "GET /.well-known/mercure?topic=popup-notify HTTP/1.1" 200 110 "https://arm.vatholm.ru/education/subjects/" "Mozilla/5.0 (Windows NT 10.0; Win64; x64) AppleWebKit/537.36 (KHTML, like Gecko) Chrome/112.0.0.0 YaBrowser/23.5.2.625 Yowser/2.5 Safari/537.36"
192.168.0.188 - - [19/Jul/2023:05:56:47 +0000] "GET /.well-known/mercure?topic=popup-notify HTTP/1.1" 200 110 "https://arm.vatholm.ru/admission/petition/" "Mozilla/5.0 (Windows NT 10.0; Win64; x64) AppleWebKit/537.36 (KHTML, like Gecko) Chrome/108.0.0.0 YaBrowser/23.1.2.931 (corp) Yowser/2.5 Safari/537.36"
192.168.0.188 - - [19/Jul/2023:05:56:56 +0000] "GET /.well-known/mercure?topic=popup-notify HTTP/1.1" 200 110 "https://arm.vatholm.ru/admission/petition/3086/edit" "Mozilla/5.0 (Windows NT 10.0; Win64; x64) AppleWebKit/537.36 (KHTML, like Gecko) Chrome/108.0.0.0 YaBrowser/23.1.2.931 (corp) Yowser/2.5 Safari/537.36"
10.1.88.254 - - [19/Jul/2023:06:03:33 +0000] "GET /.well-known/mercure?topic=popup-notify HTTP/1.1" 200 110 "https://arm.vatholm.ru/admission/dashboard/" "Mozilla/5.0 (Windows NT 10.0; Win64; x64) AppleWebKit/537.36 (KHTML, like Gecko) Chrome/112.0.0.0 YaBrowser/23.5.2.625 Yowser/2.5 Safari/537.36"
10.1.88.254 - - [19/Jul/2023:06:04:36 +0000] "GET /.well-known/mercure?topic=popup-notify HTTP/1.1" 200 110 "https://arm.vatholm.ru/education/subjects/" "Mozilla/5.0 (Windows NT 10.0; Win64; x64) AppleWebKit/537.36 (KHTML, like Gecko) Chrome/112.0.0.0 YaBrowser/23.5.2.625 Yowser/2.5 Safari/537.36"
192.168.0.188 - - [19/Jul/2023:06:06:45 +0000] "GET /.well-known/mercure?topic=popup-notify HTTP/1.1" 200 110 "https://arm.vatholm.ru/admission/petition/" "Mozilla/5.0 (Windows NT 10.0; Win64; x64) AppleWebKit/537.36 (KHTML, like Gecko) Chrome/108.0.0.0 YaBrowser/23.1.2.931 (corp) Yowser/2.5 Safari/537.36"
192.168.0.188 - - [19/Jul/2023:06:06:54 +0000] "GET /.well-known/mercure?topic=popup-notify HTTP/1.1" 200 110 "https://arm.vatholm.ru/admission/petition/3086/edit" "Mozilla/5.0 (Windows NT 10.0; Win64; x64) AppleWebKit/537.36 (KHTML, like Gecko) Chrome/108.0.0.0 YaBrowser/23.1.2.931 (corp) Yowser/2.5 Safari/537.36"
10.1.88.254 - - [19/Jul/2023:06:13:31 +0000] "GET /.well-known/mercure?topic=popup-notify HTTP/1.1" 200 110 "https://arm.vatholm.ru/admission/dashboard/" "Mozilla/5.0 (Windows NT 10.0; Win64; x64) AppleWebKit/537.36 (KHTML, like Gecko) Chrome/112.0.0.0 YaBrowser/23.5.2.625 Yowser/2.5 Safari/537.36"
192.168.0.188 - - [19/Jul/2023:06:13:58 +0000] "GET /admission/petition/3087/edit HTTP/1.1" 200 642563 "https://arm.vatholm.ru/admission/petition/" "Mozilla/5.0 (Windows NT 10.0; Win64; x64) AppleWebKit/537.36 (KHTML, like Gecko) Chrome/108.0.0.0 YaBrowser/23.1.2.931 (corp) Yowser/2.5 Safari/537.36"
192.168.0.188 - - [19/Jul/2023:06:13:58 +0000] "GET /.well-known/mercure?topic=popup-notify HTTP/1.1" 200 77 "https://arm.vatholm.ru/admission/petition/3086/edit" "Mozilla/5.0 (Windows NT 10.0; Win64; x64) AppleWebKit/537.36 (KHTML, like Gecko) Chrome/108.0.0.0 YaBrowser/23.1.2.931 (corp) Yowser/2.5 Safari/537.36"
192.168.0.188 - - [19/Jul/2023:06:14:00 +0000] "GET /_wdt/d506e5 HTTP/1.1" 200 150274 "https://arm.vatholm.ru/admission/petition/3087/edit" "Mozilla/5.0 (Windows NT 10.0; Win64; x64) AppleWebKit/537.36 (KHTML, like Gecko) Chrome/108.0.0.0 YaBrowser/23.1.2.931 (corp) Yowser/2.5 Safari/537.36"
10.1.88.254 - - [19/Jul/2023:06:14:34 +0000] "GET /.well-known/mercure?topic=popup-notify HTTP/1.1" 200 110 "https://arm.vatholm.ru/education/subjects/" "Mozilla/5.0 (Windows NT 10.0; Win64; x64) AppleWebKit/537.36 (KHTML, like Gecko) Chrome/112.0.0.0 YaBrowser/23.5.2.625 Yowser/2.5 Safari/537.36"
192.168.0.188 - - [19/Jul/2023:06:16:43 +0000] "GET /.well-known/mercure?topic=popup-notify HTTP/1.1" 200 110 "https://arm.vatholm.ru/admission/petition/" "Mozilla/5.0 (Windows NT 10.0; Win64; x64) AppleWebKit/537.36 (KHTML, like Gecko) Chrome/108.0.0.0 YaBrowser/23.1.2.931 (corp) Yowser/2.5 Safari/537.36"
192.168.0.188 - - [19/Jul/2023:06:17:55 +0000] "GET /.well-known/mercure?topic=popup-notify HTTP/1.1" 200 42 "https://arm.vatholm.ru/admission/petition/3087/edit" "Mozilla/5.0 (Windows NT 10.0; Win64; x64) AppleWebKit/537.36 (KHTML, like Gecko) Chrome/108.0.0.0 YaBrowser/23.1.2.931 (corp) Yowser/2.5 Safari/537.36"
192.168.0.188 - - [19/Jul/2023:06:18:04 +0000] "GET /admission/petition/3090/edit HTTP/1.1" 200 643105 "https://arm.vatholm.ru/admission/petition/" "Mozilla/5.0 (Windows NT 10.0; Win64; x64) AppleWebKit/537.36 (KHTML, like Gecko) Chrome/108.0.0.0 YaBrowser/23.1.2.931 (corp) Yowser/2.5 Safari/537.36"
192.168.0.188 - - [19/Jul/2023:06:18:05 +0000] "GET /_wdt/e42356 HTTP/1.1" 200 150700 "https://arm.vatholm.ru/admission/petition/3090/edit" "Mozilla/5.0 (Windows NT 10.0; Win64; x64) AppleWebKit/537.36 (KHTML, like Gecko) Chrome/108.0.0.0 YaBrowser/23.1.2.931 (corp) Yowser/2.5 Safari/537.36"
10.1.88.254 - - [19/Jul/2023:06:23:30 +0000] "GET /.well-known/mercure?topic=popup-notify HTTP/1.1" 200 110 "https://arm.vatholm.ru/admission/dashboard/" "Mozilla/5.0 (Windows NT 10.0; Win64; x64) AppleWebKit/537.36 (KHTML, like Gecko) Chrome/112.0.0.0 YaBrowser/23.5.2.625 Yowser/2.5 Safari/537.36"
10.1.88.254 - - [19/Jul/2023:06:24:32 +0000] "GET /.well-known/mercure?topic=popup-notify HTTP/1.1" 200 110 "https://arm.vatholm.ru/education/subjects/" "Mozilla/5.0 (Windows NT 10.0; Win64; x64) AppleWebKit/537.36 (KHTML, like Gecko) Chrome/112.0.0.0 YaBrowser/23.5.2.625 Yowser/2.5 Safari/537.36"
192.168.0.188 - - [19/Jul/2023:06:24:34 +0000] "GET /.well-known/mercure?topic=popup-notify HTTP/1.1" 200 70 "https://arm.vatholm.ru/admission/petition/3090/edit" "Mozilla/5.0 (Windows NT 10.0; Win64; x64) AppleWebKit/537.36 (KHTML, like Gecko) Chrome/108.0.0.0 YaBrowser/23.1.2.931 (corp) Yowser/2.5 Safari/537.36"
192.168.0.188 - - [19/Jul/2023:06:24:47 +0000] "GET /admission/petition/3092/edit HTTP/1.1" 200 645956 "https://arm.vatholm.ru/admission/petition/" "Mozilla/5.0 (Windows NT 10.0; Win64; x64) AppleWebKit/537.36 (KHTML, like Gecko) Chrome/108.0.0.0 YaBrowser/23.1.2.931 (corp) Yowser/2.5 Safari/537.36"
192.168.0.188 - - [19/Jul/2023:06:24:50 +0000] "GET /_wdt/e3c3f3 HTTP/1.1" 200 144219 "https://arm.vatholm.ru/admission/petition/3092/edit" "Mozilla/5.0 (Windows NT 10.0; Win64; x64) AppleWebKit/537.36 (KHTML, like Gecko) Chrome/108.0.0.0 YaBrowser/23.1.2.931 (corp) Yowser/2.5 Safari/537.36"
192.168.0.188 - - [19/Jul/2023:06:26:41 +0000] "GET /.well-known/mercure?topic=popup-notify HTTP/1.1" 200 110 "https://arm.vatholm.ru/admission/petition/" "Mozilla/5.0 (Windows NT 10.0; Win64; x64) AppleWebKit/537.36 (KHTML, like Gecko) Chrome/108.0.0.0 YaBrowser/23.1.2.931 (corp) Yowser/2.5 Safari/537.36"
192.168.0.26 - - [19/Jul/2023:06:28:37 +0000] "GET / HTTP/1.1" 301 169 "-" "Mozilla/5.0 (Windows NT 10.0; WOW64) AppleWebKit/537.36 (KHTML, like Gecko) Chrome/108.0.0.0 YaBrowser/23.1.2.939 (corp) Yowser/2.5 Safari/537.36"
10.1.88.254 - - [19/Jul/2023:06:33:28 +0000] "GET /.well-known/mercure?topic=popup-notify HTTP/1.1" 200 110 "https://arm.vatholm.ru/admission/dashboard/" "Mozilla/5.0 (Windows NT 10.0; Win64; x64) AppleWebKit/537.36 (KHTML, like Gecko) Chrome/112.0.0.0 YaBrowser/23.5.2.625 Yowser/2.5 Safari/537.36"
10.1.88.254 - - [19/Jul/2023:06:34:30 +0000] "GET /.well-known/mercure?topic=popup-notify HTTP/1.1" 200 110 "https://arm.vatholm.ru/education/subjects/" "Mozilla/5.0 (Windows NT 10.0; Win64; x64) AppleWebKit/537.36 (KHTML, like Gecko) Chrome/112.0.0.0 YaBrowser/23.5.2.625 Yowser/2.5 Safari/537.36"
192.168.0.188 - - [19/Jul/2023:06:34:45 +0000] "GET /.well-known/mercure?topic=popup-notify HTTP/1.1" 200 110 "https://arm.vatholm.ru/admission/petition/3092/edit" "Mozilla/5.0 (Windows NT 10.0; Win64; x64) AppleWebKit/537.36 (KHTML, like Gecko) Chrome/108.0.0.0 YaBrowser/23.1.2.931 (corp) Yowser/2.5 Safari/537.36"
192.168.0.188 - - [19/Jul/2023:06:36:39 +0000] "GET /.well-known/mercure?topic=popup-notify HTTP/1.1" 200 110 "https://arm.vatholm.ru/admission/petition/" "Mozilla/5.0 (Windows NT 10.0; Win64; x64) AppleWebKit/537.36 (KHTML, like Gecko) Chrome/108.0.0.0 YaBrowser/23.1.2.931 (corp) Yowser/2.5 Safari/537.36"
10.1.88.254 - - [19/Jul/2023:06:43:26 +0000] "GET /.well-known/mercure?topic=popup-notify HTTP/1.1" 200 110 "https://arm.vatholm.ru/admission/dashboard/" "Mozilla/5.0 (Windows NT 10.0; Win64; x64) AppleWebKit/537.36 (KHTML, like Gecko) Chrome/112.0.0.0 YaBrowser/23.5.2.625 Yowser/2.5 Safari/537.36"
10.1.88.254 - - [19/Jul/2023:06:44:28 +0000] "GET /.well-known/mercure?topic=popup-notify HTTP/1.1" 200 110 "https://arm.vatholm.ru/education/subjects/" "Mozilla/5.0 (Windows NT 10.0; Win64; x64) AppleWebKit/537.36 (KHTML, like Gecko) Chrome/112.0.0.0 YaBrowser/23.5.2.625 Yowser/2.5 Safari/537.36"
192.168.0.188 - - [19/Jul/2023:06:44:43 +0000] "GET /.well-known/mercure?topic=popup-notify HTTP/1.1" 200 110 "https://arm.vatholm.ru/admission/petition/3092/edit" "Mozilla/5.0 (Windows NT 10.0; Win64; x64) AppleWebKit/537.36 (KHTML, like Gecko) Chrome/108.0.0.0 YaBrowser/23.1.2.931 (corp) Yowser/2.5 Safari/537.36"
192.168.0.188 - - [19/Jul/2023:06:46:38 +0000] "GET /.well-known/mercure?topic=popup-notify HTTP/1.1" 200 110 "https://arm.vatholm.ru/admission/petition/" "Mozilla/5.0 (Windows NT 10.0; Win64; x64) AppleWebKit/537.36 (KHTML, like Gecko) Chrome/108.0.0.0 YaBrowser/23.1.2.931 (corp) Yowser/2.5 Safari/537.36"
10.1.88.254 - - [19/Jul/2023:06:53:24 +0000] "GET /.well-known/mercure?topic=popup-notify HTTP/1.1" 200 110 "https://arm.vatholm.ru/admission/dashboard/" "Mozilla/5.0 (Windows NT 10.0; Win64; x64) AppleWebKit/537.36 (KHTML, like Gecko) Chrome/112.0.0.0 YaBrowser/23.5.2.625 Yowser/2.5 Safari/537.36"
10.1.88.254 - - [19/Jul/2023:06:54:26 +0000] "GET /.well-known/mercure?topic=popup-notify HTTP/1.1" 200 110 "https://arm.vatholm.ru/education/subjects/" "Mozilla/5.0 (Windows NT 10.0; Win64; x64) AppleWebKit/537.36 (KHTML, like Gecko) Chrome/112.0.0.0 YaBrowser/23.5.2.625 Yowser/2.5 Safari/537.36"
192.168.0.188 - - [19/Jul/2023:06:54:41 +0000] "GET /.well-known/mercure?topic=popup-notify HTTP/1.1" 200 110 "https://arm.vatholm.ru/admission/petition/3092/edit" "Mozilla/5.0 (Windows NT 10.0; Win64; x64) AppleWebKit/537.36 (KHTML, like Gecko) Chrome/108.0.0.0 YaBrowser/23.1.2.931 (corp) Yowser/2.5 Safari/537.36"
192.168.0.188 - - [19/Jul/2023:06:56:36 +0000] "GET /.well-known/mercure?topic=popup-notify HTTP/1.1" 200 110 "https://arm.vatholm.ru/admission/petition/" "Mozilla/5.0 (Windows NT 10.0; Win64; x64) AppleWebKit/537.36 (KHTML, like Gecko) Chrome/108.0.0.0 YaBrowser/23.1.2.931 (corp) Yowser/2.5 Safari/537.36"
10.1.88.254 - - [19/Jul/2023:07:03:22 +0000] "GET /.well-known/mercure?topic=popup-notify HTTP/1.1" 200 110 "https://arm.vatholm.ru/admission/dashboard/" "Mozilla/5.0 (Windows NT 10.0; Win64; x64) AppleWebKit/537.36 (KHTML, like Gecko) Chrome/112.0.0.0 YaBrowser/23.5.2.625 Yowser/2.5 Safari/537.36"
10.1.88.254 - - [19/Jul/2023:07:04:24 +0000] "GET /.well-known/mercure?topic=popup-notify HTTP/1.1" 200 110 "https://arm.vatholm.ru/education/subjects/" "Mozilla/5.0 (Windows NT 10.0; Win64; x64) AppleWebKit/537.36 (KHTML, like Gecko) Chrome/112.0.0.0 YaBrowser/23.5.2.625 Yowser/2.5 Safari/537.36"
192.168.0.188 - - [19/Jul/2023:07:04:40 +0000] "GET /.well-known/mercure?topic=popup-notify HTTP/1.1" 200 110 "https://arm.vatholm.ru/admission/petition/3092/edit" "Mozilla/5.0 (Windows NT 10.0; Win64; x64) AppleWebKit/537.36 (KHTML, like Gecko) Chrome/108.0.0.0 YaBrowser/23.1.2.931 (corp) Yowser/2.5 Safari/537.36"
192.168.0.188 - - [19/Jul/2023:07:06:34 +0000] "GET /.well-known/mercure?topic=popup-notify HTTP/1.1" 200 110 "https://arm.vatholm.ru/admission/petition/" "Mozilla/5.0 (Windows NT 10.0; Win64; x64) AppleWebKit/537.36 (KHTML, like Gecko) Chrome/108.0.0.0 YaBrowser/23.1.2.931 (corp) Yowser/2.5 Safari/537.36"
10.1.88.254 - - [19/Jul/2023:07:13:20 +0000] "GET /.well-known/mercure?topic=popup-notify HTTP/1.1" 200 110 "https://arm.vatholm.ru/admission/dashboard/" "Mozilla/5.0 (Windows NT 10.0; Win64; x64) AppleWebKit/537.36 (KHTML, like Gecko) Chrome/112.0.0.0 YaBrowser/23.5.2.625 Yowser/2.5 Safari/537.36"
192.168.0.26 - - [19/Jul/2023:07:14:22 +0000] "GET / HTTP/1.1" 200 75726 "-" "Mozilla/5.0 (Windows NT 10.0; WOW64) AppleWebKit/537.36 (KHTML, like Gecko) Chrome/108.0.0.0 YaBrowser/23.1.2.939 (corp) Yowser/2.5 Safari/537.36"
192.168.0.26 - - [19/Jul/2023:07:14:22 +0000] "GET /assets/js/plugins/bootstrap-datepicker/css/bootstrap-datepicker3.min.css HTTP/1.1" 200 21100 "https://arm.vatholm.ru/" "Mozilla/5.0 (Windows NT 10.0; WOW64) AppleWebKit/537.36 (KHTML, like Gecko) Chrome/108.0.0.0 YaBrowser/23.1.2.939 (corp) Yowser/2.5 Safari/537.36"
192.168.0.26 - - [19/Jul/2023:07:14:22 +0000] "GET /assets/js/plugins/bootstrap-colorpicker/css/bootstrap-colorpicker.min.css HTTP/1.1" 200 9495 "https://arm.vatholm.ru/" "Mozilla/5.0 (Windows NT 10.0; WOW64) AppleWebKit/537.36 (KHTML, like Gecko) Chrome/108.0.0.0 YaBrowser/23.1.2.939 (corp) Yowser/2.5 Safari/537.36"
192.168.0.26 - - [19/Jul/2023:07:14:22 +0000] "GET /assets/js/plugins/dropzone/min/dropzone.min.css HTTP/1.1" 200 9830 "https://arm.vatholm.ru/" "Mozilla/5.0 (Windows NT 10.0; WOW64) AppleWebKit/537.36 (KHTML, like Gecko) Chrome/108.0.0.0 YaBrowser/23.1.2.939 (corp) Yowser/2.5 Safari/537.36"
192.168.0.26 - - [19/Jul/2023:07:14:22 +0000] "GET /assets/js/plugins/flatpickr/flatpickr.min.css HTTP/1.1" 200 16081 "https://arm.vatholm.ru/" "Mozilla/5.0 (Windows NT 10.0; WOW64) AppleWebKit/537.36 (KHTML, like Gecko) Chrome/108.0.0.0 YaBrowser/23.1.2.939 (corp) Yowser/2.5 Safari/537.36"
192.168.0.26 - - [19/Jul/2023:07:14:22 +0000] "GET /assets/js/plugins/select2/css/select2.min.css HTTP/1.1" 200 14966 "https://arm.vatholm.ru/" "Mozilla/5.0 (Windows NT 10.0; WOW64) AppleWebKit/537.36 (KHTML, like Gecko) Chrome/108.0.0.0 YaBrowser/23.1.2.939 (corp) Yowser/2.5 Safari/537.36"
192.168.0.26 - - [19/Jul/2023:07:14:22 +0000] "GET /assets/js/plugins/ion-rangeslider/css/ion.rangeSlider.css HTTP/1.1" 200 13296 "https://arm.vatholm.ru/" "Mozilla/5.0 (Windows NT 10.0; WOW64) AppleWebKit/537.36 (KHTML, like Gecko) Chrome/108.0.0.0 YaBrowser/23.1.2.939 (corp) Yowser/2.5 Safari/537.36"
192.168.0.26 - - [19/Jul/2023:07:14:22 +0000] "GET /assets/js/lib/jquery.min.js HTTP/1.1" 200 89501 "https://arm.vatholm.ru/" "Mozilla/5.0 (Windows NT 10.0; WOW64) AppleWebKit/537.36 (KHTML, like Gecko) Chrome/108.0.0.0 YaBrowser/23.1.2.939 (corp) Yowser/2.5 Safari/537.36"
192.168.0.26 - - [19/Jul/2023:07:14:22 +0000] "GET /assets/js/plugins/easy-pie-chart/jquery.easypiechart.min.js HTTP/1.1" 200 3990 "https://arm.vatholm.ru/" "Mozilla/5.0 (Windows NT 10.0; WOW64) AppleWebKit/537.36 (KHTML, like Gecko) Chrome/108.0.0.0 YaBrowser/23.1.2.939 (corp) Yowser/2.5 Safari/537.36"
192.168.0.26 - - [19/Jul/2023:07:14:22 +0000] "GET /assets/js/plugins/jquery-sparkline/jquery.sparkline.min.js HTTP/1.1" 200 62673 "https://arm.vatholm.ru/" "Mozilla/5.0 (Windows NT 10.0; WOW64) AppleWebKit/537.36 (KHTML, like Gecko) Chrome/108.0.0.0 YaBrowser/23.1.2.939 (corp) Yowser/2.5 Safari/537.36"
192.168.0.26 - - [19/Jul/2023:07:14:22 +0000] "GET /assets/js/pages/be_comp_charts.min.js HTTP/1.1" 200 2410 "https://arm.vatholm.ru/" "Mozilla/5.0 (Windows NT 10.0; WOW64) AppleWebKit/537.36 (KHTML, like Gecko) Chrome/108.0.0.0 YaBrowser/23.1.2.939 (corp) Yowser/2.5 Safari/537.36"
192.168.0.26 - - [19/Jul/2023:07:14:22 +0000] "GET /assets/js/oneui.app.min.js HTTP/1.1" 200 183643 "https://arm.vatholm.ru/" "Mozilla/5.0 (Windows NT 10.0; WOW64) AppleWebKit/537.36 (KHTML, like Gecko) Chrome/108.0.0.0 YaBrowser/23.1.2.939 (corp) Yowser/2.5 Safari/537.36"
192.168.0.26 - - [19/Jul/2023:07:14:22 +0000] "GET /assets/js/plugins/chart.js/chart.min.js HTTP/1.1" 200 194890 "https://arm.vatholm.ru/" "Mozilla/5.0 (Windows NT 10.0; WOW64) AppleWebKit/537.36 (KHTML, like Gecko) Chrome/108.0.0.0 YaBrowser/23.1.2.939 (corp) Yowser/2.5 Safari/537.36"
192.168.0.26 - - [19/Jul/2023:07:14:22 +0000] "GET /assets/css/oneui.css HTTP/1.1" 200 1170808 "https://arm.vatholm.ru/" "Mozilla/5.0 (Windows NT 10.0; WOW64) AppleWebKit/537.36 (KHTML, like Gecko) Chrome/108.0.0.0 YaBrowser/23.1.2.939 (corp) Yowser/2.5 Safari/537.36"
192.168.0.26 - - [19/Jul/2023:07:14:22 +0000] "GET /assets/fonts/fontawesome/fa-solid-900.woff2 HTTP/1.1" 200 328480 "https://arm.vatholm.ru/assets/css/oneui.css" "Mozilla/5.0 (Windows NT 10.0; WOW64) AppleWebKit/537.36 (KHTML, like Gecko) Chrome/108.0.0.0 YaBrowser/23.1.2.939 (corp) Yowser/2.5 Safari/537.36"
192.168.0.26 - - [19/Jul/2023:07:14:22 +0000] "GET /_wdt/2e6012 HTTP/1.1" 200 19313 "https://arm.vatholm.ru/" "Mozilla/5.0 (Windows NT 10.0; WOW64) AppleWebKit/537.36 (KHTML, like Gecko) Chrome/108.0.0.0 YaBrowser/23.1.2.939 (corp) Yowser/2.5 Safari/537.36"
192.168.0.26 - - [19/Jul/2023:07:14:22 +0000] "GET /assets/media/favicons/favicon.png HTTP/1.1" 200 428 "https://arm.vatholm.ru/" "Mozilla/5.0 (Windows NT 10.0; WOW64) AppleWebKit/537.36 (KHTML, like Gecko) Chrome/108.0.0.0 YaBrowser/23.1.2.939 (corp) Yowser/2.5 Safari/537.36"
10.1.88.254 - - [19/Jul/2023:07:14:22 +0000] "GET /.well-known/mercure?topic=popup-notify HTTP/1.1" 200 110 "https://arm.vatholm.ru/education/subjects/" "Mozilla/5.0 (Windows NT 10.0; Win64; x64) AppleWebKit/537.36 (KHTML, like Gecko) Chrome/112.0.0.0 YaBrowser/23.5.2.625 Yowser/2.5 Safari/537.36"
192.168.0.26 - - [19/Jul/2023:07:14:25 +0000] "POST / HTTP/1.1" 302 374 "https://arm.vatholm.ru/" "Mozilla/5.0 (Windows NT 10.0; WOW64) AppleWebKit/537.36 (KHTML, like Gecko) Chrome/108.0.0.0 YaBrowser/23.1.2.939 (corp) Yowser/2.5 Safari/537.36"
192.168.0.26 - - [19/Jul/2023:07:14:25 +0000] "GET /secure HTTP/1.1" 302 302 "https://arm.vatholm.ru/" "Mozilla/5.0 (Windows NT 10.0; WOW64) AppleWebKit/537.36 (KHTML, like Gecko) Chrome/108.0.0.0 YaBrowser/23.1.2.939 (corp) Yowser/2.5 Safari/537.36"
192.168.0.26 - - [19/Jul/2023:07:14:26 +0000] "GET /dashboard/ HTTP/1.1" 200 281342 "https://arm.vatholm.ru/" "Mozilla/5.0 (Windows NT 10.0; WOW64) AppleWebKit/537.36 (KHTML, like Gecko) Chrome/108.0.0.0 YaBrowser/23.1.2.939 (corp) Yowser/2.5 Safari/537.36"
192.168.0.26 - - [19/Jul/2023:07:14:26 +0000] "GET /assets/js/plugins/datatables-bs5/css/dataTables.bootstrap5.min.css HTTP/1.1" 200 8144 "https://arm.vatholm.ru/dashboard/" "Mozilla/5.0 (Windows NT 10.0; WOW64) AppleWebKit/537.36 (KHTML, like Gecko) Chrome/108.0.0.0 YaBrowser/23.1.2.939 (corp) Yowser/2.5 Safari/537.36"
192.168.0.26 - - [19/Jul/2023:07:14:26 +0000] "GET /assets/js/plugins/datatables-buttons-bs5/css/buttons.bootstrap5.min.css HTTP/1.1" 200 9102 "https://arm.vatholm.ru/dashboard/" "Mozilla/5.0 (Windows NT 10.0; WOW64) AppleWebKit/537.36 (KHTML, like Gecko) Chrome/108.0.0.0 YaBrowser/23.1.2.939 (corp) Yowser/2.5 Safari/537.36"
192.168.0.26 - - [19/Jul/2023:07:14:26 +0000] "GET /assets/js/plugins/datatables-responsive-bs5/css/responsive.bootstrap5.min.css HTTP/1.1" 200 4301 "https://arm.vatholm.ru/dashboard/" "Mozilla/5.0 (Windows NT 10.0; WOW64) AppleWebKit/537.36 (KHTML, like Gecko) Chrome/108.0.0.0 YaBrowser/23.1.2.939 (corp) Yowser/2.5 Safari/537.36"
192.168.0.26 - - [19/Jul/2023:07:14:26 +0000] "GET /assets/media/avatars/avatar10.jpg HTTP/1.1" 200 946 "https://arm.vatholm.ru/dashboard/" "Mozilla/5.0 (Windows NT 10.0; WOW64) AppleWebKit/537.36 (KHTML, like Gecko) Chrome/108.0.0.0 YaBrowser/23.1.2.939 (corp) Yowser/2.5 Safari/537.36"
192.168.0.26 - - [19/Jul/2023:07:14:26 +0000] "GET /assets/media/avatars/avatar13.jpg HTTP/1.1" 200 946 "https://arm.vatholm.ru/dashboard/" "Mozilla/5.0 (Windows NT 10.0; WOW64) AppleWebKit/537.36 (KHTML, like Gecko) Chrome/108.0.0.0 YaBrowser/23.1.2.939 (corp) Yowser/2.5 Safari/537.36"
192.168.0.26 - - [19/Jul/2023:07:14:26 +0000] "GET /assets/media/avatars/avatar6.jpg HTTP/1.1" 200 946 "https://arm.vatholm.ru/dashboard/" "Mozilla/5.0 (Windows NT 10.0; WOW64) AppleWebKit/537.36 (KHTML, like Gecko) Chrome/108.0.0.0 YaBrowser/23.1.2.939 (corp) Yowser/2.5 Safari/537.36"
192.168.0.26 - - [19/Jul/2023:07:14:26 +0000] "GET /assets/media/avatars/avatar8.jpg HTTP/1.1" 200 946 "https://arm.vatholm.ru/dashboard/" "Mozilla/5.0 (Windows NT 10.0; WOW64) AppleWebKit/537.36 (KHTML, like Gecko) Chrome/108.0.0.0 YaBrowser/23.1.2.939 (corp) Yowser/2.5 Safari/537.36"
192.168.0.26 - - [19/Jul/2023:07:14:26 +0000] "GET /assets/fonts/simple-line-icons/Simple-Line-Icons.woff2?v=2.4.0 HTTP/1.1" 200 30064 "https://arm.vatholm.ru/assets/css/oneui.css" "Mozilla/5.0 (Windows NT 10.0; WOW64) AppleWebKit/537.36 (KHTML, like Gecko) Chrome/108.0.0.0 YaBrowser/23.1.2.939 (corp) Yowser/2.5 Safari/537.36"
192.168.0.26 - - [19/Jul/2023:07:14:26 +0000] "GET /assets/fonts/fontawesome/fa-regular-400.woff2 HTTP/1.1" 200 388876 "https://arm.vatholm.ru/assets/css/oneui.css" "Mozilla/5.0 (Windows NT 10.0; WOW64) AppleWebKit/537.36 (KHTML, like Gecko) Chrome/108.0.0.0 YaBrowser/23.1.2.939 (corp) Yowser/2.5 Safari/537.36"
192.168.0.26 - - [19/Jul/2023:07:14:26 +0000] "GET /assets/js/plugins/flatpickr/flatpickr.min.js HTTP/1.1" 200 49670 "https://arm.vatholm.ru/dashboard/" "Mozilla/5.0 (Windows NT 10.0; WOW64) AppleWebKit/537.36 (KHTML, like Gecko) Chrome/108.0.0.0 YaBrowser/23.1.2.939 (corp) Yowser/2.5 Safari/537.36"
192.168.0.26 - - [19/Jul/2023:07:14:26 +0000] "GET /assets/js/plugins/bootstrap-datepicker/js/bootstrap-datepicker.min.js HTTP/1.1" 200 33693 "https://arm.vatholm.ru/dashboard/" "Mozilla/5.0 (Windows NT 10.0; WOW64) AppleWebKit/537.36 (KHTML, like Gecko) Chrome/108.0.0.0 YaBrowser/23.1.2.939 (corp) Yowser/2.5 Safari/537.36"
192.168.0.26 - - [19/Jul/2023:07:14:26 +0000] "GET /assets/js/plugins/bootstrap-colorpicker/js/bootstrap-colorpicker.min.js HTTP/1.1" 200 98019 "https://arm.vatholm.ru/dashboard/" "Mozilla/5.0 (Windows NT 10.0; WOW64) AppleWebKit/537.36 (KHTML, like Gecko) Chrome/108.0.0.0 YaBrowser/23.1.2.939 (corp) Yowser/2.5 Safari/537.36"
192.168.0.26 - - [19/Jul/2023:07:14:26 +0000] "GET /assets/js/plugins/bootstrap-notify/bootstrap-notify.min.js HTTP/1.1" 200 7934 "https://arm.vatholm.ru/dashboard/" "Mozilla/5.0 (Windows NT 10.0; WOW64) AppleWebKit/537.36 (KHTML, like Gecko) Chrome/108.0.0.0 YaBrowser/23.1.2.939 (corp) Yowser/2.5 Safari/537.36"
192.168.0.26 - - [19/Jul/2023:07:14:26 +0000] "GET /assets/js/plugins/bootstrap-maxlength/bootstrap-maxlength.min.js HTTP/1.1" 200 8622 "https://arm.vatholm.ru/dashboard/" "Mozilla/5.0 (Windows NT 10.0; WOW64) AppleWebKit/537.36 (KHTML, like Gecko) Chrome/108.0.0.0 YaBrowser/23.1.2.939 (corp) Yowser/2.5 Safari/537.36"
192.168.0.26 - - [19/Jul/2023:07:14:26 +0000] "GET /assets/js/plugins/datatables/jquery.dataTables.min.js HTTP/1.1" 200 84027 "https://arm.vatholm.ru/dashboard/" "Mozilla/5.0 (Windows NT 10.0; WOW64) AppleWebKit/537.36 (KHTML, like Gecko) Chrome/108.0.0.0 YaBrowser/23.1.2.939 (corp) Yowser/2.5 Safari/537.36"
192.168.0.26 - - [19/Jul/2023:07:14:26 +0000] "GET /assets/js/plugins/datatables-bs5/js/dataTables.bootstrap5.min.js HTTP/1.1" 200 4480 "https://arm.vatholm.ru/dashboard/" "Mozilla/5.0 (Windows NT 10.0; WOW64) AppleWebKit/537.36 (KHTML, like Gecko) Chrome/108.0.0.0 YaBrowser/23.1.2.939 (corp) Yowser/2.5 Safari/537.36"
192.168.0.26 - - [19/Jul/2023:07:14:26 +0000] "GET /assets/js/plugins/datatables-responsive/js/dataTables.responsive.min.js HTTP/1.1" 200 16849 "https://arm.vatholm.ru/dashboard/" "Mozilla/5.0 (Windows NT 10.0; WOW64) AppleWebKit/537.36 (KHTML, like Gecko) Chrome/108.0.0.0 YaBrowser/23.1.2.939 (corp) Yowser/2.5 Safari/537.36"
192.168.0.26 - - [19/Jul/2023:07:14:26 +0000] "GET /assets/js/plugins/datatables-responsive-bs5/js/responsive.bootstrap5.min.js HTTP/1.1" 200 3683 "https://arm.vatholm.ru/dashboard/" "Mozilla/5.0 (Windows NT 10.0; WOW64) AppleWebKit/537.36 (KHTML, like Gecko) Chrome/108.0.0.0 YaBrowser/23.1.2.939 (corp) Yowser/2.5 Safari/537.36"
192.168.0.26 - - [19/Jul/2023:07:14:26 +0000] "GET /assets/js/plugins/datatables-buttons/dataTables.buttons.min.js HTTP/1.1" 200 25183 "https://arm.vatholm.ru/dashboard/" "Mozilla/5.0 (Windows NT 10.0; WOW64) AppleWebKit/537.36 (KHTML, like Gecko) Chrome/108.0.0.0 YaBrowser/23.1.2.939 (corp) Yowser/2.5 Safari/537.36"
192.168.0.26 - - [19/Jul/2023:07:14:26 +0000] "GET /assets/js/plugins/datatables-buttons-bs5/js/buttons.bootstrap5.min.js HTTP/1.1" 200 1443 "https://arm.vatholm.ru/dashboard/" "Mozilla/5.0 (Windows NT 10.0; WOW64) AppleWebKit/537.36 (KHTML, like Gecko) Chrome/108.0.0.0 YaBrowser/23.1.2.939 (corp) Yowser/2.5 Safari/537.36"
192.168.0.26 - - [19/Jul/2023:07:14:26 +0000] "GET /assets/js/plugins/datatables-buttons-jszip/jszip.min.js HTTP/1.1" 200 95778 "https://arm.vatholm.ru/dashboard/" "Mozilla/5.0 (Windows NT 10.0; WOW64) AppleWebKit/537.36 (KHTML, like Gecko) Chrome/108.0.0.0 YaBrowser/23.1.2.939 (corp) Yowser/2.5 Safari/537.36"
192.168.0.26 - - [19/Jul/2023:07:14:26 +0000] "GET /assets/js/plugins/datatables-buttons/buttons.html5.min.js HTTP/1.1" 200 25103 "https://arm.vatholm.ru/dashboard/" "Mozilla/5.0 (Windows NT 10.0; WOW64) AppleWebKit/537.36 (KHTML, like Gecko) Chrome/108.0.0.0 YaBrowser/23.1.2.939 (corp) Yowser/2.5 Safari/537.36"
192.168.0.26 - - [19/Jul/2023:07:14:26 +0000] "GET /assets/js/plugins/datatables-buttons/buttons.print.min.js HTTP/1.1" 200 2514 "https://arm.vatholm.ru/dashboard/" "Mozilla/5.0 (Windows NT 10.0; WOW64) AppleWebKit/537.36 (KHTML, like Gecko) Chrome/108.0.0.0 YaBrowser/23.1.2.939 (corp) Yowser/2.5 Safari/537.36"
192.168.0.26 - - [19/Jul/2023:07:14:26 +0000] "GET /assets/js/pages/be_tables_datatables.min.js HTTP/1.1" 200 1767 "https://arm.vatholm.ru/dashboard/" "Mozilla/5.0 (Windows NT 10.0; WOW64) AppleWebKit/537.36 (KHTML, like Gecko) Chrome/108.0.0.0 YaBrowser/23.1.2.939 (corp) Yowser/2.5 Safari/537.36"
192.168.0.26 - - [19/Jul/2023:07:14:26 +0000] "GET /assets/js/plugins/datatables-buttons-pdfmake/pdfmake.min.js HTTP/1.1" 200 1348857 "https://arm.vatholm.ru/dashboard/" "Mozilla/5.0 (Windows NT 10.0; WOW64) AppleWebKit/537.36 (KHTML, like Gecko) Chrome/108.0.0.0 YaBrowser/23.1.2.939 (corp) Yowser/2.5 Safari/537.36"
192.168.0.26 - - [19/Jul/2023:07:14:26 +0000] "GET /assets/js/plugins/datatables-buttons-pdfmake/vfs_fonts.js HTTP/1.1" 200 812001 "https://arm.vatholm.ru/dashboard/" "Mozilla/5.0 (Windows NT 10.0; WOW64) AppleWebKit/537.36 (KHTML, like Gecko) Chrome/108.0.0.0 YaBrowser/23.1.2.939 (corp) Yowser/2.5 Safari/537.36"
192.168.0.26 - - [19/Jul/2023:07:14:26 +0000] "GET /_wdt/6d14d6 HTTP/1.1" 200 26602 "https://arm.vatholm.ru/dashboard/" "Mozilla/5.0 (Windows NT 10.0; WOW64) AppleWebKit/537.36 (KHTML, like Gecko) Chrome/108.0.0.0 YaBrowser/23.1.2.939 (corp) Yowser/2.5 Safari/537.36"
192.168.0.26 - - [19/Jul/2023:07:14:28 +0000] "GET /admission/petition/ HTTP/1.1" 200 1485651 "https://arm.vatholm.ru/dashboard/" "Mozilla/5.0 (Windows NT 10.0; WOW64) AppleWebKit/537.36 (KHTML, like Gecko) Chrome/108.0.0.0 YaBrowser/23.1.2.939 (corp) Yowser/2.5 Safari/537.36"
192.168.0.26 - - [19/Jul/2023:07:14:29 +0000] "GET /_wdt/464619 HTTP/1.1" 200 25599 "https://arm.vatholm.ru/admission/petition/" "Mozilla/5.0 (Windows NT 10.0; WOW64) AppleWebKit/537.36 (KHTML, like Gecko) Chrome/108.0.0.0 YaBrowser/23.1.2.939 (corp) Yowser/2.5 Safari/537.36"
192.168.0.26 - - [19/Jul/2023:07:14:36 +0000] "GET /admission/petition/loadFromVIS HTTP/1.1" 200 132434 "https://arm.vatholm.ru/admission/petition/" "Mozilla/5.0 (Windows NT 10.0; WOW64) AppleWebKit/537.36 (KHTML, like Gecko) Chrome/108.0.0.0 YaBrowser/23.1.2.939 (corp) Yowser/2.5 Safari/537.36"
192.168.0.26 - - [19/Jul/2023:07:14:36 +0000] "GET /.well-known/mercure?topic=popup-notify HTTP/1.1" 200 7 "https://arm.vatholm.ru/dashboard/" "Mozilla/5.0 (Windows NT 10.0; WOW64) AppleWebKit/537.36 (KHTML, like Gecko) Chrome/108.0.0.0 YaBrowser/23.1.2.939 (corp) Yowser/2.5 Safari/537.36"
192.168.0.26 - - [19/Jul/2023:07:14:36 +0000] "GET /_wdt/995a6a HTTP/1.1" 200 73431 "https://arm.vatholm.ru/admission/petition/loadFromVIS" "Mozilla/5.0 (Windows NT 10.0; WOW64) AppleWebKit/537.36 (KHTML, like Gecko) Chrome/108.0.0.0 YaBrowser/23.1.2.939 (corp) Yowser/2.5 Safari/537.36"
192.168.0.188 - - [19/Jul/2023:07:14:38 +0000] "GET /.well-known/mercure?topic=popup-notify HTTP/1.1" 200 110 "https://arm.vatholm.ru/admission/petition/3092/edit" "Mozilla/5.0 (Windows NT 10.0; Win64; x64) AppleWebKit/537.36 (KHTML, like Gecko) Chrome/108.0.0.0 YaBrowser/23.1.2.931 (corp) Yowser/2.5 Safari/537.36"
192.168.0.26 - - [19/Jul/2023:07:14:43 +0000] "POST /admission/petition/loadFromVIS HTTP/1.1" 303 338 "https://arm.vatholm.ru/admission/petition/loadFromVIS" "Mozilla/5.0 (Windows NT 10.0; WOW64) AppleWebKit/537.36 (KHTML, like Gecko) Chrome/108.0.0.0 YaBrowser/23.1.2.939 (corp) Yowser/2.5 Safari/537.36"
192.168.0.26 - - [19/Jul/2023:07:14:43 +0000] "GET /.well-known/mercure?topic=popup-notify HTTP/1.1" 200 7 "https://arm.vatholm.ru/admission/petition/" "Mozilla/5.0 (Windows NT 10.0; WOW64) AppleWebKit/537.36 (KHTML, like Gecko) Chrome/108.0.0.0 YaBrowser/23.1.2.939 (corp) Yowser/2.5 Safari/537.36"
192.168.0.26 - - [19/Jul/2023:07:14:43 +0000] "GET /admission/petition/ HTTP/1.1" 200 1485758 "https://arm.vatholm.ru/admission/petition/loadFromVIS" "Mozilla/5.0 (Windows NT 10.0; WOW64) AppleWebKit/537.36 (KHTML, like Gecko) Chrome/108.0.0.0 YaBrowser/23.1.2.939 (corp) Yowser/2.5 Safari/537.36"
192.168.0.26 - - [19/Jul/2023:07:14:44 +0000] "GET /_wdt/c9c51a HTTP/1.1" 200 26828 "https://arm.vatholm.ru/admission/petition/" "Mozilla/5.0 (Windows NT 10.0; WOW64) AppleWebKit/537.36 (KHTML, like Gecko) Chrome/108.0.0.0 YaBrowser/23.1.2.939 (corp) Yowser/2.5 Safari/537.36"
192.168.0.26 - - [19/Jul/2023:07:14:50 +0000] "GET /admission/petition/3078/edit HTTP/1.1" 200 650414 "https://arm.vatholm.ru/admission/petition/" "Mozilla/5.0 (Windows NT 10.0; WOW64) AppleWebKit/537.36 (KHTML, like Gecko) Chrome/108.0.0.0 YaBrowser/23.1.2.939 (corp) Yowser/2.5 Safari/537.36"
192.168.0.26 - - [19/Jul/2023:07:14:50 +0000] "GET /_wdt/f1bf41 HTTP/1.1" 200 143431 "https://arm.vatholm.ru/admission/petition/3078/edit" "Mozilla/5.0 (Windows NT 10.0; WOW64) AppleWebKit/537.36 (KHTML, like Gecko) Chrome/108.0.0.0 YaBrowser/23.1.2.939 (corp) Yowser/2.5 Safari/537.36"
192.168.0.26 - - [19/Jul/2023:07:15:30 +0000] "GET /.well-known/mercure?topic=popup-notify HTTP/1.1" 200 7 "https://arm.vatholm.ru/admission/petition/3078/edit" "Mozilla/5.0 (Windows NT 10.0; WOW64) AppleWebKit/537.36 (KHTML, like Gecko) Chrome/108.0.0.0 YaBrowser/23.1.2.939 (corp) Yowser/2.5 Safari/537.36"
192.168.0.26 - - [19/Jul/2023:07:15:43 +0000] "GET /.well-known/mercure?topic=popup-notify HTTP/1.1" 200 14 "https://arm.vatholm.ru/admission/petition/loadFromVIS" "Mozilla/5.0 (Windows NT 10.0; WOW64) AppleWebKit/537.36 (KHTML, like Gecko) Chrome/108.0.0.0 YaBrowser/23.1.2.939 (corp) Yowser/2.5 Safari/537.36"
192.168.0.26 - - [19/Jul/2023:07:15:47 +0000] "GET /admission/petition/3081/edit HTTP/1.1" 200 632308 "https://arm.vatholm.ru/admission/petition/" "Mozilla/5.0 (Windows NT 10.0; WOW64) AppleWebKit/537.36 (KHTML, like Gecko) Chrome/108.0.0.0 YaBrowser/23.1.2.939 (corp) Yowser/2.5 Safari/537.36"
192.168.0.26 - - [19/Jul/2023:07:15:47 +0000] "GET /_wdt/95abc2 HTTP/1.1" 200 182381 "https://arm.vatholm.ru/admission/petition/3081/edit" "Mozilla/5.0 (Windows NT 10.0; WOW64) AppleWebKit/537.36 (KHTML, like Gecko) Chrome/108.0.0.0 YaBrowser/23.1.2.939 (corp) Yowser/2.5 Safari/537.36"
192.168.0.26 - - [19/Jul/2023:07:15:53 +0000] "GET / HTTP/1.1" 302 286 "-" "Mozilla/5.0 (Windows NT 10.0; WOW64) AppleWebKit/537.36 (KHTML, like Gecko) Chrome/108.0.0.0 YaBrowser/23.1.2.939 (corp) Yowser/2.5 Safari/537.36"
